******************************************************************************
                  TI ARM Linker Unix v18.1.1                   
******************************************************************************
>> Linked Thu Dec 20 04:10:50 2018

OUTPUT FILE NAME:   <tms570_can_motor.out>
ENTRY POINT SYMBOL: "_c_int00"  address: 00009298


MEMORY CONFIGURATION

         name            origin    length      used     unused   attr    fill
----------------------  --------  ---------  --------  --------  ----  --------
  VECTORS               00000000   00000020  00000020  00000000     X
  FLASH0                00000020   001fffe0  0000a968  001f5678  R  X
  FLASH1                00200000   00200000  00000000  00200000  R  X
  STACKS                08000000   00001500  00000000  00001500  RW  
  RAM                   08001500   0007eb00  00000bc4  0007df3c  RW  


SEGMENT ALLOCATION MAP

run origin  load origin   length   init length attrs members
----------  ----------- ---------- ----------- ----- -------
00000000    00000000    0000a598   0000a598    r-x
  00000000    00000000    00000020   00000020    r-x .intvecs
  00000020    00000020    0000a578   0000a578    r-x .text
0000a5a0    0000a5a0    00000358   00000358    r--
  0000a5a0    0000a5a0    00000358   00000358    r-- .const
0000a900    0000a900    00000098   00000098    r--
  0000a900    0000a900    00000098   00000098    r-- .cinit
08001500    08001500    00000bc4   00000000    rw-
  08001500    08001500    00000800   00000000    rw- .sysmem
  08001d00    08001d00    000001f4   00000000    rw- .data
  08001ef4    08001ef4    000001d0   00000000    rw- .bss


SECTION ALLOCATION MAP

 output                                  attributes/
section   page    origin      length       input sections
--------  ----  ----------  ----------   ----------------
.intvecs   0    00000000    00000020     
                  00000000    00000020     HL_sys_intvecs.obj (.intvecs)

.text      0    00000020    0000a578     
                  00000020    00002178     HL_etpwm.obj (.text)
                  00002198    00000f9c     rtsv7R4_A_be_v3D16_eabi.lib : _printfi.c.obj (.text:__TI_printfi)
                  00003134    00000b00     HL_can.obj (.text)
                  00003c34    000009c4     HL_pinmux.obj (.text)
                  000045f8    0000095c     HL_system.obj (.text)
                  00004f54    0000093c     HL_sys_vim.obj (.text)
                  00005890    000007d0     rtsv7R4_A_be_v3D16_eabi.lib : e_pow.c.obj (.text:pow)
                  00006060    0000078c     HL_esm.obj (.text)
                  000067ec    00000484     HL_gio.obj (.text)
                  00006c70    000003c4     HL_sys_core.obj (.text)
                  00007034    0000036c     HL_sys_mpu.obj (.text)
                  000073a0    0000033c     HL_sys_vim.obj (.text:retain)
                  000076dc    000002dc     rtsv7R4_A_be_v3D16_eabi.lib : _printfi.c.obj (.text:_pconv_a)
                  000079b8    000002b8                                 : ull_div32.asm.obj (.text)
                  00007c70    00000248                                 : _printfi.c.obj (.text:_pconv_g)
                  00007eb8    000001e8     HL_sys_main.obj (.text)
                  000080a0    000001a4     rtsv7R4_A_be_v3D16_eabi.lib : fputs.c.obj (.text:fputs)
                  00008244    0000019c     HL_can.obj (.text:retain)
                  000083e0    00000180     rtsv7R4_A_be_v3D16_eabi.lib : memcpy32.asm.obj (.text)
                  00008560    00000178     HL_esm.obj (.text:retain)
                  000086d8    0000016c     rtsv7R4_A_be_v3D16_eabi.lib : memory.c.obj (.text:free)
                  00008844    0000015c                                 : _printfi.c.obj (.text:_pconv_e)
                  000089a0    00000158                                 : setvbuf.c.obj (.text:setvbuf)
                  00008af8    00000144                                 : _printfi.c.obj (.text:fcvt)
                  00008c3c    00000120                                 : s_scalbn.c.obj (.text:scalbn)
                  00008d5c    00000115                                 : _printfi.c.obj (.text:_ltostr)
                  00008e71    00000003     --HOLE-- [fill = 0]
                  00008e74    00000100                                 : fputc.c.obj (.text:fputc)
                  00008f74    000000d4     HL_notification.obj (.text)
                  00009048    000000d0     rtsv7R4_A_be_v3D16_eabi.lib : memory.c.obj (.text:malloc)
                  00009118    000000c8                                 : _printfi.c.obj (.text:_mcpy)
                  000091e0    000000b8                                 : fclose.c.obj (.text:__TI_closefile)
                  00009298    000000b4     HL_sys_startup.obj (.text:retain)
                  0000934c    000000b0     rtsv7R4_A_be_v3D16_eabi.lib : memset32.asm.obj (.text)
                  000093fc    000000ac                                 : hostlseek.c.obj (.text:HOSTlseek)
                  000094a8    000000a8                                 : fseek.c.obj (.text:fseek)
                  00009550    000000a4                                 : hostrename.c.obj (.text:HOSTrename)
                  000095f4    000000a0                                 : _io_perm.c.obj (.text:__TI_wrt_ok)
                  00009694    0000009c                                 : printf.c.obj (.text:printf)
                  00009730    00000098                                 : hostopen.c.obj (.text:HOSTopen)
                  000097c8    00000098                                 : _printfi.c.obj (.text:_ecpy)
                  00009860    00000098                                 : close.c.obj (.text:close)
                  000098f8    00000090                                 : hostread.c.obj (.text:HOSTread)
                  00009988    00000090                                 : hostwrite.c.obj (.text:HOSTwrite)
                  00009a18    00000090                                 : copy_decompress_lzss.c.obj (.text:decompress:lzss:__TI_decompress_lzss)
                  00009aa8    0000008c                                 : s_frexp.c.obj (.text:frexp)
                  00009b34    00000084                                 : fflush.c.obj (.text:__TI_doflush)
                  00009bb8    00000084                                 : atoi.c.obj (.text:atoi)
                  00009c3c    00000080                                 : ltoa.c.obj (.text:ltoa)
                  00009cbc    0000007c                                 : exit.c.obj (.text:exit)
                  00009d38    00000074                                 : hostclose.c.obj (.text:HOSTclose)
                  00009dac    00000074                                 : _printfi.c.obj (.text:_pconv_f)
                  00009e20    00000070                                 : hostunlink.c.obj (.text:HOSTunlink)
                  00009e90    0000006c                                 : getdevice.c.obj (.text:getdevice)
                  00009efc    0000006c                                 : memory.c.obj (.text:minsert)
                  00009f68    00000068                                 : autoinit.c.obj (.text:__TI_auto_init_nobinit_nopinit:__TI_auto_init_nobinit_nopinit)
                  00009fd0    00000064                                 : _printfi.c.obj (.text:_fcpy)
                  0000a034    0000005c                                 : memory.c.obj (.text:minit)
                  0000a090    00000054                                 : fopen.c.obj (.text:__TI_cleanup)
                  0000a0e4    00000054                                 : trgmsg.c.obj (.text:__TI_readmsg)
                  0000a138    00000054                                 : trgmsg.c.obj (.text:__TI_writemsg)
                  0000a18c    00000054                                 : getdevice.c.obj (.text:finddevice)
                  0000a1e0    00000054                                 : i_div32.asm.obj (.text)
                  0000a234    00000050                                 : u_div32.asm.obj (.text)
                  0000a284    00000048                                 : memory.c.obj (.text:mremove)
                  0000a2cc    00000048                                 : strncpy.c.obj (.text:strncpy)
                  0000a314    00000048                                 : unlink.c.obj (.text:unlink)
                  0000a35c    00000044                                 : lseek.c.obj (.text:lseek)
                  0000a3a0    00000044                                 : write.c.obj (.text:write)
                  0000a3e4    00000038                                 : e_sqrt.c.obj (.text:sqrt)
                  0000a41c    0000002c                                 : memccpy.c.obj (.text:memccpy)
                  0000a448    0000002c                                 : memchr.c.obj (.text:memchr)
                  0000a474    00000028                                 : strchr.c.obj (.text:strchr)
                  0000a49c    00000028                                 : strcmp.c.obj (.text:strcmp)
                  0000a4c4    00000024                                 : wcslen.c.obj (.text:wcslen)
                  0000a4e8    00000020                                 : copy_zero_init.c.obj (.text:decompress:ZI:__TI_zero_init_nomemset:__TI_zero_init_nomemset)
                  0000a508    00000020                                 : strlen.c.obj (.text:strlen)
                  0000a528    0000001c                                 : s_copysign.c.obj (.text:copysign)
                  0000a544    00000018                                 : strcpy.c.obj (.text:strcpy)
                  0000a55c    00000014                                 : copy_decompress_none.c.obj (.text:decompress:none:__TI_decompress_none)
                  0000a570    0000000c                                 : errno.c.obj (.text:__aeabi_errno_addr)
                  0000a57c    00000008                                 : exit.c.obj (.text:abort:abort)
                  0000a584    00000004                                 : _lock.c.obj (.text:_nop)
                  0000a588    00000004                                 : printf.c.obj (.text:_outc)
                  0000a58c    00000004                                 : printf.c.obj (.text:_outs)
                  0000a590    00000004     HL_sys_phantom.obj (.text:retain)
                  0000a594    00000004     rtsv7R4_A_be_v3D16_eabi.lib : div0.asm.obj (.text)

.const     0    0000a5a0    00000358     
                  0000a5a0    00000200     HL_sys_vim.obj (.const:s_vim_init)
                  0000a7a0    00000101     rtsv7R4_A_be_v3D16_eabi.lib : ctype.c.obj (.const:.string:_ctypes_)
                  0000a8a1    00000003     --HOLE-- [fill = 0]
                  0000a8a4    00000020     HL_can.obj (.const:s_canByteOrder)
                  0000a8c4    00000004     --HOLE-- [fill = 0]
                  0000a8c8    00000010     rtsv7R4_A_be_v3D16_eabi.lib : e_pow.c.obj (.const:bp)
                  0000a8d8    00000010                                 : e_pow.c.obj (.const:dp_h)
                  0000a8e8    00000010                                 : e_pow.c.obj (.const:dp_l)

.cinit     0    0000a900    00000098     
                  0000a900    00000074     (.cinit..data.load) [load image, compression = lzss]
                  0000a974    0000000c     (__TI_handler_table)
                  0000a980    00000008     (.cinit..bss.load) [load image, compression = zero_init]
                  0000a988    00000010     (__TI_cinit_table)

.sysmem    0    08001500    00000800     UNINITIALIZED
                  08001500    00000008     rtsv7R4_A_be_v3D16_eabi.lib : memory.c.obj (.sysmem)
                  08001508    000007f8     --HOLE--

.data      0    08001d00    000001f4     UNINITIALIZED
                  08001d00    000000f0     rtsv7R4_A_be_v3D16_eabi.lib : defs.c.obj (.data:_ftable)
                  08001df0    00000078                                 : write.c.obj (.data:_device)
                  08001e68    00000050                                 : write.c.obj (.data:_stream)
                  08001eb8    00000010                                 : defs.c.obj (.data)
                  08001ec8    0000000c                                 : exit.c.obj (.data:$O1$$)
                  08001ed4    0000000c                                 : memory.c.obj (.data:$O1$$)
                  08001ee0    00000008                                 : _lock.c.obj (.data:$O1$$)
                  08001ee8    00000008     HL_sys_main.obj (.data:tx_data)
                  08001ef0    00000004     rtsv7R4_A_be_v3D16_eabi.lib : errno.c.obj (.data)

.bss       0    08001ef4    000001d0     UNINITIALIZED
                  08001ef4    00000120     rtsv7R4_A_be_v3D16_eabi.lib : trgmsg.c.obj (.bss:_CIOBUF_)
                  08002014    000000a0     (.common:__TI_tmpnams)
                  080020b4    00000008     (.common:parmbuf)
                  080020bc    00000008     (.common:rx_data)

MODULE SUMMARY

       Module                       code    ro data   rw data
       ------                       ----    -------   -------
    ./source/
       HL_etpwm.obj                 8568    0         0      
       HL_sys_vim.obj               3192    512       0      
       HL_can.obj                   3228    32        0      
       HL_pinmux.obj                2500    0         0      
       HL_system.obj                2396    0         0      
       HL_esm.obj                   2308    0         0      
       HL_gio.obj                   1156    0         0      
       HL_sys_core.obj              964     0         0      
       HL_sys_mpu.obj               876     0         0      
       HL_sys_main.obj              488     0         16     
       HL_notification.obj          212     0         0      
       HL_sys_startup.obj           180     0         0      
       HL_sys_intvecs.obj           32      0         0      
       HL_sys_phantom.obj           4       0         0      
    +--+----------------------------+-------+---------+---------+
       Total:                       26104   544       16     
                                                             
    /home/sdr/ti/ccsv8/tools/compiler/ti-cgt-arm_18.1.1.LTS/lib/rtsv7R4_A_be_v3D16_eabi.lib
       _printfi.c.obj               6829    0         0      
       e_pow.c.obj                  2000    48        0      
       memory.c.obj                 844     0         12     
       ull_div32.asm.obj            696     0         0      
       trgmsg.c.obj                 168     0         288    
       fputs.c.obj                  420     0         0      
       defs.c.obj                   0       0         416    
       memcpy32.asm.obj             384     0         0      
       setvbuf.c.obj                344     0         0      
       s_scalbn.c.obj               288     0         0      
       write.c.obj                  68      0         200    
       ctype.c.obj                  0       257       0      
       fputc.c.obj                  256     0         0      
       getdevice.c.obj              192     0         0      
       fclose.c.obj                 184     0         0      
       memset32.asm.obj             176     0         0      
       hostlseek.c.obj              172     0         0      
       fseek.c.obj                  168     0         0      
       hostrename.c.obj             164     0         0      
       printf.c.obj                 164     0         0      
       _io_perm.c.obj               160     0         0      
       hostopen.c.obj               152     0         8      
       close.c.obj                  152     0         0      
       copy_decompress_lzss.c.obj   144     0         0      
       exit.c.obj                   132     0         12     
       hostread.c.obj               144     0         0      
       hostwrite.c.obj              144     0         0      
       s_frexp.c.obj                140     0         0      
       atoi.c.obj                   132     0         0      
       fflush.c.obj                 132     0         0      
       ltoa.c.obj                   128     0         0      
       hostclose.c.obj              116     0         0      
       hostunlink.c.obj             112     0         0      
       autoinit.c.obj               104     0         0      
       fopen.c.obj                  84      0         0      
       i_div32.asm.obj              84      0         0      
       u_div32.asm.obj              80      0         0      
       strncpy.c.obj                72      0         0      
       unlink.c.obj                 72      0         0      
       lseek.c.obj                  68      0         0      
       e_sqrt.c.obj                 56      0         0      
       memccpy.c.obj                44      0         0      
       memchr.c.obj                 44      0         0      
       strchr.c.obj                 40      0         0      
       strcmp.c.obj                 40      0         0      
       wcslen.c.obj                 36      0         0      
       copy_zero_init.c.obj         32      0         0      
       strlen.c.obj                 32      0         0      
       s_copysign.c.obj             28      0         0      
       strcpy.c.obj                 24      0         0      
       copy_decompress_none.c.obj   20      0         0      
       errno.c.obj                  12      0         4      
       _lock.c.obj                  4       0         8      
       div0.asm.obj                 4       0         0      
    +--+----------------------------+-------+---------+---------+
       Total:                       16285   305       948    
                                                             
       Heap:                        0       0         2048   
       Linker Generated:            0       152       0      
    +--+----------------------------+-------+---------+---------+
       Grand Total:                 42389   1001      3012   


LINKER GENERATED COPY TABLES

__TI_cinit_table @ 0000a988 records: 2, size/record: 8, table size: 16
	.data: load addr=0000a900, load size=00000074 bytes, run addr=08001d00, run size=000001f4 bytes, compression=lzss
	.bss: load addr=0000a980, load size=00000008 bytes, run addr=08001ef4, run size=000001d0 bytes, compression=zero_init


LINKER GENERATED HANDLER TABLE

__TI_handler_table @ 0000a974 records: 3, size/record: 4, table size: 12
	index: 0, handler: __TI_zero_init
	index: 1, handler: __TI_decompress_lzss
	index: 2, handler: __TI_decompress_none


GLOBAL SYMBOLS: SORTED ALPHABETICALLY BY Name 

address   name                                
-------   ----                                
0000a57c  C$$EXIT                             
0000a180  C$$IO$$                             
00009d38  HOSTclose                           
000093fc  HOSTlseek                           
00009730  HOSTopen                            
000098f8  HOSTread                            
00009550  HOSTrename                          
00009e20  HOSTunlink                          
00009988  HOSTwrite                           
UNDEFED   SHT$$INIT_ARRAY$$Base               
UNDEFED   SHT$$INIT_ARRAY$$Limit              
08001ef4  __CIOBUF_                           
00000800  __SYSMEM_SIZE                       
0000a988  __TI_CINIT_Base                     
0000a998  __TI_CINIT_Limit                    
0000a974  __TI_Handler_Table_Base             
0000a980  __TI_Handler_Table_Limit            
0000702c  __TI_PINIT_Base                     
00007030  __TI_PINIT_Limit                    
00009f68  __TI_auto_init_nobinit_nopinit      
0000a090  __TI_cleanup                        
08001ec8  __TI_cleanup_ptr                    
000091e0  __TI_closefile                      
00009a18  __TI_decompress_lzss                
0000a55c  __TI_decompress_none                
00009b34  __TI_doflush                        
08001ecc  __TI_dtors_ptr                      
08001ed0  __TI_enable_exit_profile_output     
08001eb8  __TI_ft_end                         
ffffffff  __TI_pprof_out_hndl                 
00002198  __TI_printfi                        
ffffffff  __TI_prof_data_size                 
ffffffff  __TI_prof_data_start                
0000a0e4  __TI_readmsg                        
00000000  __TI_static_base__                  
08002014  __TI_tmpnams                        
0000a138  __TI_writemsg                       
000095f4  __TI_wrt_ok                         
0000a4e8  __TI_zero_init_nomemset             
0000a570  __aeabi_errno_addr                  
0000a1e0  __aeabi_idiv                        
0000a594  __aeabi_idiv0                       
0000a1e0  __aeabi_idivmod                     
0000a594  __aeabi_ldiv0                       
0000934c  __aeabi_memclr                      
0000934c  __aeabi_memclr4                     
0000934c  __aeabi_memclr8                     
000083e0  __aeabi_memcpy                      
000083e0  __aeabi_memcpy4                     
000083e0  __aeabi_memcpy8                     
00009350  __aeabi_memset                      
00009350  __aeabi_memset4                     
00009350  __aeabi_memset8                     
08001ec4  __aeabi_stderr                      
08001ebc  __aeabi_stdin                       
08001ec0  __aeabi_stdout                      
0000a234  __aeabi_uidiv                       
0000a234  __aeabi_uidivmod                    
000079b8  __aeabi_uldivmod                    
ffffffff  __binit__                           
ffffffff  __c_args__                          
00009298  _c_int00                            
00006fe0  _cacheDisable_                      
00006f9c  _cacheEnable_                       
00006f7c  _checkMemInitOn_                    
00006e88  _coreClearAuxiliaryDataFault_       
00006e9c  _coreClearAuxiliaryInstructionFault_
00006e60  _coreClearDataFaultAddress_         
00006e38  _coreClearDataFault_                
00006e74  _coreClearInstructionFaultAddress_  
00006e4c  _coreClearInstructionFault_         
00006e10  _coreDisableEventBusExport_         
00006e00  _coreEnableEventBusExport_          
00006e20  _coreEnableIrqVicOffset_            
00006de8  _coreEnableVfp_                     
00006e80  _coreGetAuxiliaryDataFault_         
00006e94  _coreGetAuxiliaryInstructionFault_  
00006e58  _coreGetDataFaultAddress_           
00006e30  _coreGetDataFault_                  
00006e6c  _coreGetInstructionFaultAddress_    
00006e44  _coreGetInstructionFault_           
00006c70  _coreInitRegisters_                 
00006d7c  _coreInitStackPointer_              
0000a7a0  _ctypes_                            
00007004  _dCacheInvalidate_                  
08001df0  _device                             
00006ea8  _disable_IRQ_interrupt_             
00006eb0  _enable_IRQ_interrupt_              
00006eb8  _enable_interrupt_                  
00006ec0  _esmCcmErrorsClear_                 
08001d00  _ftable                             
00006dc8  _getCPSRValue_                      
00006dd0  _gotoCPUIdle_                       
00007018  _iCacheInvalidate_                  
08001ee0  _lock                               
00006f48  _memInit_                           
00007348  _mpuAreRegionsSeparate_             
0000732c  _mpuDisableBackgroundRegion_        
00007304  _mpuDisable_                        
0000731c  _mpuEnableBackgroundRegion_         
000072ec  _mpuEnable_                         
0000733c  _mpuGetNumberOfRegions_             
0000736c  _mpuGetRegionBaseAddress_           
0000738c  _mpuGetRegionPermission_            
00007380  _mpuGetRegionType_                  
0000735c  _mpuGetRegion_                      
00007034  _mpuInit_                           
00007364  _mpuSetRegionBaseAddress_           
00007398  _mpuSetRegionSizeRegister_          
00007374  _mpuSetRegionTypeAndPermission_     
00007354  _mpuSetRegion_                      
0000a584  _nop                                
08001e68  _stream                             
08001500  _sys_memory                         
UNDEFED   _system_post_cinit                  
08001ee4  _unlock                             
0000a57c  abort                               
00009bb8  atoi                                
ffffffff  binit                               
00003a6c  can1GetConfigValue                  
00008244  can1HighLevelInterrupt              
0000832c  can1LowLevelInterrupt               
0000390c  canDisableErrorNotification         
000038ec  canDisableStatusChangeNotification  
00003964  canDisableloopback                  
000038ac  canEnableErrorNotification          
000038cc  canEnableStatusChangeNotification   
0000392c  canEnableloopback                   
00008fc0  canErrorNotification                
00003654  canFillMessageObjectData            
0000337c  canGetData                          
00003888  canGetErrorLevel                    
000034d4  canGetID                            
00003864  canGetLastError                     
00003134  canInit                             
00003a50  canIoRxGetBit                       
00003994  canIoSetDirection                   
000039e4  canIoSetPort                        
00003a34  canIoTxGetBit                       
00003808  canIsMessageBoxValid                
000037ac  canIsRxMessageArrived               
00003750  canIsTxMessagePending               
00008034  canMessageNotification              
000035b4  canSendRemoteFrame                  
00008fd4  canStatusChangeNotification         
00003280  canTransmit                         
0000353c  canUpdateID                         
00009860  close                               
0000a528  copysign                            
0000a528  copysignl                           
00008fac  dmaGroupANotification               
00009034  epcCAMFullNotification              
00009038  epcFIFOFullNotification             
08001ef0  errno                               
00006270  esmActivateNormalOperation          
000063bc  esmClearStatus                      
00006420  esmClearStatusBuffer                
000063fc  esmClearStatusUpper                 
0000621c  esmDisableError                     
00006244  esmDisableErrorUpper                
000062c4  esmDisableInterrupt                 
000062ec  esmDisableInterruptUpper            
000061d8  esmEnableError                      
00006200  esmEnableErrorUpper                 
00006280  esmEnableInterrupt                  
000062a8  esmEnableInterruptUpper             
00006550  esmEnterSelfTest                    
000061bc  esmError                            
00006628  esmGetConfigValue                   
0000645c  esmGetStatus                        
00006528  esmGetStatusBuffer                  
000064e0  esmGetStatusUpper                   
00008f74  esmGroup1Notification               
00008f88  esmGroup2Notification               
00008f9c  esmGroup3Notification               
00008560  esmHighInterrupt                    
00006060  esmInit                             
000065d8  esmSelfTestStatus                   
0000643c  esmSetCounterPreloadValue           
00006308  esmSetInterruptLevel                
0000637c  esmSetInterruptLevelUpper           
00006260  esmTriggerErrorPinReset             
00000aa8  etpwm1GetConfigValue                
00000da4  etpwm2GetConfigValue                
000010b4  etpwm3GetConfigValue                
00001394  etpwm4GetConfigValue                
00001674  etpwm5GetConfigValue                
0000195c  etpwm6GetConfigValue                
00001c7c  etpwm7GetConfigValue                
000009dc  etpwmClearEventFlag                 
000007ac  etpwmClearTripCondition             
000007cc  etpwmClearTripInterruptFlag         
00000670  etpwmDisableChopping                
0000043c  etpwmDisableCmpAShadowMode          
0000049c  etpwmDisableCmpBShadowMode          
000002cc  etpwmDisableCounterLoadOnSync       
000005f0  etpwmDisableDeadband                
000009a0  etpwmDisableInterrupt               
0000087c  etpwmDisableSOCA                    
00000914  etpwmDisableSOCB                    
00000238  etpwmDisableTimebasePeriodShadowMode
0000077c  etpwmDisableTripInterrupt           
000006b4  etpwmDisableTripZoneSources         
0000063c  etpwmEnableChopping                 
00000400  etpwmEnableCmpAShadowMode           
0000045c  etpwmEnableCmpBShadowMode           
0000027c  etpwmEnableCounterLoadOnSync        
0000059c  etpwmEnableDeadBand                 
00000a1c  etpwmEnableDigitalCompareEvents     
00000934  etpwmEnableInterrupt                
00000808  etpwmEnableSOCA                     
000008a0  etpwmEnableSOCB                     
00000258  etpwmEnableTimebasePeriodShadowMode 
00000754  etpwmEnableTripInterrupt            
0000068c  etpwmEnableTripZoneSources          
000007e8  etpwmForceTripEvent                 
000009c4  etpwmGetEventStatus                 
00000020  etpwmInit                           
00009010  etpwmNotification                   
000004bc  etpwmSetActionQualPwmA              
0000052c  etpwmSetActionQualPwmB              
000001b0  etpwmSetClkDiv                      
000003c0  etpwmSetCmpA                        
000003e0  etpwmSetCmpB                        
00000218  etpwmSetCount                       
0000032c  etpwmSetCounterMode                 
0000060c  etpwmSetDeadBandDelay               
00000388  etpwmSetRunMode                     
000002f0  etpwmSetSyncOut                     
000001f8  etpwmSetTimebasePeriod              
000006e4  etpwmSetTripAction                  
0000011c  etpwmStartTBCLK                     
00000168  etpwmStopTBCLK                      
000009fc  etpwmTriggerEvent                   
00000368  etpwmTriggerSWSync                  
00009020  etpwmTripNotification               
00009cbc  exit                                
0000a18c  finddevice                          
00008e74  fputc                               
000080a0  fputs                               
000086d8  free                                
00009aa8  frexp                               
00009aa8  frexpl                              
000094a8  fseek                               
00004964  getResetSource                      
00009e90  getdevice                           
00006a4c  gioDisableNotification              
000069e4  gioEnableNotification               
0000694c  gioGetBit                           
00006ab4  gioGetConfigValue                   
00006974  gioGetPort                          
000067ec  gioInit                             
00008ffc  gioNotification                     
000068dc  gioSetBit                           
000068bc  gioSetDirection                     
0000692c  gioSetPort                          
0000698c  gioToggleBit                        
00008c3c  ldexp                               
00008c3c  ldexpl                              
0000a35c  lseek                               
00009c3c  ltoa                                
00007eb8  main                                
00009048  malloc                              
00004794  mapClocks                           
0000a41c  memccpy                             
0000a448  memchr                              
000083e0  memcpy                              
0000935c  memset                              
0000a034  minit                               
00003c34  muxInit                             
080020b4  parmbuf                             
000046e0  periphInit                          
0000a590  phantomInterrupt                    
000058b0  pow                                 
000058b0  powl                                
00009694  printf                              
00008e74  putc                                
0000a314  remove                              
00000000  resetEntry                          
080020bc  rx_data                             
00008c3c  scalbn                              
00008c3c  scalbnl                             
000046a0  setupFlash                          
000045f8  setupPLL                            
000089a0  setvbuf                             
0000a3e4  sqrt                                
0000a3e4  sqrtl                               
0000a474  strchr                              
0000a49c  strcmp                              
0000a544  strcpy                              
0000a508  strlen                              
0000a2cc  strncpy                             
00004a8c  systemGetConfigValue                
000048c0  systemInit                          
00004934  systemPowerDown                     
00004658  trimLPO                             
08001ee8  tx_data                             
0000a314  unlink                              
00005028  vimChannelMap                       
00005294  vimDisableInterrupt                 
000073a0  vimECCErrorHandler                  
000050cc  vimEnableInterrupt                  
00005340  vimGetConfigValue                   
00004f54  vimInit                             
0000a4c4  wcslen                              
0000a3a0  write                               


GLOBAL SYMBOLS: SORTED BY Symbol Address 

address   name                                
-------   ----                                
00000000  __TI_static_base__                  
00000000  resetEntry                          
00000020  etpwmInit                           
0000011c  etpwmStartTBCLK                     
00000168  etpwmStopTBCLK                      
000001b0  etpwmSetClkDiv                      
000001f8  etpwmSetTimebasePeriod              
00000218  etpwmSetCount                       
00000238  etpwmDisableTimebasePeriodShadowMode
00000258  etpwmEnableTimebasePeriodShadowMode 
0000027c  etpwmEnableCounterLoadOnSync        
000002cc  etpwmDisableCounterLoadOnSync       
000002f0  etpwmSetSyncOut                     
0000032c  etpwmSetCounterMode                 
00000368  etpwmTriggerSWSync                  
00000388  etpwmSetRunMode                     
000003c0  etpwmSetCmpA                        
000003e0  etpwmSetCmpB                        
00000400  etpwmEnableCmpAShadowMode           
0000043c  etpwmDisableCmpAShadowMode          
0000045c  etpwmEnableCmpBShadowMode           
0000049c  etpwmDisableCmpBShadowMode          
000004bc  etpwmSetActionQualPwmA              
0000052c  etpwmSetActionQualPwmB              
0000059c  etpwmEnableDeadBand                 
000005f0  etpwmDisableDeadband                
0000060c  etpwmSetDeadBandDelay               
0000063c  etpwmEnableChopping                 
00000670  etpwmDisableChopping                
0000068c  etpwmEnableTripZoneSources          
000006b4  etpwmDisableTripZoneSources         
000006e4  etpwmSetTripAction                  
00000754  etpwmEnableTripInterrupt            
0000077c  etpwmDisableTripInterrupt           
000007ac  etpwmClearTripCondition             
000007cc  etpwmClearTripInterruptFlag         
000007e8  etpwmForceTripEvent                 
00000800  __SYSMEM_SIZE                       
00000808  etpwmEnableSOCA                     
0000087c  etpwmDisableSOCA                    
000008a0  etpwmEnableSOCB                     
00000914  etpwmDisableSOCB                    
00000934  etpwmEnableInterrupt                
000009a0  etpwmDisableInterrupt               
000009c4  etpwmGetEventStatus                 
000009dc  etpwmClearEventFlag                 
000009fc  etpwmTriggerEvent                   
00000a1c  etpwmEnableDigitalCompareEvents     
00000aa8  etpwm1GetConfigValue                
00000da4  etpwm2GetConfigValue                
000010b4  etpwm3GetConfigValue                
00001394  etpwm4GetConfigValue                
00001674  etpwm5GetConfigValue                
0000195c  etpwm6GetConfigValue                
00001c7c  etpwm7GetConfigValue                
00002198  __TI_printfi                        
00003134  canInit                             
00003280  canTransmit                         
0000337c  canGetData                          
000034d4  canGetID                            
0000353c  canUpdateID                         
000035b4  canSendRemoteFrame                  
00003654  canFillMessageObjectData            
00003750  canIsTxMessagePending               
000037ac  canIsRxMessageArrived               
00003808  canIsMessageBoxValid                
00003864  canGetLastError                     
00003888  canGetErrorLevel                    
000038ac  canEnableErrorNotification          
000038cc  canEnableStatusChangeNotification   
000038ec  canDisableStatusChangeNotification  
0000390c  canDisableErrorNotification         
0000392c  canEnableloopback                   
00003964  canDisableloopback                  
00003994  canIoSetDirection                   
000039e4  canIoSetPort                        
00003a34  canIoTxGetBit                       
00003a50  canIoRxGetBit                       
00003a6c  can1GetConfigValue                  
00003c34  muxInit                             
000045f8  setupPLL                            
00004658  trimLPO                             
000046a0  setupFlash                          
000046e0  periphInit                          
00004794  mapClocks                           
000048c0  systemInit                          
00004934  systemPowerDown                     
00004964  getResetSource                      
00004a8c  systemGetConfigValue                
00004f54  vimInit                             
00005028  vimChannelMap                       
000050cc  vimEnableInterrupt                  
00005294  vimDisableInterrupt                 
00005340  vimGetConfigValue                   
000058b0  pow                                 
000058b0  powl                                
00006060  esmInit                             
000061bc  esmError                            
000061d8  esmEnableError                      
00006200  esmEnableErrorUpper                 
0000621c  esmDisableError                     
00006244  esmDisableErrorUpper                
00006260  esmTriggerErrorPinReset             
00006270  esmActivateNormalOperation          
00006280  esmEnableInterrupt                  
000062a8  esmEnableInterruptUpper             
000062c4  esmDisableInterrupt                 
000062ec  esmDisableInterruptUpper            
00006308  esmSetInterruptLevel                
0000637c  esmSetInterruptLevelUpper           
000063bc  esmClearStatus                      
000063fc  esmClearStatusUpper                 
00006420  esmClearStatusBuffer                
0000643c  esmSetCounterPreloadValue           
0000645c  esmGetStatus                        
000064e0  esmGetStatusUpper                   
00006528  esmGetStatusBuffer                  
00006550  esmEnterSelfTest                    
000065d8  esmSelfTestStatus                   
00006628  esmGetConfigValue                   
000067ec  gioInit                             
000068bc  gioSetDirection                     
000068dc  gioSetBit                           
0000692c  gioSetPort                          
0000694c  gioGetBit                           
00006974  gioGetPort                          
0000698c  gioToggleBit                        
000069e4  gioEnableNotification               
00006a4c  gioDisableNotification              
00006ab4  gioGetConfigValue                   
00006c70  _coreInitRegisters_                 
00006d7c  _coreInitStackPointer_              
00006dc8  _getCPSRValue_                      
00006dd0  _gotoCPUIdle_                       
00006de8  _coreEnableVfp_                     
00006e00  _coreEnableEventBusExport_          
00006e10  _coreDisableEventBusExport_         
00006e20  _coreEnableIrqVicOffset_            
00006e30  _coreGetDataFault_                  
00006e38  _coreClearDataFault_                
00006e44  _coreGetInstructionFault_           
00006e4c  _coreClearInstructionFault_         
00006e58  _coreGetDataFaultAddress_           
00006e60  _coreClearDataFaultAddress_         
00006e6c  _coreGetInstructionFaultAddress_    
00006e74  _coreClearInstructionFaultAddress_  
00006e80  _coreGetAuxiliaryDataFault_         
00006e88  _coreClearAuxiliaryDataFault_       
00006e94  _coreGetAuxiliaryInstructionFault_  
00006e9c  _coreClearAuxiliaryInstructionFault_
00006ea8  _disable_IRQ_interrupt_             
00006eb0  _enable_IRQ_interrupt_              
00006eb8  _enable_interrupt_                  
00006ec0  _esmCcmErrorsClear_                 
00006f48  _memInit_                           
00006f7c  _checkMemInitOn_                    
00006f9c  _cacheEnable_                       
00006fe0  _cacheDisable_                      
00007004  _dCacheInvalidate_                  
00007018  _iCacheInvalidate_                  
0000702c  __TI_PINIT_Base                     
00007030  __TI_PINIT_Limit                    
00007034  _mpuInit_                           
000072ec  _mpuEnable_                         
00007304  _mpuDisable_                        
0000731c  _mpuEnableBackgroundRegion_         
0000732c  _mpuDisableBackgroundRegion_        
0000733c  _mpuGetNumberOfRegions_             
00007348  _mpuAreRegionsSeparate_             
00007354  _mpuSetRegion_                      
0000735c  _mpuGetRegion_                      
00007364  _mpuSetRegionBaseAddress_           
0000736c  _mpuGetRegionBaseAddress_           
00007374  _mpuSetRegionTypeAndPermission_     
00007380  _mpuGetRegionType_                  
0000738c  _mpuGetRegionPermission_            
00007398  _mpuSetRegionSizeRegister_          
000073a0  vimECCErrorHandler                  
000079b8  __aeabi_uldivmod                    
00007eb8  main                                
00008034  canMessageNotification              
000080a0  fputs                               
00008244  can1HighLevelInterrupt              
0000832c  can1LowLevelInterrupt               
000083e0  __aeabi_memcpy                      
000083e0  __aeabi_memcpy4                     
000083e0  __aeabi_memcpy8                     
000083e0  memcpy                              
00008560  esmHighInterrupt                    
000086d8  free                                
000089a0  setvbuf                             
00008c3c  ldexp                               
00008c3c  ldexpl                              
00008c3c  scalbn                              
00008c3c  scalbnl                             
00008e74  fputc                               
00008e74  putc                                
00008f74  esmGroup1Notification               
00008f88  esmGroup2Notification               
00008f9c  esmGroup3Notification               
00008fac  dmaGroupANotification               
00008fc0  canErrorNotification                
00008fd4  canStatusChangeNotification         
00008ffc  gioNotification                     
00009010  etpwmNotification                   
00009020  etpwmTripNotification               
00009034  epcCAMFullNotification              
00009038  epcFIFOFullNotification             
00009048  malloc                              
000091e0  __TI_closefile                      
00009298  _c_int00                            
0000934c  __aeabi_memclr                      
0000934c  __aeabi_memclr4                     
0000934c  __aeabi_memclr8                     
00009350  __aeabi_memset                      
00009350  __aeabi_memset4                     
00009350  __aeabi_memset8                     
0000935c  memset                              
000093fc  HOSTlseek                           
000094a8  fseek                               
00009550  HOSTrename                          
000095f4  __TI_wrt_ok                         
00009694  printf                              
00009730  HOSTopen                            
00009860  close                               
000098f8  HOSTread                            
00009988  HOSTwrite                           
00009a18  __TI_decompress_lzss                
00009aa8  frexp                               
00009aa8  frexpl                              
00009b34  __TI_doflush                        
00009bb8  atoi                                
00009c3c  ltoa                                
00009cbc  exit                                
00009d38  HOSTclose                           
00009e20  HOSTunlink                          
00009e90  getdevice                           
00009f68  __TI_auto_init_nobinit_nopinit      
0000a034  minit                               
0000a090  __TI_cleanup                        
0000a0e4  __TI_readmsg                        
0000a138  __TI_writemsg                       
0000a180  C$$IO$$                             
0000a18c  finddevice                          
0000a1e0  __aeabi_idiv                        
0000a1e0  __aeabi_idivmod                     
0000a234  __aeabi_uidiv                       
0000a234  __aeabi_uidivmod                    
0000a2cc  strncpy                             
0000a314  remove                              
0000a314  unlink                              
0000a35c  lseek                               
0000a3a0  write                               
0000a3e4  sqrt                                
0000a3e4  sqrtl                               
0000a41c  memccpy                             
0000a448  memchr                              
0000a474  strchr                              
0000a49c  strcmp                              
0000a4c4  wcslen                              
0000a4e8  __TI_zero_init_nomemset             
0000a508  strlen                              
0000a528  copysign                            
0000a528  copysignl                           
0000a544  strcpy                              
0000a55c  __TI_decompress_none                
0000a570  __aeabi_errno_addr                  
0000a57c  C$$EXIT                             
0000a57c  abort                               
0000a584  _nop                                
0000a590  phantomInterrupt                    
0000a594  __aeabi_idiv0                       
0000a594  __aeabi_ldiv0                       
0000a7a0  _ctypes_                            
0000a974  __TI_Handler_Table_Base             
0000a980  __TI_Handler_Table_Limit            
0000a988  __TI_CINIT_Base                     
0000a998  __TI_CINIT_Limit                    
08001500  _sys_memory                         
08001d00  _ftable                             
08001df0  _device                             
08001e68  _stream                             
08001eb8  __TI_ft_end                         
08001ebc  __aeabi_stdin                       
08001ec0  __aeabi_stdout                      
08001ec4  __aeabi_stderr                      
08001ec8  __TI_cleanup_ptr                    
08001ecc  __TI_dtors_ptr                      
08001ed0  __TI_enable_exit_profile_output     
08001ee0  _lock                               
08001ee4  _unlock                             
08001ee8  tx_data                             
08001ef0  errno                               
08001ef4  __CIOBUF_                           
08002014  __TI_tmpnams                        
080020b4  parmbuf                             
080020bc  rx_data                             
ffffffff  __TI_pprof_out_hndl                 
ffffffff  __TI_prof_data_size                 
ffffffff  __TI_prof_data_start                
ffffffff  __binit__                           
ffffffff  __c_args__                          
ffffffff  binit                               
UNDEFED   SHT$$INIT_ARRAY$$Base               
UNDEFED   SHT$$INIT_ARRAY$$Limit              
UNDEFED   _system_post_cinit                  

[306 symbols]
