<?xml version="1.0" encoding="ISO-8859-1" ?>
<link_info>
   <banner>TI ARM Linker Unix v18.1.1.LTS</banner>
   <copyright>Copyright (c) 1996-2017 Texas Instruments Incorporated</copyright>
   <link_time>0x5c1be09d</link_time>
   <link_errors>0x0</link_errors>
   <output_file>tms570_freertos.out</output_file>
   <entry_point>
      <name>_c_int00</name>
      <address>0x10ee4</address>
   </entry_point>
   <input_file_list>
      <input_file id="fl-2">
         <path>./source/</path>
         <kind>object</kind>
         <file>HL_can.obj</file>
         <name>HL_can.obj</name>
      </input_file>
      <input_file id="fl-3">
         <path>./source/</path>
         <kind>object</kind>
         <file>HL_epc.obj</file>
         <name>HL_epc.obj</name>
      </input_file>
      <input_file id="fl-4">
         <path>./source/</path>
         <kind>object</kind>
         <file>HL_errata.obj</file>
         <name>HL_errata.obj</name>
      </input_file>
      <input_file id="fl-5">
         <path>./source/</path>
         <kind>object</kind>
         <file>HL_esm.obj</file>
         <name>HL_esm.obj</name>
      </input_file>
      <input_file id="fl-6">
         <path>./source/</path>
         <kind>object</kind>
         <file>HL_etpwm.obj</file>
         <name>HL_etpwm.obj</name>
      </input_file>
      <input_file id="fl-7">
         <path>./source/</path>
         <kind>object</kind>
         <file>HL_gio.obj</file>
         <name>HL_gio.obj</name>
      </input_file>
      <input_file id="fl-8">
         <path>./source/</path>
         <kind>object</kind>
         <file>HL_nmpu.obj</file>
         <name>HL_nmpu.obj</name>
      </input_file>
      <input_file id="fl-9">
         <path>./source/</path>
         <kind>object</kind>
         <file>HL_notification.obj</file>
         <name>HL_notification.obj</name>
      </input_file>
      <input_file id="fl-a">
         <path>./source/</path>
         <kind>object</kind>
         <file>HL_pinmux.obj</file>
         <name>HL_pinmux.obj</name>
      </input_file>
      <input_file id="fl-b">
         <path>./source/</path>
         <kind>object</kind>
         <file>HL_sci.obj</file>
         <name>HL_sci.obj</name>
      </input_file>
      <input_file id="fl-c">
         <path>./source/</path>
         <kind>object</kind>
         <file>HL_sys_core.obj</file>
         <name>HL_sys_core.obj</name>
      </input_file>
      <input_file id="fl-d">
         <path>./source/</path>
         <kind>object</kind>
         <file>HL_sys_dma.obj</file>
         <name>HL_sys_dma.obj</name>
      </input_file>
      <input_file id="fl-e">
         <path>./source/</path>
         <kind>object</kind>
         <file>HL_sys_intvecs.obj</file>
         <name>HL_sys_intvecs.obj</name>
      </input_file>
      <input_file id="fl-f">
         <path>./source/</path>
         <kind>object</kind>
         <file>HL_sys_main.obj</file>
         <name>HL_sys_main.obj</name>
      </input_file>
      <input_file id="fl-10">
         <path>./source/</path>
         <kind>object</kind>
         <file>HL_sys_mpu.obj</file>
         <name>HL_sys_mpu.obj</name>
      </input_file>
      <input_file id="fl-11">
         <path>./source/</path>
         <kind>object</kind>
         <file>HL_sys_pcr.obj</file>
         <name>HL_sys_pcr.obj</name>
      </input_file>
      <input_file id="fl-12">
         <path>./source/</path>
         <kind>object</kind>
         <file>HL_sys_phantom.obj</file>
         <name>HL_sys_phantom.obj</name>
      </input_file>
      <input_file id="fl-13">
         <path>./source/</path>
         <kind>object</kind>
         <file>HL_sys_pmm.obj</file>
         <name>HL_sys_pmm.obj</name>
      </input_file>
      <input_file id="fl-14">
         <path>./source/</path>
         <kind>object</kind>
         <file>HL_sys_pmu.obj</file>
         <name>HL_sys_pmu.obj</name>
      </input_file>
      <input_file id="fl-15">
         <path>./source/</path>
         <kind>object</kind>
         <file>HL_sys_startup.obj</file>
         <name>HL_sys_startup.obj</name>
      </input_file>
      <input_file id="fl-16">
         <path>./source/</path>
         <kind>object</kind>
         <file>HL_sys_vim.obj</file>
         <name>HL_sys_vim.obj</name>
      </input_file>
      <input_file id="fl-17">
         <path>./source/</path>
         <kind>object</kind>
         <file>HL_system.obj</file>
         <name>HL_system.obj</name>
      </input_file>
      <input_file id="fl-18">
         <path>./source/</path>
         <kind>object</kind>
         <file>os_croutine.obj</file>
         <name>os_croutine.obj</name>
      </input_file>
      <input_file id="fl-19">
         <path>./source/</path>
         <kind>object</kind>
         <file>os_event_groups.obj</file>
         <name>os_event_groups.obj</name>
      </input_file>
      <input_file id="fl-1a">
         <path>./source/</path>
         <kind>object</kind>
         <file>os_heap.obj</file>
         <name>os_heap.obj</name>
      </input_file>
      <input_file id="fl-1b">
         <path>./source/</path>
         <kind>object</kind>
         <file>os_list.obj</file>
         <name>os_list.obj</name>
      </input_file>
      <input_file id="fl-1c">
         <path>./source/</path>
         <kind>object</kind>
         <file>os_mpu_wrappers.obj</file>
         <name>os_mpu_wrappers.obj</name>
      </input_file>
      <input_file id="fl-1d">
         <path>./source/</path>
         <kind>object</kind>
         <file>os_port.obj</file>
         <name>os_port.obj</name>
      </input_file>
      <input_file id="fl-1e">
         <path>./source/</path>
         <kind>object</kind>
         <file>os_portasm.obj</file>
         <name>os_portasm.obj</name>
      </input_file>
      <input_file id="fl-1f">
         <path>./source/</path>
         <kind>object</kind>
         <file>os_queue.obj</file>
         <name>os_queue.obj</name>
      </input_file>
      <input_file id="fl-20">
         <path>./source/</path>
         <kind>object</kind>
         <file>os_tasks.obj</file>
         <name>os_tasks.obj</name>
      </input_file>
      <input_file id="fl-21">
         <path>./source/</path>
         <kind>object</kind>
         <file>os_timer.obj</file>
         <name>os_timer.obj</name>
      </input_file>
      <input_file id="fl-25">
         <kind>object</kind>
         <file>&lt;internal&gt;</file>
         <name>&lt;internal&gt;</name>
      </input_file>
      <input_file id="fl-db">
         <path>/home/sdr/ti/ccsv8/tools/compiler/ti-cgt-arm_18.1.1.LTS/lib/</path>
         <kind>archive</kind>
         <file>rtsv7R4_A_be_v3D16_eabi.lib</file>
         <name>e_pow.c.obj</name>
      </input_file>
      <input_file id="fl-dc">
         <path>/home/sdr/ti/ccsv8/tools/compiler/ti-cgt-arm_18.1.1.LTS/lib/</path>
         <kind>archive</kind>
         <file>rtsv7R4_A_be_v3D16_eabi.lib</file>
         <name>e_sqrt.c.obj</name>
      </input_file>
      <input_file id="fl-dd">
         <path>/home/sdr/ti/ccsv8/tools/compiler/ti-cgt-arm_18.1.1.LTS/lib/</path>
         <kind>archive</kind>
         <file>rtsv7R4_A_be_v3D16_eabi.lib</file>
         <name>s_floor.c.obj</name>
      </input_file>
      <input_file id="fl-de">
         <path>/home/sdr/ti/ccsv8/tools/compiler/ti-cgt-arm_18.1.1.LTS/lib/</path>
         <kind>archive</kind>
         <file>rtsv7R4_A_be_v3D16_eabi.lib</file>
         <name>s_scalbn.c.obj</name>
      </input_file>
      <input_file id="fl-df">
         <path>/home/sdr/ti/ccsv8/tools/compiler/ti-cgt-arm_18.1.1.LTS/lib/</path>
         <kind>archive</kind>
         <file>rtsv7R4_A_be_v3D16_eabi.lib</file>
         <name>memcpy32.asm.obj</name>
      </input_file>
      <input_file id="fl-e0">
         <path>/home/sdr/ti/ccsv8/tools/compiler/ti-cgt-arm_18.1.1.LTS/lib/</path>
         <kind>archive</kind>
         <file>rtsv7R4_A_be_v3D16_eabi.lib</file>
         <name>memset32.asm.obj</name>
      </input_file>
      <input_file id="fl-e1">
         <path>/home/sdr/ti/ccsv8/tools/compiler/ti-cgt-arm_18.1.1.LTS/lib/</path>
         <kind>archive</kind>
         <file>rtsv7R4_A_be_v3D16_eabi.lib</file>
         <name>autoinit.c.obj</name>
      </input_file>
      <input_file id="fl-e2">
         <path>/home/sdr/ti/ccsv8/tools/compiler/ti-cgt-arm_18.1.1.LTS/lib/</path>
         <kind>archive</kind>
         <file>rtsv7R4_A_be_v3D16_eabi.lib</file>
         <name>cpy_tbl.c.obj</name>
      </input_file>
      <input_file id="fl-e3">
         <path>/home/sdr/ti/ccsv8/tools/compiler/ti-cgt-arm_18.1.1.LTS/lib/</path>
         <kind>archive</kind>
         <file>rtsv7R4_A_be_v3D16_eabi.lib</file>
         <name>copy_zero_init.c.obj</name>
      </input_file>
      <input_file id="fl-e4">
         <path>/home/sdr/ti/ccsv8/tools/compiler/ti-cgt-arm_18.1.1.LTS/lib/</path>
         <kind>archive</kind>
         <file>rtsv7R4_A_be_v3D16_eabi.lib</file>
         <name>copy_decompress_none.c.obj</name>
      </input_file>
      <input_file id="fl-e5">
         <path>/home/sdr/ti/ccsv8/tools/compiler/ti-cgt-arm_18.1.1.LTS/lib/</path>
         <kind>archive</kind>
         <file>rtsv7R4_A_be_v3D16_eabi.lib</file>
         <name>copy_decompress_lzss.c.obj</name>
      </input_file>
      <input_file id="fl-e6">
         <path>/home/sdr/ti/ccsv8/tools/compiler/ti-cgt-arm_18.1.1.LTS/lib/</path>
         <kind>archive</kind>
         <file>rtsv7R4_A_be_v3D16_eabi.lib</file>
         <name>exit.c.obj</name>
      </input_file>
      <input_file id="fl-e7">
         <path>/home/sdr/ti/ccsv8/tools/compiler/ti-cgt-arm_18.1.1.LTS/lib/</path>
         <kind>archive</kind>
         <file>rtsv7R4_A_be_v3D16_eabi.lib</file>
         <name>_lock.c.obj</name>
      </input_file>
      <input_file id="fl-e8">
         <path>/home/sdr/ti/ccsv8/tools/compiler/ti-cgt-arm_18.1.1.LTS/lib/</path>
         <kind>archive</kind>
         <file>rtsv7R4_A_be_v3D16_eabi.lib</file>
         <name>strlen.c.obj</name>
      </input_file>
      <input_file id="fl-e9">
         <path>/home/sdr/ti/ccsv8/tools/compiler/ti-cgt-arm_18.1.1.LTS/lib/</path>
         <kind>archive</kind>
         <file>rtsv7R4_A_be_v3D16_eabi.lib</file>
         <name>errno.c.obj</name>
      </input_file>
      <input_file id="fl-ea">
         <path>/home/sdr/ti/ccsv8/tools/compiler/ti-cgt-arm_18.1.1.LTS/lib/</path>
         <kind>archive</kind>
         <file>rtsv7R4_A_be_v3D16_eabi.lib</file>
         <name>s_copysign.c.obj</name>
      </input_file>
   </input_file_list>
   <object_component_list>
      <object_component id="oc-30">
         <name>.intvecs</name>
         <load_address>0x0</load_address>
         <run_address>0x0</run_address>
         <size>0x20</size>
         <input_file_ref idref="fl-e"/>
      </object_component>
      <object_component id="oc-132">
         <name>.kernelTEXT</name>
         <load_address>0x20</load_address>
         <run_address>0x20</run_address>
         <size>0x2bdc</size>
         <input_file_ref idref="fl-20"/>
      </object_component>
      <object_component id="oc-202">
         <name>.kernelTEXT</name>
         <load_address>0x2bfc</load_address>
         <run_address>0x2bfc</run_address>
         <size>0x11dc</size>
         <input_file_ref idref="fl-1f"/>
      </object_component>
      <object_component id="oc-208">
         <name>.kernelTEXT</name>
         <load_address>0x3dd8</load_address>
         <run_address>0x3dd8</run_address>
         <size>0x81c</size>
         <input_file_ref idref="fl-19"/>
      </object_component>
      <object_component id="oc-95">
         <name>.kernelTEXT</name>
         <load_address>0x45f4</load_address>
         <run_address>0x45f4</run_address>
         <size>0x4b0</size>
         <input_file_ref idref="fl-1e"/>
      </object_component>
      <object_component id="oc-235">
         <name>.kernelTEXT</name>
         <load_address>0x4aa4</load_address>
         <run_address>0x4aa4</run_address>
         <size>0x3dc</size>
         <input_file_ref idref="fl-1d"/>
      </object_component>
      <object_component id="oc-229">
         <name>.kernelTEXT</name>
         <load_address>0x4e80</load_address>
         <run_address>0x4e80</run_address>
         <size>0x380</size>
         <input_file_ref idref="fl-1a"/>
      </object_component>
      <object_component id="oc-38b">
         <name>__TI_handler_table</name>
         <load_address>0x5200</load_address>
         <run_address>0x5200</run_address>
         <size>0xc</size>
      </object_component>
      <object_component id="oc-390">
         <name>.cinit..data.load</name>
         <load_address>0x520c</load_address>
         <run_address>0x520c</run_address>
         <size>0xb</size>
      </object_component>
      <object_component id="oc-38d">
         <name>.cinit..kernelBSS.load</name>
         <load_address>0x5217</load_address>
         <run_address>0x5217</run_address>
         <size>0x9</size>
      </object_component>
      <object_component id="oc-38f">
         <name>.cinit..bss.load</name>
         <load_address>0x5220</load_address>
         <run_address>0x5220</run_address>
         <size>0x8</size>
      </object_component>
      <object_component id="oc-38e">
         <name>.cinit..kernelHEAP.load</name>
         <load_address>0x5228</load_address>
         <run_address>0x5228</run_address>
         <size>0x8</size>
      </object_component>
      <object_component id="oc-38c">
         <name>__TI_cinit_table</name>
         <load_address>0x5230</load_address>
         <run_address>0x5230</run_address>
         <size>0x20</size>
      </object_component>
      <object_component id="oc-126">
         <name>.text</name>
         <load_address>0x8020</load_address>
         <run_address>0x8020</run_address>
         <size>0x2260</size>
         <input_file_ref idref="fl-6"/>
      </object_component>
      <object_component id="oc-120">
         <name>.text</name>
         <load_address>0xa280</load_address>
         <run_address>0xa280</run_address>
         <size>0xb04</size>
         <input_file_ref idref="fl-2"/>
      </object_component>
      <object_component id="oc-cf">
         <name>.text</name>
         <load_address>0xad84</load_address>
         <run_address>0xad84</run_address>
         <size>0x9c8</size>
         <input_file_ref idref="fl-a"/>
      </object_component>
      <object_component id="oc-12c">
         <name>.text</name>
         <load_address>0xb74c</load_address>
         <run_address>0xb74c</run_address>
         <size>0x9a0</size>
         <input_file_ref idref="fl-1c"/>
      </object_component>
      <object_component id="oc-75">
         <name>.text</name>
         <load_address>0xc0ec</load_address>
         <run_address>0xc0ec</run_address>
         <size>0x95c</size>
         <input_file_ref idref="fl-17"/>
      </object_component>
      <object_component id="oc-3c">
         <name>.text</name>
         <load_address>0xca48</load_address>
         <run_address>0xca48</run_address>
         <size>0x940</size>
         <input_file_ref idref="fl-16"/>
      </object_component>
      <object_component id="oc-114">
         <name>.text</name>
         <load_address>0xd388</load_address>
         <run_address>0xd388</run_address>
         <size>0x870</size>
         <input_file_ref idref="fl-b"/>
      </object_component>
      <object_component id="oc-138">
         <name>.text:pow</name>
         <load_address>0xdbf8</load_address>
         <run_address>0xdbf8</run_address>
         <size>0x7d0</size>
         <input_file_ref idref="fl-db"/>
      </object_component>
      <object_component id="oc-7b">
         <name>.text</name>
         <load_address>0xe3c8</load_address>
         <run_address>0xe3c8</run_address>
         <size>0x78c</size>
         <input_file_ref idref="fl-5"/>
      </object_component>
      <object_component id="oc-87">
         <name>.text</name>
         <load_address>0xeb54</load_address>
         <run_address>0xeb54</run_address>
         <size>0x578</size>
         <input_file_ref idref="fl-f"/>
      </object_component>
      <object_component id="oc-11a">
         <name>.text</name>
         <load_address>0xf0cc</load_address>
         <run_address>0xf0cc</run_address>
         <size>0x484</size>
         <input_file_ref idref="fl-7"/>
      </object_component>
      <object_component id="oc-6a">
         <name>.text</name>
         <load_address>0xf550</load_address>
         <run_address>0xf550</run_address>
         <size>0x3c4</size>
         <input_file_ref idref="fl-c"/>
      </object_component>
      <object_component id="oc-81">
         <name>.text</name>
         <load_address>0xf914</load_address>
         <run_address>0xf914</run_address>
         <size>0x36c</size>
         <input_file_ref idref="fl-10"/>
      </object_component>
      <object_component id="oc-3b">
         <name>.text:retain</name>
         <load_address>0xfc80</load_address>
         <run_address>0xfc80</run_address>
         <size>0x33c</size>
         <input_file_ref idref="fl-16"/>
      </object_component>
      <object_component id="oc-2cc">
         <name>.text</name>
         <load_address>0xffbc</load_address>
         <run_address>0xffbc</run_address>
         <size>0x278</size>
         <input_file_ref idref="fl-1a"/>
      </object_component>
      <object_component id="oc-22f">
         <name>.text</name>
         <load_address>0x10234</load_address>
         <run_address>0x10234</run_address>
         <size>0x238</size>
         <input_file_ref idref="fl-1b"/>
      </object_component>
      <object_component id="oc-21">
         <name>.text:retain</name>
         <load_address>0x1046c</load_address>
         <run_address>0x1046c</run_address>
         <size>0x19c</size>
         <input_file_ref idref="fl-2"/>
      </object_component>
      <object_component id="oc-52">
         <name>.text</name>
         <load_address>0x10608</load_address>
         <run_address>0x10608</run_address>
         <size>0x180</size>
         <input_file_ref idref="fl-df"/>
      </object_component>
      <object_component id="oc-2a">
         <name>.text:retain</name>
         <load_address>0x10788</load_address>
         <run_address>0x10788</run_address>
         <size>0x178</size>
         <input_file_ref idref="fl-5"/>
      </object_component>
      <object_component id="oc-1fc">
         <name>.text</name>
         <load_address>0x10900</load_address>
         <run_address>0x10900</run_address>
         <size>0x164</size>
         <input_file_ref idref="fl-20"/>
      </object_component>
      <object_component id="oc-1df">
         <name>.text:floor</name>
         <load_address>0x10a64</load_address>
         <run_address>0x10a64</run_address>
         <size>0x13c</size>
         <input_file_ref idref="fl-dd"/>
      </object_component>
      <object_component id="oc-2dc">
         <name>.text</name>
         <load_address>0x10ba0</load_address>
         <run_address>0x10ba0</run_address>
         <size>0x13c</size>
         <input_file_ref idref="fl-1d"/>
      </object_component>
      <object_component id="oc-252">
         <name>.text:scalbn</name>
         <load_address>0x10cdc</load_address>
         <run_address>0x10cdc</run_address>
         <size>0x120</size>
         <input_file_ref idref="fl-de"/>
      </object_component>
      <object_component id="oc-6f">
         <name>.text</name>
         <load_address>0x10dfc</load_address>
         <run_address>0x10dfc</run_address>
         <size>0xe8</size>
         <input_file_ref idref="fl-9"/>
      </object_component>
      <object_component id="oc-1b">
         <name>.text:retain</name>
         <load_address>0x10ee4</load_address>
         <run_address>0x10ee4</run_address>
         <size>0xb4</size>
         <input_file_ref idref="fl-15"/>
      </object_component>
      <object_component id="oc-c1">
         <name>.text</name>
         <load_address>0x10f98</load_address>
         <run_address>0x10f98</run_address>
         <size>0xb0</size>
         <input_file_ref idref="fl-e0"/>
      </object_component>
      <object_component id="oc-e">
         <name>.text:decompress:lzss:__TI_decompress_lzss</name>
         <load_address>0x11048</load_address>
         <run_address>0x11048</run_address>
         <size>0x90</size>
         <input_file_ref idref="fl-e5"/>
      </object_component>
      <object_component id="oc-e4">
         <name>.text:__TI_auto_init_nobinit_nopinit:__TI_auto_init_nobinit_nopinit</name>
         <load_address>0x110d8</load_address>
         <run_address>0x110d8</run_address>
         <size>0x68</size>
         <input_file_ref idref="fl-e1"/>
      </object_component>
      <object_component id="oc-246">
         <name>.text:sqrt</name>
         <load_address>0x11140</load_address>
         <run_address>0x11140</run_address>
         <size>0x38</size>
         <input_file_ref idref="fl-dc"/>
      </object_component>
      <object_component id="oc-23e">
         <name>.text:strlen</name>
         <load_address>0x11178</load_address>
         <run_address>0x11178</run_address>
         <size>0x20</size>
         <input_file_ref idref="fl-e8"/>
      </object_component>
      <object_component id="oc-2f6">
         <name>.text:copysign</name>
         <load_address>0x11198</load_address>
         <run_address>0x11198</run_address>
         <size>0x1c</size>
         <input_file_ref idref="fl-ea"/>
      </object_component>
      <object_component id="oc-14">
         <name>.text:decompress:none:__TI_decompress_none</name>
         <load_address>0x111b4</load_address>
         <run_address>0x111b4</run_address>
         <size>0x14</size>
         <input_file_ref idref="fl-e4"/>
      </object_component>
      <object_component id="oc-64">
         <name>.text:decompress:ZI:__TI_zero_init</name>
         <load_address>0x111c8</load_address>
         <run_address>0x111c8</run_address>
         <size>0x10</size>
         <input_file_ref idref="fl-e3"/>
      </object_component>
      <object_component id="oc-24c">
         <name>.text:__aeabi_errno_addr</name>
         <load_address>0x111d8</load_address>
         <run_address>0x111d8</run_address>
         <size>0xc</size>
         <input_file_ref idref="fl-e9"/>
      </object_component>
      <object_component id="oc-154">
         <name>.text:abort:abort</name>
         <load_address>0x111e4</load_address>
         <run_address>0x111e4</run_address>
         <size>0x8</size>
         <input_file_ref idref="fl-e6"/>
      </object_component>
      <object_component id="oc-35">
         <name>.text:retain</name>
         <load_address>0x111ec</load_address>
         <run_address>0x111ec</run_address>
         <size>0x4</size>
         <input_file_ref idref="fl-12"/>
      </object_component>
      <object_component id="oc-27">
         <name>.const:s_vim_init</name>
         <load_address>0x11200</load_address>
         <run_address>0x11200</run_address>
         <size>0x200</size>
         <input_file_ref idref="fl-16"/>
      </object_component>
      <object_component id="oc-1ec">
         <name>.const:s_canByteOrder</name>
         <load_address>0x11400</load_address>
         <run_address>0x11400</run_address>
         <size>0x20</size>
         <input_file_ref idref="fl-2"/>
      </object_component>
      <object_component id="oc-258">
         <name>.const:bp</name>
         <load_address>0x11420</load_address>
         <run_address>0x11420</run_address>
         <size>0x10</size>
         <input_file_ref idref="fl-db"/>
      </object_component>
      <object_component id="oc-25b">
         <name>.const:dp_h</name>
         <load_address>0x11430</load_address>
         <run_address>0x11430</run_address>
         <size>0x10</size>
         <input_file_ref idref="fl-db"/>
      </object_component>
      <object_component id="oc-25e">
         <name>.const:dp_l</name>
         <load_address>0x11440</load_address>
         <run_address>0x11440</run_address>
         <size>0x10</size>
         <input_file_ref idref="fl-db"/>
      </object_component>
      <object_component id="oc-160">
         <name>.kernelBSS:init</name>
         <load_address>0x80008d0</load_address>
         <run_address>0x80008d0</run_address>
         <size>0x34</size>
         <input_file_ref idref="fl-20"/>
      </object_component>
      <object_component id="oc-23b">
         <name>.kernelBSS:uninit</name>
         <load_address>0x8000800</load_address>
         <run_address>0x8000800</run_address>
         <size>0xd0</size>
         <input_file_ref idref="fl-20"/>
      </object_component>
      <object_component id="oc-33e">
         <name>.kernelHEAP</name>
         <uninitialized>true</uninitialized>
         <run_address>0x8001000</run_address>
         <size>0x2000</size>
         <input_file_ref idref="fl-1a"/>
      </object_component>
      <object_component id="oc-1e5">
         <name>.bss:g_sciTransfer_t</name>
         <uninitialized>true</uninitialized>
         <run_address>0x8003000</run_address>
         <size>0x50</size>
         <input_file_ref idref="fl-b"/>
      </object_component>
      <object_component id="oc-2d5">
         <name>.bss:xStart</name>
         <uninitialized>true</uninitialized>
         <run_address>0x8003050</run_address>
         <size>0x8</size>
         <input_file_ref idref="fl-1a"/>
      </object_component>
      <object_component id="oc-141">
         <name>.common:task0</name>
         <uninitialized>true</uninitialized>
         <run_address>0x800306c</run_address>
         <size>0x4</size>
      </object_component>
      <object_component id="oc-144">
         <name>.common:task1</name>
         <uninitialized>true</uninitialized>
         <run_address>0x8003070</run_address>
         <size>0x4</size>
      </object_component>
      <object_component id="oc-145">
         <name>.common:rx_data</name>
         <uninitialized>true</uninitialized>
         <run_address>0x8003058</run_address>
         <size>0x8</size>
      </object_component>
      <object_component id="oc-147">
         <name>.common:accel</name>
         <uninitialized>true</uninitialized>
         <run_address>0x8003060</run_address>
         <size>0x4</size>
      </object_component>
      <object_component id="oc-148">
         <name>.common:steering</name>
         <uninitialized>true</uninitialized>
         <run_address>0x8003068</run_address>
         <size>0x4</size>
      </object_component>
      <object_component id="oc-146">
         <name>.common:collision</name>
         <uninitialized>true</uninitialized>
         <run_address>0x8003064</run_address>
         <size>0x4</size>
      </object_component>
      <object_component id="oc-13e">
         <name>.data</name>
         <load_address>0x800308c</load_address>
         <run_address>0x800308c</run_address>
         <size>0x4</size>
         <input_file_ref idref="fl-f"/>
      </object_component>
      <object_component id="oc-2d2">
         <name>.data</name>
         <load_address>0x8003074</load_address>
         <run_address>0x8003074</run_address>
         <size>0x10</size>
         <input_file_ref idref="fl-1a"/>
      </object_component>
      <object_component id="oc-163">
         <name>.data</name>
         <load_address>0x8003084</load_address>
         <run_address>0x8003084</run_address>
         <size>0x8</size>
         <input_file_ref idref="fl-1d"/>
      </object_component>
      <object_component id="oc-2f1">
         <name>.data</name>
         <load_address>0x8003090</load_address>
         <run_address>0x8003090</run_address>
         <size>0x4</size>
         <input_file_ref idref="fl-e9"/>
      </object_component>
      <object_component id="oc-196">
         <name>.debug_info</name>
         <load_address>0x0</load_address>
         <run_address>0x0</run_address>
         <size>0x3fa</size>
         <input_file_ref idref="fl-2"/>
      </object_component>
      <object_component id="oc-1ed">
         <name>.debug_info</name>
         <load_address>0x3fa</load_address>
         <run_address>0x3fa</run_address>
         <size>0xe3</size>
         <input_file_ref idref="fl-2"/>
      </object_component>
      <object_component id="oc-121">
         <name>.debug_info</name>
         <load_address>0x4dd</load_address>
         <run_address>0x4dd</run_address>
         <size>0x142c</size>
         <input_file_ref idref="fl-2"/>
      </object_component>
      <object_component id="oc-22">
         <name>.debug_info</name>
         <load_address>0x1909</load_address>
         <run_address>0x1909</run_address>
         <size>0x26a</size>
         <input_file_ref idref="fl-2"/>
      </object_component>
      <object_component id="oc-169">
         <name>.debug_info</name>
         <load_address>0x1b73</load_address>
         <run_address>0x1b73</run_address>
         <size>0x26b</size>
         <input_file_ref idref="fl-2"/>
      </object_component>
      <object_component id="oc-90">
         <name>.debug_info</name>
         <load_address>0x1dde</load_address>
         <run_address>0x1dde</run_address>
         <size>0x157</size>
         <input_file_ref idref="fl-2"/>
      </object_component>
      <object_component id="oc-14a">
         <name>.debug_info</name>
         <load_address>0x1f35</load_address>
         <run_address>0x1f35</run_address>
         <size>0x8b</size>
         <input_file_ref idref="fl-2"/>
      </object_component>
      <object_component id="oc-a1">
         <name>.debug_info</name>
         <load_address>0x1fc0</load_address>
         <run_address>0x1fc0</run_address>
         <size>0x18c</size>
         <input_file_ref idref="fl-2"/>
      </object_component>
      <object_component id="oc-276">
         <name>.debug_info</name>
         <load_address>0x214c</load_address>
         <run_address>0x214c</run_address>
         <size>0x297</size>
         <input_file_ref idref="fl-2"/>
      </object_component>
      <object_component id="oc-14f">
         <name>.debug_info</name>
         <load_address>0x23e3</load_address>
         <run_address>0x23e3</run_address>
         <size>0xbb</size>
         <input_file_ref idref="fl-2"/>
      </object_component>
      <object_component id="oc-a6">
         <name>.debug_info</name>
         <load_address>0x249e</load_address>
         <run_address>0x249e</run_address>
         <size>0x86</size>
         <input_file_ref idref="fl-2"/>
      </object_component>
      <object_component id="oc-1ad">
         <name>.debug_info</name>
         <load_address>0x2524</load_address>
         <run_address>0x2524</run_address>
         <size>0x49b</size>
         <input_file_ref idref="fl-2"/>
      </object_component>
      <object_component id="oc-1f0">
         <name>.debug_info</name>
         <load_address>0x29bf</load_address>
         <run_address>0x29bf</run_address>
         <size>0x15f</size>
         <input_file_ref idref="fl-2"/>
      </object_component>
      <object_component id="oc-18c">
         <name>.debug_info</name>
         <load_address>0x2b1e</load_address>
         <run_address>0x2b1e</run_address>
         <size>0x36d</size>
         <input_file_ref idref="fl-2"/>
      </object_component>
      <object_component id="oc-289">
         <name>.debug_info</name>
         <load_address>0x2e8b</load_address>
         <run_address>0x2e8b</run_address>
         <size>0x37f</size>
         <input_file_ref idref="fl-3"/>
      </object_component>
      <object_component id="oc-d6">
         <name>.debug_info</name>
         <load_address>0x320a</load_address>
         <run_address>0x320a</run_address>
         <size>0x429</size>
         <input_file_ref idref="fl-3"/>
      </object_component>
      <object_component id="oc-16e">
         <name>.debug_info</name>
         <load_address>0x3633</load_address>
         <run_address>0x3633</run_address>
         <size>0x102</size>
         <input_file_ref idref="fl-3"/>
      </object_component>
      <object_component id="oc-1b2">
         <name>.debug_info</name>
         <load_address>0x3735</load_address>
         <run_address>0x3735</run_address>
         <size>0x142</size>
         <input_file_ref idref="fl-3"/>
      </object_component>
      <object_component id="oc-173">
         <name>.debug_info</name>
         <load_address>0x3877</load_address>
         <run_address>0x3877</run_address>
         <size>0x285</size>
         <input_file_ref idref="fl-3"/>
      </object_component>
      <object_component id="oc-178">
         <name>.debug_info</name>
         <load_address>0x3afc</load_address>
         <run_address>0x3afc</run_address>
         <size>0x44a</size>
         <input_file_ref idref="fl-3"/>
      </object_component>
      <object_component id="oc-17d">
         <name>.debug_info</name>
         <load_address>0x3f46</load_address>
         <run_address>0x3f46</run_address>
         <size>0x1f9</size>
         <input_file_ref idref="fl-3"/>
      </object_component>
      <object_component id="oc-182">
         <name>.debug_info</name>
         <load_address>0x413f</load_address>
         <run_address>0x413f</run_address>
         <size>0x152</size>
         <input_file_ref idref="fl-3"/>
      </object_component>
      <object_component id="oc-187">
         <name>.debug_info</name>
         <load_address>0x4291</load_address>
         <run_address>0x4291</run_address>
         <size>0x70a</size>
         <input_file_ref idref="fl-3"/>
      </object_component>
      <object_component id="oc-e2">
         <name>.debug_info</name>
         <load_address>0x499b</load_address>
         <run_address>0x499b</run_address>
         <size>0x34b</size>
         <input_file_ref idref="fl-5"/>
      </object_component>
      <object_component id="oc-7c">
         <name>.debug_info</name>
         <load_address>0x4ce6</load_address>
         <run_address>0x4ce6</run_address>
         <size>0x10c0</size>
         <input_file_ref idref="fl-5"/>
      </object_component>
      <object_component id="oc-2b">
         <name>.debug_info</name>
         <load_address>0x5da6</load_address>
         <run_address>0x5da6</run_address>
         <size>0x1a8</size>
         <input_file_ref idref="fl-5"/>
      </object_component>
      <object_component id="oc-dd">
         <name>.debug_info</name>
         <load_address>0x5f4e</load_address>
         <run_address>0x5f4e</run_address>
         <size>0x168</size>
         <input_file_ref idref="fl-5"/>
      </object_component>
      <object_component id="oc-1f6">
         <name>.debug_info</name>
         <load_address>0x60b6</load_address>
         <run_address>0x60b6</run_address>
         <size>0x307</size>
         <input_file_ref idref="fl-6"/>
      </object_component>
      <object_component id="oc-127">
         <name>.debug_info</name>
         <load_address>0x63bd</load_address>
         <run_address>0x63bd</run_address>
         <size>0x2858</size>
         <input_file_ref idref="fl-6"/>
      </object_component>
      <object_component id="oc-1f7">
         <name>.debug_info</name>
         <load_address>0x8c15</load_address>
         <run_address>0x8c15</run_address>
         <size>0xc6d</size>
         <input_file_ref idref="fl-6"/>
      </object_component>
      <object_component id="oc-1b7">
         <name>.debug_info</name>
         <load_address>0x9882</load_address>
         <run_address>0x9882</run_address>
         <size>0x396</size>
         <input_file_ref idref="fl-6"/>
      </object_component>
      <object_component id="oc-1c9">
         <name>.debug_info</name>
         <load_address>0x9c18</load_address>
         <run_address>0x9c18</run_address>
         <size>0x199</size>
         <input_file_ref idref="fl-6"/>
      </object_component>
      <object_component id="oc-1eb">
         <name>.debug_info</name>
         <load_address>0x9db1</load_address>
         <run_address>0x9db1</run_address>
         <size>0x2b0</size>
         <input_file_ref idref="fl-7"/>
      </object_component>
      <object_component id="oc-11b">
         <name>.debug_info</name>
         <load_address>0xa061</load_address>
         <run_address>0xa061</run_address>
         <size>0x71a</size>
         <input_file_ref idref="fl-7"/>
      </object_component>
      <object_component id="oc-2b2">
         <name>.debug_info</name>
         <load_address>0xa77b</load_address>
         <run_address>0xa77b</run_address>
         <size>0x12a</size>
         <input_file_ref idref="fl-7"/>
      </object_component>
      <object_component id="oc-c9">
         <name>.debug_info</name>
         <load_address>0xa8a5</load_address>
         <run_address>0xa8a5</run_address>
         <size>0x3e0</size>
         <input_file_ref idref="fl-9"/>
      </object_component>
      <object_component id="oc-70">
         <name>.debug_info</name>
         <load_address>0xac85</load_address>
         <run_address>0xac85</run_address>
         <size>0xaef</size>
         <input_file_ref idref="fl-9"/>
      </object_component>
      <object_component id="oc-1a8">
         <name>.debug_info</name>
         <load_address>0xb774</load_address>
         <run_address>0xb774</run_address>
         <size>0xadd</size>
         <input_file_ref idref="fl-9"/>
      </object_component>
      <object_component id="oc-ca">
         <name>.debug_info</name>
         <load_address>0xc251</load_address>
         <run_address>0xc251</run_address>
         <size>0x6eb</size>
         <input_file_ref idref="fl-9"/>
      </object_component>
      <object_component id="oc-1bc">
         <name>.debug_info</name>
         <load_address>0xc93c</load_address>
         <run_address>0xc93c</run_address>
         <size>0x243</size>
         <input_file_ref idref="fl-9"/>
      </object_component>
      <object_component id="oc-2ab">
         <name>.debug_info</name>
         <load_address>0xcb7f</load_address>
         <run_address>0xcb7f</run_address>
         <size>0x18e</size>
         <input_file_ref idref="fl-9"/>
      </object_component>
      <object_component id="oc-d0">
         <name>.debug_info</name>
         <load_address>0xcd0d</load_address>
         <run_address>0xcd0d</run_address>
         <size>0x11c</size>
         <input_file_ref idref="fl-a"/>
      </object_component>
      <object_component id="oc-1e9">
         <name>.debug_info</name>
         <load_address>0xce29</load_address>
         <run_address>0xce29</run_address>
         <size>0x2fd</size>
         <input_file_ref idref="fl-b"/>
      </object_component>
      <object_component id="oc-1e6">
         <name>.debug_info</name>
         <load_address>0xd126</load_address>
         <run_address>0xd126</run_address>
         <size>0xe5</size>
         <input_file_ref idref="fl-b"/>
      </object_component>
      <object_component id="oc-115">
         <name>.debug_info</name>
         <load_address>0xd20b</load_address>
         <run_address>0xd20b</run_address>
         <size>0xc9d</size>
         <input_file_ref idref="fl-b"/>
      </object_component>
      <object_component id="oc-2a6">
         <name>.debug_info</name>
         <load_address>0xdea8</load_address>
         <run_address>0xdea8</run_address>
         <size>0x91</size>
         <input_file_ref idref="fl-b"/>
      </object_component>
      <object_component id="oc-6b">
         <name>.debug_info</name>
         <load_address>0xdf39</load_address>
         <run_address>0xdf39</run_address>
         <size>0x812</size>
         <input_file_ref idref="fl-c"/>
      </object_component>
      <object_component id="oc-31">
         <name>.debug_info</name>
         <load_address>0xe74b</load_address>
         <run_address>0xe74b</run_address>
         <size>0x108</size>
         <input_file_ref idref="fl-e"/>
      </object_component>
      <object_component id="oc-142">
         <name>.debug_info</name>
         <load_address>0xe853</load_address>
         <run_address>0xe853</run_address>
         <size>0x879</size>
         <input_file_ref idref="fl-f"/>
      </object_component>
      <object_component id="oc-13f">
         <name>.debug_info</name>
         <load_address>0xf0cc</load_address>
         <run_address>0xf0cc</run_address>
         <size>0xd7</size>
         <input_file_ref idref="fl-f"/>
      </object_component>
      <object_component id="oc-88">
         <name>.debug_info</name>
         <load_address>0xf1a3</load_address>
         <run_address>0xf1a3</run_address>
         <size>0x81c</size>
         <input_file_ref idref="fl-f"/>
      </object_component>
      <object_component id="oc-21a">
         <name>.debug_info</name>
         <load_address>0xf9bf</load_address>
         <run_address>0xf9bf</run_address>
         <size>0x30c</size>
         <input_file_ref idref="fl-f"/>
      </object_component>
      <object_component id="oc-271">
         <name>.debug_info</name>
         <load_address>0xfccb</load_address>
         <run_address>0xfccb</run_address>
         <size>0x379</size>
         <input_file_ref idref="fl-f"/>
      </object_component>
      <object_component id="oc-20f">
         <name>.debug_info</name>
         <load_address>0x10044</load_address>
         <run_address>0x10044</run_address>
         <size>0xe1</size>
         <input_file_ref idref="fl-f"/>
      </object_component>
      <object_component id="oc-21f">
         <name>.debug_info</name>
         <load_address>0x10125</load_address>
         <run_address>0x10125</run_address>
         <size>0x46</size>
         <input_file_ref idref="fl-f"/>
      </object_component>
      <object_component id="oc-214">
         <name>.debug_info</name>
         <load_address>0x1016b</load_address>
         <run_address>0x1016b</run_address>
         <size>0x2c</size>
         <input_file_ref idref="fl-f"/>
      </object_component>
      <object_component id="oc-26c">
         <name>.debug_info</name>
         <load_address>0x10197</load_address>
         <run_address>0x10197</run_address>
         <size>0x14c</size>
         <input_file_ref idref="fl-f"/>
      </object_component>
      <object_component id="oc-82">
         <name>.debug_info</name>
         <load_address>0x102e3</load_address>
         <run_address>0x102e3</run_address>
         <size>0x43f</size>
         <input_file_ref idref="fl-10"/>
      </object_component>
      <object_component id="oc-28c">
         <name>.debug_info</name>
         <load_address>0x10722</load_address>
         <run_address>0x10722</run_address>
         <size>0x2f3</size>
         <input_file_ref idref="fl-11"/>
      </object_component>
      <object_component id="oc-1c4">
         <name>.debug_info</name>
         <load_address>0x10a15</load_address>
         <run_address>0x10a15</run_address>
         <size>0x457</size>
         <input_file_ref idref="fl-11"/>
      </object_component>
      <object_component id="oc-36">
         <name>.debug_info</name>
         <load_address>0x10e6c</load_address>
         <run_address>0x10e6c</run_address>
         <size>0x13d</size>
         <input_file_ref idref="fl-12"/>
      </object_component>
      <object_component id="oc-1c">
         <name>.debug_info</name>
         <load_address>0x10fa9</load_address>
         <run_address>0x10fa9</run_address>
         <size>0x27c</size>
         <input_file_ref idref="fl-15"/>
      </object_component>
      <object_component id="oc-9c">
         <name>.debug_info</name>
         <load_address>0x11225</load_address>
         <run_address>0x11225</run_address>
         <size>0x510</size>
         <input_file_ref idref="fl-16"/>
      </object_component>
      <object_component id="oc-28">
         <name>.debug_info</name>
         <load_address>0x11735</load_address>
         <run_address>0x11735</run_address>
         <size>0xdf</size>
         <input_file_ref idref="fl-16"/>
      </object_component>
      <object_component id="oc-3d">
         <name>.debug_info</name>
         <load_address>0x11814</load_address>
         <run_address>0x11814</run_address>
         <size>0x48f</size>
         <input_file_ref idref="fl-16"/>
      </object_component>
      <object_component id="oc-42">
         <name>.debug_info</name>
         <load_address>0x11ca3</load_address>
         <run_address>0x11ca3</run_address>
         <size>0x1fa</size>
         <input_file_ref idref="fl-16"/>
      </object_component>
      <object_component id="oc-191">
         <name>.debug_info</name>
         <load_address>0x11e9d</load_address>
         <run_address>0x11e9d</run_address>
         <size>0x4f</size>
         <input_file_ref idref="fl-16"/>
      </object_component>
      <object_component id="oc-db">
         <name>.debug_info</name>
         <load_address>0x11eec</load_address>
         <run_address>0x11eec</run_address>
         <size>0x3e1</size>
         <input_file_ref idref="fl-17"/>
      </object_component>
      <object_component id="oc-76">
         <name>.debug_info</name>
         <load_address>0x122cd</load_address>
         <run_address>0x122cd</run_address>
         <size>0x58f</size>
         <input_file_ref idref="fl-17"/>
      </object_component>
      <object_component id="oc-4d">
         <name>.debug_info</name>
         <load_address>0x1285c</load_address>
         <run_address>0x1285c</run_address>
         <size>0x84</size>
         <input_file_ref idref="fl-18"/>
      </object_component>
      <object_component id="oc-2c4">
         <name>.debug_info</name>
         <load_address>0x128e0</load_address>
         <run_address>0x128e0</run_address>
         <size>0x674</size>
         <input_file_ref idref="fl-19"/>
      </object_component>
      <object_component id="oc-209">
         <name>.debug_info</name>
         <load_address>0x12f54</load_address>
         <run_address>0x12f54</run_address>
         <size>0x1472</size>
         <input_file_ref idref="fl-19"/>
      </object_component>
      <object_component id="oc-2be">
         <name>.debug_info</name>
         <load_address>0x143c6</load_address>
         <run_address>0x143c6</run_address>
         <size>0x110</size>
         <input_file_ref idref="fl-19"/>
      </object_component>
      <object_component id="oc-224">
         <name>.debug_info</name>
         <load_address>0x144d6</load_address>
         <run_address>0x144d6</run_address>
         <size>0x39</size>
         <input_file_ref idref="fl-19"/>
      </object_component>
      <object_component id="oc-2c7">
         <name>.debug_info</name>
         <load_address>0x1450f</load_address>
         <run_address>0x1450f</run_address>
         <size>0x46</size>
         <input_file_ref idref="fl-19"/>
      </object_component>
      <object_component id="oc-339">
         <name>.debug_info</name>
         <load_address>0x14555</load_address>
         <run_address>0x14555</run_address>
         <size>0x62</size>
         <input_file_ref idref="fl-19"/>
      </object_component>
      <object_component id="oc-2d9">
         <name>.debug_info</name>
         <load_address>0x145b7</load_address>
         <run_address>0x145b7</run_address>
         <size>0x41c</size>
         <input_file_ref idref="fl-1a"/>
      </object_component>
      <object_component id="oc-33f">
         <name>.debug_info</name>
         <load_address>0x149d3</load_address>
         <run_address>0x149d3</run_address>
         <size>0xd4</size>
         <input_file_ref idref="fl-1a"/>
      </object_component>
      <object_component id="oc-2d6">
         <name>.debug_info</name>
         <load_address>0x14aa7</load_address>
         <run_address>0x14aa7</run_address>
         <size>0xd4</size>
         <input_file_ref idref="fl-1a"/>
      </object_component>
      <object_component id="oc-2d3">
         <name>.debug_info</name>
         <load_address>0x14b7b</load_address>
         <run_address>0x14b7b</run_address>
         <size>0x188</size>
         <input_file_ref idref="fl-1a"/>
      </object_component>
      <object_component id="oc-22a">
         <name>.debug_info</name>
         <load_address>0x14d03</load_address>
         <run_address>0x14d03</run_address>
         <size>0x531</size>
         <input_file_ref idref="fl-1a"/>
      </object_component>
      <object_component id="oc-2cd">
         <name>.debug_info</name>
         <load_address>0x15234</load_address>
         <run_address>0x15234</run_address>
         <size>0x2ab</size>
         <input_file_ref idref="fl-1a"/>
      </object_component>
      <object_component id="oc-346">
         <name>.debug_info</name>
         <load_address>0x154df</load_address>
         <run_address>0x154df</run_address>
         <size>0x62</size>
         <input_file_ref idref="fl-1a"/>
      </object_component>
      <object_component id="oc-2db">
         <name>.debug_info</name>
         <load_address>0x15541</load_address>
         <run_address>0x15541</run_address>
         <size>0x357</size>
         <input_file_ref idref="fl-1b"/>
      </object_component>
      <object_component id="oc-230">
         <name>.debug_info</name>
         <load_address>0x15898</load_address>
         <run_address>0x15898</run_address>
         <size>0x4b2</size>
         <input_file_ref idref="fl-1b"/>
      </object_component>
      <object_component id="oc-219">
         <name>.debug_info</name>
         <load_address>0x15d4a</load_address>
         <run_address>0x15d4a</run_address>
         <size>0xe23</size>
         <input_file_ref idref="fl-1c"/>
      </object_component>
      <object_component id="oc-12d">
         <name>.debug_info</name>
         <load_address>0x16b6d</load_address>
         <run_address>0x16b6d</run_address>
         <size>0x3b0c</size>
         <input_file_ref idref="fl-1c"/>
      </object_component>
      <object_component id="oc-2e3">
         <name>.debug_info</name>
         <load_address>0x1a679</load_address>
         <run_address>0x1a679</run_address>
         <size>0x3ee</size>
         <input_file_ref idref="fl-1d"/>
      </object_component>
      <object_component id="oc-164">
         <name>.debug_info</name>
         <load_address>0x1aa67</load_address>
         <run_address>0x1aa67</run_address>
         <size>0x122</size>
         <input_file_ref idref="fl-1d"/>
      </object_component>
      <object_component id="oc-236">
         <name>.debug_info</name>
         <load_address>0x1ab89</load_address>
         <run_address>0x1ab89</run_address>
         <size>0x59d</size>
         <input_file_ref idref="fl-1d"/>
      </object_component>
      <object_component id="oc-2dd">
         <name>.debug_info</name>
         <load_address>0x1b126</load_address>
         <run_address>0x1b126</run_address>
         <size>0x259</size>
         <input_file_ref idref="fl-1d"/>
      </object_component>
      <object_component id="oc-96">
         <name>.debug_info</name>
         <load_address>0x1b37f</load_address>
         <run_address>0x1b37f</run_address>
         <size>0x4db</size>
         <input_file_ref idref="fl-1e"/>
      </object_component>
      <object_component id="oc-2bd">
         <name>.debug_info</name>
         <load_address>0x1b85a</load_address>
         <run_address>0x1b85a</run_address>
         <size>0x6ce</size>
         <input_file_ref idref="fl-1f"/>
      </object_component>
      <object_component id="oc-203">
         <name>.debug_info</name>
         <load_address>0x1bf28</load_address>
         <run_address>0x1bf28</run_address>
         <size>0x23f8</size>
         <input_file_ref idref="fl-1f"/>
      </object_component>
      <object_component id="oc-332">
         <name>.debug_info</name>
         <load_address>0x1e320</load_address>
         <run_address>0x1e320</run_address>
         <size>0x155</size>
         <input_file_ref idref="fl-1f"/>
      </object_component>
      <object_component id="oc-245">
         <name>.debug_info</name>
         <load_address>0x1e475</load_address>
         <run_address>0x1e475</run_address>
         <size>0x845</size>
         <input_file_ref idref="fl-20"/>
      </object_component>
      <object_component id="oc-161">
         <name>.debug_info</name>
         <load_address>0x1ecba</load_address>
         <run_address>0x1ecba</run_address>
         <size>0x345</size>
         <input_file_ref idref="fl-20"/>
      </object_component>
      <object_component id="oc-23c">
         <name>.debug_info</name>
         <load_address>0x1efff</load_address>
         <run_address>0x1efff</run_address>
         <size>0x271</size>
         <input_file_ref idref="fl-20"/>
      </object_component>
      <object_component id="oc-133">
         <name>.debug_info</name>
         <load_address>0x1f270</load_address>
         <run_address>0x1f270</run_address>
         <size>0x4b85</size>
         <input_file_ref idref="fl-20"/>
      </object_component>
      <object_component id="oc-1fd">
         <name>.debug_info</name>
         <load_address>0x23df5</load_address>
         <run_address>0x23df5</run_address>
         <size>0x3f3</size>
         <input_file_ref idref="fl-20"/>
      </object_component>
      <object_component id="oc-2ea">
         <name>.debug_info</name>
         <load_address>0x241e8</load_address>
         <run_address>0x241e8</run_address>
         <size>0x146</size>
         <input_file_ref idref="fl-20"/>
      </object_component>
      <object_component id="oc-267">
         <name>.debug_info</name>
         <load_address>0x2432e</load_address>
         <run_address>0x2432e</run_address>
         <size>0x2f5</size>
         <input_file_ref idref="fl-db"/>
      </object_component>
      <object_component id="oc-259">
         <name>.debug_info</name>
         <load_address>0x24623</load_address>
         <run_address>0x24623</run_address>
         <size>0xcf</size>
         <input_file_ref idref="fl-db"/>
      </object_component>
      <object_component id="oc-25c">
         <name>.debug_info</name>
         <load_address>0x246f2</load_address>
         <run_address>0x246f2</run_address>
         <size>0xd3</size>
         <input_file_ref idref="fl-db"/>
      </object_component>
      <object_component id="oc-25f">
         <name>.debug_info</name>
         <load_address>0x247c5</load_address>
         <run_address>0x247c5</run_address>
         <size>0xd3</size>
         <input_file_ref idref="fl-db"/>
      </object_component>
      <object_component id="oc-13a">
         <name>.debug_info</name>
         <load_address>0x24898</load_address>
         <run_address>0x24898</run_address>
         <size>0x2dc</size>
         <input_file_ref idref="fl-db"/>
      </object_component>
      <object_component id="oc-309">
         <name>.debug_info</name>
         <load_address>0x24b74</load_address>
         <run_address>0x24b74</run_address>
         <size>0x46</size>
         <input_file_ref idref="fl-db"/>
      </object_component>
      <object_component id="oc-262">
         <name>.debug_info</name>
         <load_address>0x24bba</load_address>
         <run_address>0x24bba</run_address>
         <size>0x39</size>
         <input_file_ref idref="fl-db"/>
      </object_component>
      <object_component id="oc-2f0">
         <name>.debug_info</name>
         <load_address>0x24bf3</load_address>
         <run_address>0x24bf3</run_address>
         <size>0x2a1</size>
         <input_file_ref idref="fl-dc"/>
      </object_component>
      <object_component id="oc-249">
         <name>.debug_info</name>
         <load_address>0x24e94</load_address>
         <run_address>0x24e94</run_address>
         <size>0x143</size>
         <input_file_ref idref="fl-dc"/>
      </object_component>
      <object_component id="oc-2a1">
         <name>.debug_info</name>
         <load_address>0x24fd7</load_address>
         <run_address>0x24fd7</run_address>
         <size>0x266</size>
         <input_file_ref idref="fl-dd"/>
      </object_component>
      <object_component id="oc-1e0">
         <name>.debug_info</name>
         <load_address>0x2523d</load_address>
         <run_address>0x2523d</run_address>
         <size>0x177</size>
         <input_file_ref idref="fl-dd"/>
      </object_component>
      <object_component id="oc-2fd">
         <name>.debug_info</name>
         <load_address>0x253b4</load_address>
         <run_address>0x253b4</run_address>
         <size>0x2d4</size>
         <input_file_ref idref="fl-de"/>
      </object_component>
      <object_component id="oc-253">
         <name>.debug_info</name>
         <load_address>0x25688</load_address>
         <run_address>0x25688</run_address>
         <size>0x184</size>
         <input_file_ref idref="fl-de"/>
      </object_component>
      <object_component id="oc-35d">
         <name>.debug_info</name>
         <load_address>0x2580c</load_address>
         <run_address>0x2580c</run_address>
         <size>0x39</size>
         <input_file_ref idref="fl-de"/>
      </object_component>
      <object_component id="oc-2fe">
         <name>.debug_info</name>
         <load_address>0x25845</load_address>
         <run_address>0x25845</run_address>
         <size>0x2c</size>
         <input_file_ref idref="fl-de"/>
      </object_component>
      <object_component id="oc-55">
         <name>.debug_info</name>
         <load_address>0x25871</load_address>
         <run_address>0x25871</run_address>
         <size>0x15e</size>
         <input_file_ref idref="fl-df"/>
      </object_component>
      <object_component id="oc-c2">
         <name>.debug_info</name>
         <load_address>0x259cf</load_address>
         <run_address>0x259cf</run_address>
         <size>0x126</size>
         <input_file_ref idref="fl-e0"/>
      </object_component>
      <object_component id="oc-1d1">
         <name>.debug_info</name>
         <load_address>0x25af5</load_address>
         <run_address>0x25af5</run_address>
         <size>0x529</size>
         <input_file_ref idref="fl-e1"/>
      </object_component>
      <object_component id="oc-e7">
         <name>.debug_info</name>
         <load_address>0x2601e</load_address>
         <run_address>0x2601e</run_address>
         <size>0x17d</size>
         <input_file_ref idref="fl-e1"/>
      </object_component>
      <object_component id="oc-28f">
         <name>.debug_info</name>
         <load_address>0x2619b</load_address>
         <run_address>0x2619b</run_address>
         <size>0x39</size>
         <input_file_ref idref="fl-e1"/>
      </object_component>
      <object_component id="oc-322">
         <name>.debug_info</name>
         <load_address>0x261d4</load_address>
         <run_address>0x261d4</run_address>
         <size>0x39</size>
         <input_file_ref idref="fl-e1"/>
      </object_component>
      <object_component id="oc-294">
         <name>.debug_info</name>
         <load_address>0x2620d</load_address>
         <run_address>0x2620d</run_address>
         <size>0x39</size>
         <input_file_ref idref="fl-e1"/>
      </object_component>
      <object_component id="oc-299">
         <name>.debug_info</name>
         <load_address>0x26246</load_address>
         <run_address>0x26246</run_address>
         <size>0xcd</size>
         <input_file_ref idref="fl-e1"/>
      </object_component>
      <object_component id="oc-c0">
         <name>.debug_info</name>
         <load_address>0x26313</load_address>
         <run_address>0x26313</run_address>
         <size>0x2f0</size>
         <input_file_ref idref="fl-e3"/>
      </object_component>
      <object_component id="oc-65">
         <name>.debug_info</name>
         <load_address>0x26603</load_address>
         <run_address>0x26603</run_address>
         <size>0x177</size>
         <input_file_ref idref="fl-e3"/>
      </object_component>
      <object_component id="oc-bb">
         <name>.debug_info</name>
         <load_address>0x2677a</load_address>
         <run_address>0x2677a</run_address>
         <size>0x46</size>
         <input_file_ref idref="fl-e3"/>
      </object_component>
      <object_component id="oc-19e">
         <name>.debug_info</name>
         <load_address>0x267c0</load_address>
         <run_address>0x267c0</run_address>
         <size>0x2c</size>
         <input_file_ref idref="fl-e3"/>
      </object_component>
      <object_component id="oc-5d">
         <name>.debug_info</name>
         <load_address>0x267ec</load_address>
         <run_address>0x267ec</run_address>
         <size>0x27a</size>
         <input_file_ref idref="fl-e4"/>
      </object_component>
      <object_component id="oc-15">
         <name>.debug_info</name>
         <load_address>0x26a66</load_address>
         <run_address>0x26a66</run_address>
         <size>0x1ac</size>
         <input_file_ref idref="fl-e4"/>
      </object_component>
      <object_component id="oc-58">
         <name>.debug_info</name>
         <load_address>0x26c12</load_address>
         <run_address>0x26c12</run_address>
         <size>0x46</size>
         <input_file_ref idref="fl-e4"/>
      </object_component>
      <object_component id="oc-b3">
         <name>.debug_info</name>
         <load_address>0x26c58</load_address>
         <run_address>0x26c58</run_address>
         <size>0x2c</size>
         <input_file_ref idref="fl-e4"/>
      </object_component>
      <object_component id="oc-b1">
         <name>.debug_info</name>
         <load_address>0x26c84</load_address>
         <run_address>0x26c84</run_address>
         <size>0x275</size>
         <input_file_ref idref="fl-e5"/>
      </object_component>
      <object_component id="oc-f">
         <name>.debug_info</name>
         <load_address>0x26ef9</load_address>
         <run_address>0x26ef9</run_address>
         <size>0x227</size>
         <input_file_ref idref="fl-e5"/>
      </object_component>
      <object_component id="oc-48">
         <name>.debug_info</name>
         <load_address>0x27120</load_address>
         <run_address>0x27120</run_address>
         <size>0x60</size>
         <input_file_ref idref="fl-e5"/>
      </object_component>
      <object_component id="oc-197">
         <name>.debug_info</name>
         <load_address>0x27180</load_address>
         <run_address>0x27180</run_address>
         <size>0x46</size>
         <input_file_ref idref="fl-e5"/>
      </object_component>
      <object_component id="oc-ac">
         <name>.debug_info</name>
         <load_address>0x271c6</load_address>
         <run_address>0x271c6</run_address>
         <size>0x39</size>
         <input_file_ref idref="fl-e5"/>
      </object_component>
      <object_component id="oc-155">
         <name>.debug_info</name>
         <load_address>0x271ff</load_address>
         <run_address>0x271ff</run_address>
         <size>0xf9</size>
         <input_file_ref idref="fl-e6"/>
      </object_component>
      <object_component id="oc-2e7">
         <name>.debug_info</name>
         <load_address>0x272f8</load_address>
         <run_address>0x272f8</run_address>
         <size>0x266</size>
         <input_file_ref idref="fl-e8"/>
      </object_component>
      <object_component id="oc-23f">
         <name>.debug_info</name>
         <load_address>0x2755e</load_address>
         <run_address>0x2755e</run_address>
         <size>0x1d0</size>
         <input_file_ref idref="fl-e8"/>
      </object_component>
      <object_component id="oc-2f5">
         <name>.debug_info</name>
         <load_address>0x2772e</load_address>
         <run_address>0x2772e</run_address>
         <size>0x260</size>
         <input_file_ref idref="fl-e9"/>
      </object_component>
      <object_component id="oc-2f2">
         <name>.debug_info</name>
         <load_address>0x2798e</load_address>
         <run_address>0x2798e</run_address>
         <size>0xe5</size>
         <input_file_ref idref="fl-e9"/>
      </object_component>
      <object_component id="oc-24d">
         <name>.debug_info</name>
         <load_address>0x27a73</load_address>
         <run_address>0x27a73</run_address>
         <size>0x125</size>
         <input_file_ref idref="fl-e9"/>
      </object_component>
      <object_component id="oc-2f7">
         <name>.debug_info</name>
         <load_address>0x27b98</load_address>
         <run_address>0x27b98</run_address>
         <size>0x138</size>
         <input_file_ref idref="fl-ea"/>
      </object_component>
      <object_component id="oc-391">
         <name>.debug_info</name>
         <load_address>0x27cd0</load_address>
         <run_address>0x27cd0</run_address>
         <size>0xa1</size>
      </object_component>
      <object_component id="oc-28b">
         <name>.debug_line</name>
         <load_address>0x0</load_address>
         <run_address>0x0</run_address>
         <size>0x5f</size>
         <input_file_ref idref="fl-2"/>
      </object_component>
      <object_component id="oc-2b8">
         <name>.debug_line</name>
         <load_address>0x5f</load_address>
         <run_address>0x5f</run_address>
         <size>0x36</size>
         <input_file_ref idref="fl-2"/>
      </object_component>
      <object_component id="oc-124">
         <name>.debug_line</name>
         <load_address>0x95</load_address>
         <run_address>0x95</run_address>
         <size>0x3e5</size>
         <input_file_ref idref="fl-2"/>
      </object_component>
      <object_component id="oc-25">
         <name>.debug_line</name>
         <load_address>0x47a</load_address>
         <run_address>0x47a</run_address>
         <size>0x9f</size>
         <input_file_ref idref="fl-2"/>
      </object_component>
      <object_component id="oc-16c">
         <name>.debug_line</name>
         <load_address>0x519</load_address>
         <run_address>0x519</run_address>
         <size>0x70</size>
         <input_file_ref idref="fl-2"/>
      </object_component>
      <object_component id="oc-93">
         <name>.debug_line</name>
         <load_address>0x589</load_address>
         <run_address>0x589</run_address>
         <size>0x68</size>
         <input_file_ref idref="fl-2"/>
      </object_component>
      <object_component id="oc-14d">
         <name>.debug_line</name>
         <load_address>0x5f1</load_address>
         <run_address>0x5f1</run_address>
         <size>0x20</size>
         <input_file_ref idref="fl-2"/>
      </object_component>
      <object_component id="oc-a4">
         <name>.debug_line</name>
         <load_address>0x611</load_address>
         <run_address>0x611</run_address>
         <size>0x63</size>
         <input_file_ref idref="fl-2"/>
      </object_component>
      <object_component id="oc-279">
         <name>.debug_line</name>
         <load_address>0x674</load_address>
         <run_address>0x674</run_address>
         <size>0x74</size>
         <input_file_ref idref="fl-2"/>
      </object_component>
      <object_component id="oc-152">
         <name>.debug_line</name>
         <load_address>0x6e8</load_address>
         <run_address>0x6e8</run_address>
         <size>0x71</size>
         <input_file_ref idref="fl-2"/>
      </object_component>
      <object_component id="oc-a9">
         <name>.debug_line</name>
         <load_address>0x759</load_address>
         <run_address>0x759</run_address>
         <size>0x66</size>
         <input_file_ref idref="fl-2"/>
      </object_component>
      <object_component id="oc-1b0">
         <name>.debug_line</name>
         <load_address>0x7bf</load_address>
         <run_address>0x7bf</run_address>
         <size>0x63</size>
         <input_file_ref idref="fl-2"/>
      </object_component>
      <object_component id="oc-1f3">
         <name>.debug_line</name>
         <load_address>0x822</load_address>
         <run_address>0x822</run_address>
         <size>0x5f</size>
         <input_file_ref idref="fl-2"/>
      </object_component>
      <object_component id="oc-18f">
         <name>.debug_line</name>
         <load_address>0x881</load_address>
         <run_address>0x881</run_address>
         <size>0x63</size>
         <input_file_ref idref="fl-2"/>
      </object_component>
      <object_component id="oc-31f">
         <name>.debug_line</name>
         <load_address>0x8e4</load_address>
         <run_address>0x8e4</run_address>
         <size>0x20</size>
         <input_file_ref idref="fl-3"/>
      </object_component>
      <object_component id="oc-d9">
         <name>.debug_line</name>
         <load_address>0x904</load_address>
         <run_address>0x904</run_address>
         <size>0x62</size>
         <input_file_ref idref="fl-3"/>
      </object_component>
      <object_component id="oc-171">
         <name>.debug_line</name>
         <load_address>0x966</load_address>
         <run_address>0x966</run_address>
         <size>0x65</size>
         <input_file_ref idref="fl-3"/>
      </object_component>
      <object_component id="oc-1b5">
         <name>.debug_line</name>
         <load_address>0x9cb</load_address>
         <run_address>0x9cb</run_address>
         <size>0x63</size>
         <input_file_ref idref="fl-3"/>
      </object_component>
      <object_component id="oc-176">
         <name>.debug_line</name>
         <load_address>0xa2e</load_address>
         <run_address>0xa2e</run_address>
         <size>0x63</size>
         <input_file_ref idref="fl-3"/>
      </object_component>
      <object_component id="oc-17b">
         <name>.debug_line</name>
         <load_address>0xa91</load_address>
         <run_address>0xa91</run_address>
         <size>0x65</size>
         <input_file_ref idref="fl-3"/>
      </object_component>
      <object_component id="oc-180">
         <name>.debug_line</name>
         <load_address>0xaf6</load_address>
         <run_address>0xaf6</run_address>
         <size>0x63</size>
         <input_file_ref idref="fl-3"/>
      </object_component>
      <object_component id="oc-185">
         <name>.debug_line</name>
         <load_address>0xb59</load_address>
         <run_address>0xb59</run_address>
         <size>0x66</size>
         <input_file_ref idref="fl-3"/>
      </object_component>
      <object_component id="oc-18a">
         <name>.debug_line</name>
         <load_address>0xbbf</load_address>
         <run_address>0xbbf</run_address>
         <size>0x66</size>
         <input_file_ref idref="fl-3"/>
      </object_component>
      <object_component id="oc-1cf">
         <name>.debug_line</name>
         <load_address>0xc25</load_address>
         <run_address>0xc25</run_address>
         <size>0x5f</size>
         <input_file_ref idref="fl-5"/>
      </object_component>
      <object_component id="oc-7f">
         <name>.debug_line</name>
         <load_address>0xc84</load_address>
         <run_address>0xc84</run_address>
         <size>0x365</size>
         <input_file_ref idref="fl-5"/>
      </object_component>
      <object_component id="oc-2e">
         <name>.debug_line</name>
         <load_address>0xfe9</load_address>
         <run_address>0xfe9</run_address>
         <size>0x7c</size>
         <input_file_ref idref="fl-5"/>
      </object_component>
      <object_component id="oc-e0">
         <name>.debug_line</name>
         <load_address>0x1065</load_address>
         <run_address>0x1065</run_address>
         <size>0x5f</size>
         <input_file_ref idref="fl-5"/>
      </object_component>
      <object_component id="oc-2ba">
         <name>.debug_line</name>
         <load_address>0x10c4</load_address>
         <run_address>0x10c4</run_address>
         <size>0x20</size>
         <input_file_ref idref="fl-6"/>
      </object_component>
      <object_component id="oc-12a">
         <name>.debug_line</name>
         <load_address>0x10e4</load_address>
         <run_address>0x10e4</run_address>
         <size>0x7b9</size>
         <input_file_ref idref="fl-6"/>
      </object_component>
      <object_component id="oc-1fa">
         <name>.debug_line</name>
         <load_address>0x189d</load_address>
         <run_address>0x189d</run_address>
         <size>0x61</size>
         <input_file_ref idref="fl-6"/>
      </object_component>
      <object_component id="oc-1ba">
         <name>.debug_line</name>
         <load_address>0x18fe</load_address>
         <run_address>0x18fe</run_address>
         <size>0x65</size>
         <input_file_ref idref="fl-6"/>
      </object_component>
      <object_component id="oc-1cc">
         <name>.debug_line</name>
         <load_address>0x1963</load_address>
         <run_address>0x1963</run_address>
         <size>0x66</size>
         <input_file_ref idref="fl-6"/>
      </object_component>
      <object_component id="oc-2b1">
         <name>.debug_line</name>
         <load_address>0x19c9</load_address>
         <run_address>0x19c9</run_address>
         <size>0x20</size>
         <input_file_ref idref="fl-7"/>
      </object_component>
      <object_component id="oc-11e">
         <name>.debug_line</name>
         <load_address>0x19e9</load_address>
         <run_address>0x19e9</run_address>
         <size>0x199</size>
         <input_file_ref idref="fl-7"/>
      </object_component>
      <object_component id="oc-2b5">
         <name>.debug_line</name>
         <load_address>0x1b82</load_address>
         <run_address>0x1b82</run_address>
         <size>0x5f</size>
         <input_file_ref idref="fl-7"/>
      </object_component>
      <object_component id="oc-1a7">
         <name>.debug_line</name>
         <load_address>0x1be1</load_address>
         <run_address>0x1be1</run_address>
         <size>0x20</size>
         <input_file_ref idref="fl-9"/>
      </object_component>
      <object_component id="oc-73">
         <name>.debug_line</name>
         <load_address>0x1c01</load_address>
         <run_address>0x1c01</run_address>
         <size>0x15b</size>
         <input_file_ref idref="fl-9"/>
      </object_component>
      <object_component id="oc-1ab">
         <name>.debug_line</name>
         <load_address>0x1d5c</load_address>
         <run_address>0x1d5c</run_address>
         <size>0x63</size>
         <input_file_ref idref="fl-9"/>
      </object_component>
      <object_component id="oc-cd">
         <name>.debug_line</name>
         <load_address>0x1dbf</load_address>
         <run_address>0x1dbf</run_address>
         <size>0x63</size>
         <input_file_ref idref="fl-9"/>
      </object_component>
      <object_component id="oc-1bf">
         <name>.debug_line</name>
         <load_address>0x1e22</load_address>
         <run_address>0x1e22</run_address>
         <size>0x63</size>
         <input_file_ref idref="fl-9"/>
      </object_component>
      <object_component id="oc-2ae">
         <name>.debug_line</name>
         <load_address>0x1e85</load_address>
         <run_address>0x1e85</run_address>
         <size>0x5f</size>
         <input_file_ref idref="fl-9"/>
      </object_component>
      <object_component id="oc-d3">
         <name>.debug_line</name>
         <load_address>0x1ee4</load_address>
         <run_address>0x1ee4</run_address>
         <size>0xdc</size>
         <input_file_ref idref="fl-a"/>
      </object_component>
      <object_component id="oc-2a5">
         <name>.debug_line</name>
         <load_address>0x1fc0</load_address>
         <run_address>0x1fc0</run_address>
         <size>0x6a</size>
         <input_file_ref idref="fl-b"/>
      </object_component>
      <object_component id="oc-2a3">
         <name>.debug_line</name>
         <load_address>0x202a</load_address>
         <run_address>0x202a</run_address>
         <size>0x36</size>
         <input_file_ref idref="fl-b"/>
      </object_component>
      <object_component id="oc-118">
         <name>.debug_line</name>
         <load_address>0x2060</load_address>
         <run_address>0x2060</run_address>
         <size>0x2c0</size>
         <input_file_ref idref="fl-b"/>
      </object_component>
      <object_component id="oc-2a9">
         <name>.debug_line</name>
         <load_address>0x2320</load_address>
         <run_address>0x2320</run_address>
         <size>0x36</size>
         <input_file_ref idref="fl-b"/>
      </object_component>
      <object_component id="oc-6e">
         <name>.debug_line</name>
         <load_address>0x2356</load_address>
         <run_address>0x2356</run_address>
         <size>0x2f2</size>
         <input_file_ref idref="fl-c"/>
      </object_component>
      <object_component id="oc-34">
         <name>.debug_line</name>
         <load_address>0x2648</load_address>
         <run_address>0x2648</run_address>
         <size>0x52</size>
         <input_file_ref idref="fl-e"/>
      </object_component>
      <object_component id="oc-26b">
         <name>.debug_line</name>
         <load_address>0x269a</load_address>
         <run_address>0x269a</run_address>
         <size>0x204</size>
         <input_file_ref idref="fl-f"/>
      </object_component>
      <object_component id="oc-269">
         <name>.debug_line</name>
         <load_address>0x289e</load_address>
         <run_address>0x289e</run_address>
         <size>0x3b</size>
         <input_file_ref idref="fl-f"/>
      </object_component>
      <object_component id="oc-8b">
         <name>.debug_line</name>
         <load_address>0x28d9</load_address>
         <run_address>0x28d9</run_address>
         <size>0x19b</size>
         <input_file_ref idref="fl-f"/>
      </object_component>
      <object_component id="oc-21d">
         <name>.debug_line</name>
         <load_address>0x2a74</load_address>
         <run_address>0x2a74</run_address>
         <size>0x60</size>
         <input_file_ref idref="fl-f"/>
      </object_component>
      <object_component id="oc-274">
         <name>.debug_line</name>
         <load_address>0x2ad4</load_address>
         <run_address>0x2ad4</run_address>
         <size>0x61</size>
         <input_file_ref idref="fl-f"/>
      </object_component>
      <object_component id="oc-212">
         <name>.debug_line</name>
         <load_address>0x2b35</load_address>
         <run_address>0x2b35</run_address>
         <size>0x65</size>
         <input_file_ref idref="fl-f"/>
      </object_component>
      <object_component id="oc-222">
         <name>.debug_line</name>
         <load_address>0x2b9a</load_address>
         <run_address>0x2b9a</run_address>
         <size>0x61</size>
         <input_file_ref idref="fl-f"/>
      </object_component>
      <object_component id="oc-217">
         <name>.debug_line</name>
         <load_address>0x2bfb</load_address>
         <run_address>0x2bfb</run_address>
         <size>0x64</size>
         <input_file_ref idref="fl-f"/>
      </object_component>
      <object_component id="oc-26f">
         <name>.debug_line</name>
         <load_address>0x2c5f</load_address>
         <run_address>0x2c5f</run_address>
         <size>0x60</size>
         <input_file_ref idref="fl-f"/>
      </object_component>
      <object_component id="oc-85">
         <name>.debug_line</name>
         <load_address>0x2cbf</load_address>
         <run_address>0x2cbf</run_address>
         <size>0x1f3</size>
         <input_file_ref idref="fl-10"/>
      </object_component>
      <object_component id="oc-321">
         <name>.debug_line</name>
         <load_address>0x2eb2</load_address>
         <run_address>0x2eb2</run_address>
         <size>0x20</size>
         <input_file_ref idref="fl-11"/>
      </object_component>
      <object_component id="oc-1c7">
         <name>.debug_line</name>
         <load_address>0x2ed2</load_address>
         <run_address>0x2ed2</run_address>
         <size>0x63</size>
         <input_file_ref idref="fl-11"/>
      </object_component>
      <object_component id="oc-39">
         <name>.debug_line</name>
         <load_address>0x2f35</load_address>
         <run_address>0x2f35</run_address>
         <size>0x4e</size>
         <input_file_ref idref="fl-12"/>
      </object_component>
      <object_component id="oc-1f">
         <name>.debug_line</name>
         <load_address>0x2f83</load_address>
[...]
      </symbol>
      <symbol id="sm-7c0">
         <name>MPU_xTaskResumeAll</name>
         <value>0xba00</value>
         <object_component_ref idref="oc-12c"/>
      </symbol>
      <symbol id="sm-7c1">
         <name>MPU_xEventGroupCreate</name>
         <value>0xbf5c</value>
         <object_component_ref idref="oc-12c"/>
      </symbol>
      <symbol id="sm-7c2">
         <name>MPU_vTaskDelay</name>
         <value>0xb854</value>
         <object_component_ref idref="oc-12c"/>
      </symbol>
      <symbol id="sm-7c3">
         <name>MPU_xTaskNotifyStateClear</name>
         <value>0xbcc0</value>
         <object_component_ref idref="oc-12c"/>
      </symbol>
      <symbol id="sm-7c4">
         <name>MPU_ulTaskNotifyTake</name>
         <value>0xbc7c</value>
         <object_component_ref idref="oc-12c"/>
      </symbol>
      <symbol id="sm-7c5">
         <name>MPU_xQueueGenericCreate</name>
         <value>0xbecc</value>
         <object_component_ref idref="oc-12c"/>
      </symbol>
      <symbol id="sm-7c6">
         <name>MPU_xTaskCheckForTimeOut</name>
         <value>0xbd20</value>
         <object_component_ref idref="oc-12c"/>
      </symbol>
      <symbol id="sm-7c7">
         <name>MPU_eTaskGetState</name>
         <value>0xb91c</value>
         <object_component_ref idref="oc-12c"/>
      </symbol>
      <symbol id="sm-7c8">
         <name>MPU_vTaskSuspendAll</name>
         <value>0xb9dc</value>
         <object_component_ref idref="oc-12c"/>
      </symbol>
      <symbol id="sm-7c9">
         <name>MPU_xTaskGetIdleTaskHandle</name>
         <value>0xbba8</value>
         <object_component_ref idref="oc-12c"/>
      </symbol>
      <symbol id="sm-7ca">
         <name>MPU_vTaskSetThreadLocalStoragePointer</name>
         <value>0xbb20</value>
         <object_component_ref idref="oc-12c"/>
      </symbol>
      <symbol id="sm-80c">
         <name>vPortStoreTaskMPUSettings</name>
         <value>0x4bb8</value>
         <object_component_ref idref="oc-235"/>
      </symbol>
      <symbol id="sm-80d">
         <name>ulTaskHasFPUContext</name>
         <value>0x8003088</value>
         <object_component_ref idref="oc-163"/>
      </symbol>
      <symbol id="sm-80e">
         <name>vPortEndScheduler</name>
         <value>0x4e4c</value>
         <object_component_ref idref="oc-235"/>
      </symbol>
      <symbol id="sm-80f">
         <name>ulCriticalNesting</name>
         <value>0x8003084</value>
         <object_component_ref idref="oc-163"/>
      </symbol>
      <symbol id="sm-810">
         <name>pxPortInitialiseStack</name>
         <value>0x4aa4</value>
         <object_component_ref idref="oc-235"/>
      </symbol>
      <symbol id="sm-811">
         <name>xPortStartScheduler</name>
         <value>0x4e2c</value>
         <object_component_ref idref="oc-235"/>
      </symbol>
      <symbol id="sm-82c">
         <name>prvMpuSetRegion</name>
         <value>0x4a4c</value>
         <object_component_ref idref="oc-95"/>
      </symbol>
      <symbol id="sm-82d">
         <name>vPortStartFirstTask</name>
         <value>0x45f8</value>
         <object_component_ref idref="oc-95"/>
      </symbol>
      <symbol id="sm-82e">
         <name>vPortYeildWithinAPI</name>
         <value>0x4774</value>
         <object_component_ref idref="oc-95"/>
      </symbol>
      <symbol id="sm-82f">
         <name>vPortPreemptiveTick</name>
         <value>0x4868</value>
         <object_component_ref idref="oc-95"/>
      </symbol>
      <symbol id="sm-830">
         <name>prvMpuDisable</name>
         <value>0x4a7c</value>
         <object_component_ref idref="oc-95"/>
      </symbol>
      <symbol id="sm-831">
         <name>prvMpuEnable</name>
         <value>0x4a64</value>
         <object_component_ref idref="oc-95"/>
      </symbol>
      <symbol id="sm-832">
         <name>vPortInitialiseFPSCR</name>
         <value>0x4968</value>
         <object_component_ref idref="oc-95"/>
      </symbol>
      <symbol id="sm-833">
         <name>ulPortCountLeadingZeros</name>
         <value>0x4974</value>
         <object_component_ref idref="oc-95"/>
      </symbol>
      <symbol id="sm-834">
         <name>vPortYieldProcessor</name>
         <value>0x4688</value>
         <object_component_ref idref="oc-95"/>
      </symbol>
      <symbol id="sm-835">
         <name>vPortSWI</name>
         <value>0x497c</value>
         <object_component_ref idref="oc-95"/>
      </symbol>
      <symbol id="sm-8f3">
         <name>xQueuePeekFromISR</name>
         <value>0x381c</value>
         <object_component_ref idref="oc-202"/>
      </symbol>
      <symbol id="sm-8f4">
         <name>xQueueIsQueueEmptyFromISR</name>
         <value>0x3cfc</value>
         <object_component_ref idref="oc-202"/>
      </symbol>
      <symbol id="sm-8f5">
         <name>xQueueGenericSendFromISR</name>
         <value>0x3100</value>
         <object_component_ref idref="oc-202"/>
      </symbol>
      <symbol id="sm-8f6">
         <name>uxQueueMessagesWaiting</name>
         <value>0x3910</value>
         <object_component_ref idref="oc-202"/>
      </symbol>
      <symbol id="sm-8f7">
         <name>xQueueIsQueueFullFromISR</name>
         <value>0x3d88</value>
         <object_component_ref idref="oc-202"/>
      </symbol>
      <symbol id="sm-8f8">
         <name>xQueueGenericCreate</name>
         <value>0x2d24</value>
         <object_component_ref idref="oc-202"/>
      </symbol>
      <symbol id="sm-8f9">
         <name>xQueueGenericSend</name>
         <value>0x2e40</value>
         <object_component_ref idref="oc-202"/>
      </symbol>
      <symbol id="sm-8fa">
         <name>xQueueGenericReset</name>
         <value>0x2bfc</value>
         <object_component_ref idref="oc-202"/>
      </symbol>
      <symbol id="sm-8fb">
         <name>xQueueReceiveFromISR</name>
         <value>0x36d4</value>
         <object_component_ref idref="oc-202"/>
      </symbol>
      <symbol id="sm-8fc">
         <name>uxQueueSpacesAvailable</name>
         <value>0x3948</value>
         <object_component_ref idref="oc-202"/>
      </symbol>
      <symbol id="sm-8fd">
         <name>xQueueGiveFromISR</name>
         <value>0x3290</value>
         <object_component_ref idref="oc-202"/>
      </symbol>
      <symbol id="sm-8fe">
         <name>uxQueueMessagesWaitingFromISR</name>
         <value>0x3994</value>
         <object_component_ref idref="oc-202"/>
      </symbol>
      <symbol id="sm-8ff">
         <name>xQueueGenericReceive</name>
         <value>0x33fc</value>
         <object_component_ref idref="oc-202"/>
      </symbol>
      <symbol id="sm-900">
         <name>vQueueDelete</name>
         <value>0x39c4</value>
         <object_component_ref idref="oc-202"/>
      </symbol>
      <symbol id="sm-aea">
         <name>xTaskCreateRestricted</name>
         <value>0x20</value>
         <object_component_ref idref="oc-132"/>
      </symbol>
      <symbol id="sm-aeb">
         <name>vTaskDelay</name>
         <value>0x80c</value>
         <object_component_ref idref="oc-132"/>
      </symbol>
      <symbol id="sm-aec">
         <name>vTaskSuspendAll</name>
         <value>0x10a0</value>
         <object_component_ref idref="oc-132"/>
      </symbol>
      <symbol id="sm-aed">
         <name>vTaskPlaceOnEventList</name>
         <value>0x1ad0</value>
         <object_component_ref idref="oc-132"/>
      </symbol>
      <symbol id="sm-aee">
         <name>pvTaskGetThreadLocalStoragePointer</name>
         <value>0x1ff8</value>
         <object_component_ref idref="oc-132"/>
      </symbol>
      <symbol id="sm-aef">
         <name>uxTaskPriorityGetFromISR</name>
         <value>0x9d8</value>
         <object_component_ref idref="oc-132"/>
      </symbol>
      <symbol id="sm-af0">
         <name>ulTaskNotifyTake</name>
         <value>0x2390</value>
         <object_component_ref idref="oc-132"/>
      </symbol>
      <symbol id="sm-af1">
         <name>pcTaskGetName</name>
         <value>0x1354</value>
         <object_component_ref idref="oc-132"/>
      </symbol>
      <symbol id="sm-af2">
         <name>xTaskCheckForTimeOut</name>
         <value>0x1dd0</value>
         <object_component_ref idref="oc-132"/>
      </symbol>
      <symbol id="sm-af3">
         <name>xTaskRemoveFromUnorderedEventList</name>
         <value>0x1c88</value>
         <object_component_ref idref="oc-132"/>
      </symbol>
      <symbol id="sm-af4">
         <name>vTaskPrioritySet</name>
         <value>0xa20</value>
         <object_component_ref idref="oc-132"/>
      </symbol>
      <symbol id="sm-af5">
         <name>vTaskAllocateMPURegions</name>
         <value>0x2064</value>
         <object_component_ref idref="oc-132"/>
      </symbol>
      <symbol id="sm-af6">
         <name>xTaskAbortDelay</name>
         <value>0x16c8</value>
         <object_component_ref idref="oc-132"/>
      </symbol>
      <symbol id="sm-af7">
         <name>vTaskStartScheduler</name>
         <value>0xfec</value>
         <object_component_ref idref="oc-132"/>
      </symbol>
      <symbol id="sm-af8">
         <name>xTaskNotifyStateClear</name>
         <value>0x109e8</value>
         <object_component_ref idref="oc-1fc"/>
      </symbol>
      <symbol id="sm-af9">
         <name>uxTaskGetStackHighWaterMark</name>
         <value>0x223c</value>
         <object_component_ref idref="oc-132"/>
      </symbol>
      <symbol id="sm-afa">
         <name>vTaskSetThreadLocalStoragePointer</name>
         <value>0x1f94</value>
         <object_component_ref idref="oc-132"/>
      </symbol>
      <symbol id="sm-afb">
         <name>xTaskGenericNotify</name>
         <value>0x2580</value>
         <object_component_ref idref="oc-132"/>
      </symbol>
      <symbol id="sm-afc">
         <name>xTaskCreate</name>
         <value>0xfc</value>
         <object_component_ref idref="oc-132"/>
      </symbol>
      <symbol id="sm-afd">
         <name>vTaskDelayUntil</name>
         <value>0x6a0</value>
         <object_component_ref idref="oc-132"/>
      </symbol>
      <symbol id="sm-afe">
         <name>vTaskEndScheduler</name>
         <value>0x1084</value>
         <object_component_ref idref="oc-132"/>
      </symbol>
      <symbol id="sm-aff">
         <name>xTaskNotifyWait</name>
         <value>0x2468</value>
         <object_component_ref idref="oc-132"/>
      </symbol>
      <symbol id="sm-b00">
         <name>vTaskMissedYield</name>
         <value>0x1f08</value>
         <object_component_ref idref="oc-132"/>
      </symbol>
      <symbol id="sm-b01">
         <name>uxTaskGetNumberOfTasks</name>
         <value>0x1348</value>
         <object_component_ref idref="oc-132"/>
      </symbol>
      <symbol id="sm-b02">
         <name>xTaskGenericNotifyFromISR</name>
         <value>0x2754</value>
         <object_component_ref idref="oc-132"/>
      </symbol>
      <symbol id="sm-b03">
         <name>uxTaskPriorityGet</name>
         <value>0x994</value>
         <object_component_ref idref="oc-132"/>
      </symbol>
      <symbol id="sm-b04">
         <name>vTaskStepTick</name>
         <value>0x166c</value>
         <object_component_ref idref="oc-132"/>
      </symbol>
      <symbol id="sm-b05">
         <name>xTaskResumeAll</name>
         <value>0x1158</value>
         <object_component_ref idref="oc-132"/>
      </symbol>
      <symbol id="sm-b06">
         <name>xTaskGetHandle</name>
         <value>0x152c</value>
         <object_component_ref idref="oc-132"/>
      </symbol>
      <symbol id="sm-b07">
         <name>xTaskGetTickCount</name>
         <value>0x1308</value>
         <object_component_ref idref="oc-132"/>
      </symbol>
      <symbol id="sm-b08">
         <name>vTaskDelete</name>
         <value>0x538</value>
         <object_component_ref idref="oc-132"/>
      </symbol>
      <symbol id="sm-b09">
         <name>pxCurrentTCB</name>
         <value>0x80008d0</value>
         <object_component_ref idref="oc-160"/>
      </symbol>
      <symbol id="sm-b0a">
         <name>vTaskNotifyGiveFromISR</name>
         <value>0x2954</value>
         <object_component_ref idref="oc-132"/>
      </symbol>
      <symbol id="sm-b0b">
         <name>eTaskGetState</name>
         <value>0x890</value>
         <object_component_ref idref="oc-132"/>
      </symbol>
      <symbol id="sm-b0c">
         <name>vTaskSuspend</name>
         <value>0xc18</value>
         <object_component_ref idref="oc-132"/>
      </symbol>
      <symbol id="sm-b0d">
         <name>xTaskGetIdleTaskHandle</name>
         <value>0x1634</value>
         <object_component_ref idref="oc-132"/>
      </symbol>
      <symbol id="sm-b0e">
         <name>xTaskGetTickCountFromISR</name>
         <value>0x1324</value>
         <object_component_ref idref="oc-132"/>
      </symbol>
      <symbol id="sm-b0f">
         <name>vTaskResume</name>
         <value>0xe20</value>
         <object_component_ref idref="oc-132"/>
      </symbol>
      <symbol id="sm-b10">
         <name>vTaskSetTimeOutState</name>
         <value>0x1d90</value>
         <object_component_ref idref="oc-132"/>
      </symbol>
      <symbol id="sm-b11">
         <name>xTaskIncrementTick</name>
         <value>0x17c8</value>
         <object_component_ref idref="oc-132"/>
      </symbol>
      <symbol id="sm-b12">
         <name>vTaskSwitchContext</name>
         <value>0x19f0</value>
         <object_component_ref idref="oc-132"/>
      </symbol>
      <symbol id="sm-b13">
         <name>uxTaskResetEventItemValue</name>
         <value>0x2354</value>
         <object_component_ref idref="oc-132"/>
      </symbol>
      <symbol id="sm-b14">
         <name>xTaskGetSchedulerState</name>
         <value>0x2304</value>
         <object_component_ref idref="oc-132"/>
      </symbol>
      <symbol id="sm-b15">
         <name>xTaskResumeFromISR</name>
         <value>0xf04</value>
         <object_component_ref idref="oc-132"/>
      </symbol>
      <symbol id="sm-b16">
         <name>vTaskPlaceOnUnorderedEventList</name>
         <value>0x1b14</value>
         <object_component_ref idref="oc-132"/>
      </symbol>
      <symbol id="sm-b17">
         <name>xTaskRemoveFromEventList</name>
         <value>0x1b98</value>
         <object_component_ref idref="oc-132"/>
      </symbol>
      <symbol id="sm-b18">
         <name>eTaskConfirmSleepModeStatus</name>
         <value>0x1f18</value>
         <object_component_ref idref="oc-132"/>
      </symbol>
      <symbol id="sm-b99">
         <name>pow</name>
         <value>0xdc18</value>
         <object_component_ref idref="oc-138"/>
      </symbol>
      <symbol id="sm-b9a">
         <name>powl</name>
         <value>0xdc18</value>
         <object_component_ref idref="oc-138"/>
      </symbol>
      <symbol id="sm-baa">
         <name>sqrtl</name>
         <value>0x11140</value>
         <object_component_ref idref="oc-246"/>
      </symbol>
      <symbol id="sm-bab">
         <name>sqrt</name>
         <value>0x11140</value>
         <object_component_ref idref="oc-246"/>
      </symbol>
      <symbol id="sm-bc5">
         <name>floorl</name>
         <value>0x10a64</value>
         <object_component_ref idref="oc-1df"/>
      </symbol>
      <symbol id="sm-bc6">
         <name>floor</name>
         <value>0x10a64</value>
         <object_component_ref idref="oc-1df"/>
      </symbol>
      <symbol id="sm-bea">
         <name>scalbn</name>
         <value>0x10cdc</value>
         <object_component_ref idref="oc-252"/>
      </symbol>
      <symbol id="sm-beb">
         <name>scalbnl</name>
         <value>0x10cdc</value>
         <object_component_ref idref="oc-252"/>
      </symbol>
      <symbol id="sm-bec">
         <name>ldexpl</name>
         <value>0x10cdc</value>
         <object_component_ref idref="oc-252"/>
      </symbol>
      <symbol id="sm-bed">
         <name>ldexp</name>
         <value>0x10cdc</value>
         <object_component_ref idref="oc-252"/>
      </symbol>
      <symbol id="sm-c06">
         <name>memcpy</name>
         <value>0x10608</value>
         <object_component_ref idref="oc-52"/>
      </symbol>
      <symbol id="sm-c07">
         <name>__aeabi_memcpy</name>
         <value>0x10608</value>
         <object_component_ref idref="oc-52"/>
      </symbol>
      <symbol id="sm-c08">
         <name>__aeabi_memcpy8</name>
         <value>0x10608</value>
         <object_component_ref idref="oc-52"/>
      </symbol>
      <symbol id="sm-c09">
         <name>__aeabi_memcpy4</name>
         <value>0x10608</value>
         <object_component_ref idref="oc-52"/>
      </symbol>
      <symbol id="sm-c18">
         <name>__aeabi_memset</name>
         <value>0x10f9c</value>
         <object_component_ref idref="oc-c1"/>
      </symbol>
      <symbol id="sm-c19">
         <name>memset</name>
         <value>0x10fa8</value>
         <object_component_ref idref="oc-c1"/>
      </symbol>
      <symbol id="sm-c1a">
         <name>__aeabi_memset8</name>
         <value>0x10f9c</value>
         <object_component_ref idref="oc-c1"/>
      </symbol>
      <symbol id="sm-c1b">
         <name>__aeabi_memset4</name>
         <value>0x10f9c</value>
         <object_component_ref idref="oc-c1"/>
      </symbol>
      <symbol id="sm-c1c">
         <name>__aeabi_memclr8</name>
         <value>0x10f98</value>
         <object_component_ref idref="oc-c1"/>
      </symbol>
      <symbol id="sm-c1d">
         <name>__aeabi_memclr4</name>
         <value>0x10f98</value>
         <object_component_ref idref="oc-c1"/>
      </symbol>
      <symbol id="sm-c1e">
         <name>__aeabi_memclr</name>
         <value>0x10f98</value>
         <object_component_ref idref="oc-c1"/>
      </symbol>
      <symbol id="sm-c46">
         <name>__TI_auto_init_nobinit_nopinit</name>
         <value>0x110d8</value>
         <object_component_ref idref="oc-e4"/>
      </symbol>
      <symbol id="sm-c5e">
         <name>__TI_zero_init</name>
         <value>0x111c8</value>
         <object_component_ref idref="oc-64"/>
      </symbol>
      <symbol id="sm-c75">
         <name>__TI_decompress_none</name>
         <value>0x111b4</value>
         <object_component_ref idref="oc-14"/>
      </symbol>
      <symbol id="sm-c98">
         <name>__TI_decompress_lzss</name>
         <value>0x11048</value>
         <object_component_ref idref="oc-e"/>
      </symbol>
      <symbol id="sm-ca3">
         <name>C$$EXIT</name>
         <value>0x111e4</value>
         <object_component_ref idref="oc-154"/>
      </symbol>
      <symbol id="sm-ca4">
         <name>abort</name>
         <value>0x111e4</value>
         <object_component_ref idref="oc-154"/>
      </symbol>
      <symbol id="sm-cb3">
         <name>strlen</name>
         <value>0x11178</value>
         <object_component_ref idref="oc-23e"/>
      </symbol>
      <symbol id="sm-cc9">
         <name>__aeabi_errno_addr</name>
         <value>0x111d8</value>
         <object_component_ref idref="oc-24c"/>
      </symbol>
      <symbol id="sm-cca">
         <name>errno</name>
         <value>0x8003090</value>
         <object_component_ref idref="oc-2f1"/>
      </symbol>
      <symbol id="sm-cd4">
         <name>copysign</name>
         <value>0x11198</value>
         <object_component_ref idref="oc-2f6"/>
      </symbol>
      <symbol id="sm-cd5">
         <name>copysignl</name>
         <value>0x11198</value>
         <object_component_ref idref="oc-2f6"/>
      </symbol>
      <symbol id="sm-cd6">
         <name>__TI_static_base__</name>
         <value>0x0</value>
      </symbol>
      <symbol id="sm-cda">
         <name>SHT$$INIT_ARRAY$$Base</name>
         <value>0x0</value>
      </symbol>
      <symbol id="sm-cdb">
         <name>SHT$$INIT_ARRAY$$Limit</name>
         <value>0x0</value>
      </symbol>
      <symbol id="sm-cdc">
         <name>_system_post_cinit</name>
         <value>0x0</value>
      </symbol>
   </symbol_table>
   <title>Link successful</title>
</link_info>
