<?xml version="1.0" encoding="ISO-8859-1" ?>
<link_info>
   <banner>TI ARM Linker Unix v18.1.3.LTS</banner>
   <copyright>Copyright (c) 1996-2017 Texas Instruments Incorporated</copyright>
   <link_time>0x5c11fa21</link_time>
   <link_errors>0x0</link_errors>
   <output_file>etpwm_ext_led.out</output_file>
   <entry_point>
      <name>_c_int00</name>
      <address>0x61d0</address>
   </entry_point>
   <input_file_list>
      <input_file id="fl-2">
         <path>./source/</path>
         <kind>object</kind>
         <file>HL_epc.obj</file>
         <name>HL_epc.obj</name>
      </input_file>
      <input_file id="fl-3">
         <path>./source/</path>
         <kind>object</kind>
         <file>HL_errata.obj</file>
         <name>HL_errata.obj</name>
      </input_file>
      <input_file id="fl-4">
         <path>./source/</path>
         <kind>object</kind>
         <file>HL_esm.obj</file>
         <name>HL_esm.obj</name>
      </input_file>
      <input_file id="fl-5">
         <path>./source/</path>
         <kind>object</kind>
         <file>HL_etpwm.obj</file>
         <name>HL_etpwm.obj</name>
      </input_file>
      <input_file id="fl-6">
         <path>./source/</path>
         <kind>object</kind>
         <file>HL_nmpu.obj</file>
         <name>HL_nmpu.obj</name>
      </input_file>
      <input_file id="fl-7">
         <path>./source/</path>
         <kind>object</kind>
         <file>HL_notification.obj</file>
         <name>HL_notification.obj</name>
      </input_file>
      <input_file id="fl-8">
         <path>./source/</path>
         <kind>object</kind>
         <file>HL_pinmux.obj</file>
         <name>HL_pinmux.obj</name>
      </input_file>
      <input_file id="fl-9">
         <path>./source/</path>
         <kind>object</kind>
         <file>HL_sci.obj</file>
         <name>HL_sci.obj</name>
      </input_file>
      <input_file id="fl-a">
         <path>./source/</path>
         <kind>object</kind>
         <file>HL_sys_core.obj</file>
         <name>HL_sys_core.obj</name>
      </input_file>
      <input_file id="fl-b">
         <path>./source/</path>
         <kind>object</kind>
         <file>HL_sys_dma.obj</file>
         <name>HL_sys_dma.obj</name>
      </input_file>
      <input_file id="fl-c">
         <path>./source/</path>
         <kind>object</kind>
         <file>HL_sys_intvecs.obj</file>
         <name>HL_sys_intvecs.obj</name>
      </input_file>
      <input_file id="fl-d">
         <path>./source/</path>
         <kind>object</kind>
         <file>HL_sys_main.obj</file>
         <name>HL_sys_main.obj</name>
      </input_file>
      <input_file id="fl-e">
         <path>./source/</path>
         <kind>object</kind>
         <file>HL_sys_mpu.obj</file>
         <name>HL_sys_mpu.obj</name>
      </input_file>
      <input_file id="fl-f">
         <path>./source/</path>
         <kind>object</kind>
         <file>HL_sys_pcr.obj</file>
         <name>HL_sys_pcr.obj</name>
      </input_file>
      <input_file id="fl-10">
         <path>./source/</path>
         <kind>object</kind>
         <file>HL_sys_phantom.obj</file>
         <name>HL_sys_phantom.obj</name>
      </input_file>
      <input_file id="fl-11">
         <path>./source/</path>
         <kind>object</kind>
         <file>HL_sys_pmm.obj</file>
         <name>HL_sys_pmm.obj</name>
      </input_file>
      <input_file id="fl-12">
         <path>./source/</path>
         <kind>object</kind>
         <file>HL_sys_pmu.obj</file>
         <name>HL_sys_pmu.obj</name>
      </input_file>
      <input_file id="fl-13">
         <path>./source/</path>
         <kind>object</kind>
         <file>HL_sys_startup.obj</file>
         <name>HL_sys_startup.obj</name>
      </input_file>
      <input_file id="fl-14">
         <path>./source/</path>
         <kind>object</kind>
         <file>HL_sys_vim.obj</file>
         <name>HL_sys_vim.obj</name>
      </input_file>
      <input_file id="fl-15">
         <path>./source/</path>
         <kind>object</kind>
         <file>HL_system.obj</file>
         <name>HL_system.obj</name>
      </input_file>
      <input_file id="fl-19">
         <kind>object</kind>
         <file>&lt;internal&gt;</file>
         <name>&lt;internal&gt;</name>
      </input_file>
      <input_file id="fl-cf">
         <path>/home/koitt/ti/ccsv8/tools/compiler/ti-cgt-arm_18.1.3.LTS/lib/</path>
         <kind>archive</kind>
         <file>rtsv7R4_A_be_v3D16_eabi.lib</file>
         <name>s_floor.c.obj</name>
      </input_file>
      <input_file id="fl-d0">
         <path>/home/koitt/ti/ccsv8/tools/compiler/ti-cgt-arm_18.1.3.LTS/lib/</path>
         <kind>archive</kind>
         <file>rtsv7R4_A_be_v3D16_eabi.lib</file>
         <name>autoinit.c.obj</name>
      </input_file>
      <input_file id="fl-d1">
         <path>/home/koitt/ti/ccsv8/tools/compiler/ti-cgt-arm_18.1.3.LTS/lib/</path>
         <kind>archive</kind>
         <file>rtsv7R4_A_be_v3D16_eabi.lib</file>
         <name>cpy_tbl.c.obj</name>
      </input_file>
      <input_file id="fl-d2">
         <path>/home/koitt/ti/ccsv8/tools/compiler/ti-cgt-arm_18.1.3.LTS/lib/</path>
         <kind>archive</kind>
         <file>rtsv7R4_A_be_v3D16_eabi.lib</file>
         <name>copy_zero_init.c.obj</name>
      </input_file>
      <input_file id="fl-d3">
         <path>/home/koitt/ti/ccsv8/tools/compiler/ti-cgt-arm_18.1.3.LTS/lib/</path>
         <kind>archive</kind>
         <file>rtsv7R4_A_be_v3D16_eabi.lib</file>
         <name>copy_decompress_none.c.obj</name>
      </input_file>
      <input_file id="fl-d4">
         <path>/home/koitt/ti/ccsv8/tools/compiler/ti-cgt-arm_18.1.3.LTS/lib/</path>
         <kind>archive</kind>
         <file>rtsv7R4_A_be_v3D16_eabi.lib</file>
         <name>copy_decompress_lzss.c.obj</name>
      </input_file>
      <input_file id="fl-d5">
         <path>/home/koitt/ti/ccsv8/tools/compiler/ti-cgt-arm_18.1.3.LTS/lib/</path>
         <kind>archive</kind>
         <file>rtsv7R4_A_be_v3D16_eabi.lib</file>
         <name>exit.c.obj</name>
      </input_file>
      <input_file id="fl-d6">
         <path>/home/koitt/ti/ccsv8/tools/compiler/ti-cgt-arm_18.1.3.LTS/lib/</path>
         <kind>archive</kind>
         <file>rtsv7R4_A_be_v3D16_eabi.lib</file>
         <name>_lock.c.obj</name>
      </input_file>
      <input_file id="fl-d7">
         <path>/home/koitt/ti/ccsv8/tools/compiler/ti-cgt-arm_18.1.3.LTS/lib/</path>
         <kind>archive</kind>
         <file>rtsv7R4_A_be_v3D16_eabi.lib</file>
         <name>memcpy32.asm.obj</name>
      </input_file>
      <input_file id="fl-d8">
         <path>/home/koitt/ti/ccsv8/tools/compiler/ti-cgt-arm_18.1.3.LTS/lib/</path>
         <kind>archive</kind>
         <file>rtsv7R4_A_be_v3D16_eabi.lib</file>
         <name>memset32.asm.obj</name>
      </input_file>
   </input_file_list>
   <object_component_list>
      <object_component id="oc-28">
         <name>.intvecs</name>
         <load_address>0x0</load_address>
         <run_address>0x0</run_address>
         <size>0x20</size>
         <input_file_ref idref="fl-c"/>
      </object_component>
      <object_component id="oc-111">
         <name>.text</name>
         <load_address>0x20</load_address>
         <run_address>0x20</run_address>
         <size>0x2358</size>
         <input_file_ref idref="fl-5"/>
      </object_component>
      <object_component id="oc-c6">
         <name>.text</name>
         <load_address>0x2378</load_address>
         <run_address>0x2378</run_address>
         <size>0x9c4</size>
         <input_file_ref idref="fl-8"/>
      </object_component>
      <object_component id="oc-6d">
         <name>.text</name>
         <load_address>0x2d3c</load_address>
         <run_address>0x2d3c</run_address>
         <size>0x95c</size>
         <input_file_ref idref="fl-15"/>
      </object_component>
      <object_component id="oc-34">
         <name>.text</name>
         <load_address>0x3698</load_address>
         <run_address>0x3698</run_address>
         <size>0x938</size>
         <input_file_ref idref="fl-14"/>
      </object_component>
      <object_component id="oc-10b">
         <name>.text</name>
         <load_address>0x3fd0</load_address>
         <run_address>0x3fd0</run_address>
         <size>0x870</size>
         <input_file_ref idref="fl-9"/>
      </object_component>
      <object_component id="oc-73">
         <name>.text</name>
         <load_address>0x4840</load_address>
         <run_address>0x4840</run_address>
         <size>0x78c</size>
         <input_file_ref idref="fl-4"/>
      </object_component>
      <object_component id="oc-62">
         <name>.text</name>
         <load_address>0x4fcc</load_address>
         <run_address>0x4fcc</run_address>
         <size>0x3c4</size>
         <input_file_ref idref="fl-a"/>
      </object_component>
      <object_component id="oc-79">
         <name>.text</name>
         <load_address>0x5390</load_address>
         <run_address>0x5390</run_address>
         <size>0x36c</size>
         <input_file_ref idref="fl-e"/>
      </object_component>
      <object_component id="oc-7f">
         <name>.text</name>
         <load_address>0x56fc</load_address>
         <run_address>0x56fc</run_address>
         <size>0x364</size>
         <input_file_ref idref="fl-d"/>
      </object_component>
      <object_component id="oc-33">
         <name>.text:retain</name>
         <load_address>0x5a60</load_address>
         <run_address>0x5a60</run_address>
         <size>0x33c</size>
         <input_file_ref idref="fl-14"/>
      </object_component>
      <object_component id="oc-4a">
         <name>.text</name>
         <load_address>0x5d9c</load_address>
         <run_address>0x5d9c</run_address>
         <size>0x180</size>
         <input_file_ref idref="fl-d7"/>
      </object_component>
      <object_component id="oc-1f">
         <name>.text:retain</name>
         <load_address>0x5f1c</load_address>
         <run_address>0x5f1c</run_address>
         <size>0x178</size>
         <input_file_ref idref="fl-4"/>
      </object_component>
      <object_component id="oc-19f">
         <name>.text:floor</name>
         <load_address>0x6094</load_address>
         <run_address>0x6094</run_address>
         <size>0x13c</size>
         <input_file_ref idref="fl-cf"/>
      </object_component>
      <object_component id="oc-19">
         <name>.text:retain</name>
         <load_address>0x61d0</load_address>
         <run_address>0x61d0</run_address>
         <size>0xb4</size>
         <input_file_ref idref="fl-13"/>
      </object_component>
      <object_component id="oc-67">
         <name>.text</name>
         <load_address>0x6284</load_address>
         <run_address>0x6284</run_address>
         <size>0x98</size>
         <input_file_ref idref="fl-7"/>
      </object_component>
      <object_component id="oc-c">
         <name>.text:decompress:lzss:__TI_decompress_lzss</name>
         <load_address>0x631c</load_address>
         <run_address>0x631c</run_address>
         <size>0x90</size>
         <input_file_ref idref="fl-d4"/>
      </object_component>
      <object_component id="oc-db">
         <name>.text:__TI_auto_init_nobinit_nopinit:__TI_auto_init_nobinit_nopinit</name>
         <load_address>0x63ac</load_address>
         <run_address>0x63ac</run_address>
         <size>0x68</size>
         <input_file_ref idref="fl-d0"/>
      </object_component>
      <object_component id="oc-56">
         <name>.text:decompress:ZI:__TI_zero_init_nomemset:__TI_zero_init_nomemset</name>
         <load_address>0x6414</load_address>
         <run_address>0x6414</run_address>
         <size>0x20</size>
         <input_file_ref idref="fl-d2"/>
      </object_component>
      <object_component id="oc-12">
         <name>.text:decompress:none:__TI_decompress_none</name>
         <load_address>0x6434</load_address>
         <run_address>0x6434</run_address>
         <size>0x14</size>
         <input_file_ref idref="fl-d3"/>
      </object_component>
      <object_component id="oc-11b">
         <name>.text:abort:abort</name>
         <load_address>0x6448</load_address>
         <run_address>0x6448</run_address>
         <size>0x8</size>
         <input_file_ref idref="fl-d5"/>
      </object_component>
      <object_component id="oc-2d">
         <name>.text:retain</name>
         <load_address>0x6450</load_address>
         <run_address>0x6450</run_address>
         <size>0x4</size>
         <input_file_ref idref="fl-10"/>
      </object_component>
      <object_component id="oc-25">
         <name>.const:s_vim_init</name>
         <load_address>0x6460</load_address>
         <run_address>0x6460</run_address>
         <size>0x200</size>
         <input_file_ref idref="fl-14"/>
      </object_component>
      <object_component id="oc-237">
         <name>__TI_handler_table</name>
         <load_address>0x6660</load_address>
         <run_address>0x6660</run_address>
         <size>0xc</size>
      </object_component>
      <object_component id="oc-239">
         <name>.cinit..bss.load</name>
         <load_address>0x6670</load_address>
         <run_address>0x6670</run_address>
         <size>0x8</size>
      </object_component>
      <object_component id="oc-23a">
         <name>.cinit..data.load</name>
         <load_address>0x6678</load_address>
         <run_address>0x6678</run_address>
         <size>0x7</size>
      </object_component>
      <object_component id="oc-238">
         <name>__TI_cinit_table</name>
         <load_address>0x6680</load_address>
         <run_address>0x6680</run_address>
         <size>0x10</size>
      </object_component>
      <object_component id="oc-1a5">
         <name>.bss:g_sciTransfer_t</name>
         <uninitialized>true</uninitialized>
         <run_address>0x8001500</run_address>
         <size>0x50</size>
         <input_file_ref idref="fl-9"/>
      </object_component>
      <object_component id="oc-117">
         <name>.data</name>
         <load_address>0x8001550</load_address>
         <run_address>0x8001550</run_address>
         <size>0x10</size>
         <input_file_ref idref="fl-d"/>
      </object_component>
      <object_component id="oc-15b">
         <name>.debug_info</name>
         <load_address>0x0</load_address>
         <run_address>0x0</run_address>
         <size>0x378</size>
         <input_file_ref idref="fl-2"/>
      </object_component>
      <object_component id="oc-cd">
         <name>.debug_info</name>
         <load_address>0x378</load_address>
         <run_address>0x378</run_address>
         <size>0x429</size>
         <input_file_ref idref="fl-2"/>
      </object_component>
      <object_component id="oc-12e">
         <name>.debug_info</name>
         <load_address>0x7a1</load_address>
         <run_address>0x7a1</run_address>
         <size>0x26b</size>
         <input_file_ref idref="fl-2"/>
      </object_component>
      <object_component id="oc-88">
         <name>.debug_info</name>
         <load_address>0xa0c</load_address>
         <run_address>0xa0c</run_address>
         <size>0x157</size>
         <input_file_ref idref="fl-2"/>
      </object_component>
      <object_component id="oc-98">
         <name>.debug_info</name>
         <load_address>0xb63</load_address>
         <run_address>0xb63</run_address>
         <size>0x8b</size>
         <input_file_ref idref="fl-2"/>
      </object_component>
      <object_component id="oc-93">
         <name>.debug_info</name>
         <load_address>0xbee</load_address>
         <run_address>0xbee</run_address>
         <size>0x18c</size>
         <input_file_ref idref="fl-2"/>
      </object_component>
      <object_component id="oc-1bd">
         <name>.debug_info</name>
         <load_address>0xd7a</load_address>
         <run_address>0xd7a</run_address>
         <size>0x297</size>
         <input_file_ref idref="fl-2"/>
      </object_component>
      <object_component id="oc-127">
         <name>.debug_info</name>
         <load_address>0x1011</load_address>
         <run_address>0x1011</run_address>
         <size>0xbb</size>
         <input_file_ref idref="fl-2"/>
      </object_component>
      <object_component id="oc-9d">
         <name>.debug_info</name>
         <load_address>0x10cc</load_address>
         <run_address>0x10cc</run_address>
         <size>0x86</size>
         <input_file_ref idref="fl-2"/>
      </object_component>
      <object_component id="oc-133">
         <name>.debug_info</name>
         <load_address>0x1152</load_address>
         <run_address>0x1152</run_address>
         <size>0x102</size>
         <input_file_ref idref="fl-2"/>
      </object_component>
      <object_component id="oc-172">
         <name>.debug_info</name>
         <load_address>0x1254</load_address>
         <run_address>0x1254</run_address>
         <size>0x142</size>
         <input_file_ref idref="fl-2"/>
      </object_component>
      <object_component id="oc-138">
         <name>.debug_info</name>
         <load_address>0x1396</load_address>
         <run_address>0x1396</run_address>
         <size>0x285</size>
         <input_file_ref idref="fl-2"/>
      </object_component>
      <object_component id="oc-13d">
         <name>.debug_info</name>
         <load_address>0x161b</load_address>
         <run_address>0x161b</run_address>
         <size>0x44a</size>
         <input_file_ref idref="fl-2"/>
      </object_component>
      <object_component id="oc-142">
         <name>.debug_info</name>
         <load_address>0x1a65</load_address>
         <run_address>0x1a65</run_address>
         <size>0x1f9</size>
         <input_file_ref idref="fl-2"/>
      </object_component>
      <object_component id="oc-147">
         <name>.debug_info</name>
         <load_address>0x1c5e</load_address>
         <run_address>0x1c5e</run_address>
         <size>0x152</size>
         <input_file_ref idref="fl-2"/>
      </object_component>
      <object_component id="oc-14c">
         <name>.debug_info</name>
         <load_address>0x1db0</load_address>
         <run_address>0x1db0</run_address>
         <size>0x70a</size>
         <input_file_ref idref="fl-2"/>
      </object_component>
      <object_component id="oc-151">
         <name>.debug_info</name>
         <load_address>0x24ba</load_address>
         <run_address>0x24ba</run_address>
         <size>0x36d</size>
         <input_file_ref idref="fl-2"/>
      </object_component>
      <object_component id="oc-d9">
         <name>.debug_info</name>
         <load_address>0x2827</load_address>
         <run_address>0x2827</run_address>
         <size>0x344</size>
         <input_file_ref idref="fl-4"/>
      </object_component>
      <object_component id="oc-74">
         <name>.debug_info</name>
         <load_address>0x2b6b</load_address>
         <run_address>0x2b6b</run_address>
         <size>0x10b9</size>
         <input_file_ref idref="fl-4"/>
      </object_component>
      <object_component id="oc-20">
         <name>.debug_info</name>
         <load_address>0x3c24</load_address>
         <run_address>0x3c24</run_address>
         <size>0x1a1</size>
         <input_file_ref idref="fl-4"/>
      </object_component>
      <object_component id="oc-d4">
         <name>.debug_info</name>
         <load_address>0x3dc5</load_address>
         <run_address>0x3dc5</run_address>
         <size>0x168</size>
         <input_file_ref idref="fl-4"/>
      </object_component>
      <object_component id="oc-1ab">
         <name>.debug_info</name>
         <load_address>0x3f2d</load_address>
         <run_address>0x3f2d</run_address>
         <size>0x300</size>
         <input_file_ref idref="fl-5"/>
      </object_component>
      <object_component id="oc-112">
         <name>.debug_info</name>
         <load_address>0x422d</load_address>
         <run_address>0x422d</run_address>
         <size>0x2867</size>
         <input_file_ref idref="fl-5"/>
      </object_component>
      <object_component id="oc-1ac">
         <name>.debug_info</name>
         <load_address>0x6a94</load_address>
         <run_address>0x6a94</run_address>
         <size>0xc6d</size>
         <input_file_ref idref="fl-5"/>
      </object_component>
      <object_component id="oc-177">
         <name>.debug_info</name>
         <load_address>0x7701</load_address>
         <run_address>0x7701</run_address>
         <size>0x396</size>
         <input_file_ref idref="fl-5"/>
      </object_component>
      <object_component id="oc-189">
         <name>.debug_info</name>
         <load_address>0x7a97</load_address>
         <run_address>0x7a97</run_address>
         <size>0x199</size>
         <input_file_ref idref="fl-5"/>
      </object_component>
      <object_component id="oc-c0">
         <name>.debug_info</name>
         <load_address>0x7c30</load_address>
         <run_address>0x7c30</run_address>
         <size>0x390</size>
         <input_file_ref idref="fl-7"/>
      </object_component>
      <object_component id="oc-68">
         <name>.debug_info</name>
         <load_address>0x7fc0</load_address>
         <run_address>0x7fc0</run_address>
         <size>0x778</size>
         <input_file_ref idref="fl-7"/>
      </object_component>
      <object_component id="oc-16d">
         <name>.debug_info</name>
         <load_address>0x8738</load_address>
         <run_address>0x8738</run_address>
         <size>0xadd</size>
         <input_file_ref idref="fl-7"/>
      </object_component>
      <object_component id="oc-c1">
         <name>.debug_info</name>
         <load_address>0x9215</load_address>
         <run_address>0x9215</run_address>
         <size>0x6eb</size>
         <input_file_ref idref="fl-7"/>
      </object_component>
      <object_component id="oc-17c">
         <name>.debug_info</name>
         <load_address>0x9900</load_address>
         <run_address>0x9900</run_address>
         <size>0x243</size>
         <input_file_ref idref="fl-7"/>
      </object_component>
      <object_component id="oc-1e8">
         <name>.debug_info</name>
         <load_address>0x9b43</load_address>
         <run_address>0x9b43</run_address>
         <size>0x18e</size>
         <input_file_ref idref="fl-7"/>
      </object_component>
      <object_component id="oc-c7">
         <name>.debug_info</name>
         <load_address>0x9cd1</load_address>
         <run_address>0x9cd1</run_address>
         <size>0x115</size>
         <input_file_ref idref="fl-8"/>
      </object_component>
      <object_component id="oc-1a9">
         <name>.debug_info</name>
         <load_address>0x9de6</load_address>
         <run_address>0x9de6</run_address>
         <size>0x2f6</size>
         <input_file_ref idref="fl-9"/>
      </object_component>
      <object_component id="oc-1a6">
         <name>.debug_info</name>
         <load_address>0xa0dc</load_address>
         <run_address>0xa0dc</run_address>
         <size>0xde</size>
         <input_file_ref idref="fl-9"/>
      </object_component>
      <object_component id="oc-10c">
         <name>.debug_info</name>
         <load_address>0xa1ba</load_address>
         <run_address>0xa1ba</run_address>
         <size>0xc96</size>
         <input_file_ref idref="fl-9"/>
      </object_component>
      <object_component id="oc-1e3">
         <name>.debug_info</name>
         <load_address>0xae50</load_address>
         <run_address>0xae50</run_address>
         <size>0x91</size>
         <input_file_ref idref="fl-9"/>
      </object_component>
      <object_component id="oc-63">
         <name>.debug_info</name>
         <load_address>0xaee1</load_address>
         <run_address>0xaee1</run_address>
         <size>0x80b</size>
         <input_file_ref idref="fl-a"/>
      </object_component>
      <object_component id="oc-29">
         <name>.debug_info</name>
         <load_address>0xb6ec</load_address>
         <run_address>0xb6ec</run_address>
         <size>0x101</size>
         <input_file_ref idref="fl-c"/>
      </object_component>
      <object_component id="oc-118">
         <name>.debug_info</name>
         <load_address>0xb7ed</load_address>
         <run_address>0xb7ed</run_address>
         <size>0x13b</size>
         <input_file_ref idref="fl-d"/>
      </object_component>
      <object_component id="oc-80">
         <name>.debug_info</name>
         <load_address>0xb928</load_address>
         <run_address>0xb928</run_address>
         <size>0x337</size>
         <input_file_ref idref="fl-d"/>
      </object_component>
      <object_component id="oc-7a">
         <name>.debug_info</name>
         <load_address>0xbc5f</load_address>
         <run_address>0xbc5f</run_address>
         <size>0x438</size>
         <input_file_ref idref="fl-e"/>
      </object_component>
      <object_component id="oc-1c4">
         <name>.debug_info</name>
         <load_address>0xc097</load_address>
         <run_address>0xc097</run_address>
         <size>0x2ec</size>
         <input_file_ref idref="fl-f"/>
      </object_component>
      <object_component id="oc-184">
         <name>.debug_info</name>
         <load_address>0xc383</load_address>
         <run_address>0xc383</run_address>
         <size>0x457</size>
         <input_file_ref idref="fl-f"/>
      </object_component>
      <object_component id="oc-2e">
         <name>.debug_info</name>
         <load_address>0xc7da</load_address>
         <run_address>0xc7da</run_address>
         <size>0x136</size>
         <input_file_ref idref="fl-10"/>
      </object_component>
      <object_component id="oc-1a">
         <name>.debug_info</name>
         <load_address>0xc910</load_address>
         <run_address>0xc910</run_address>
         <size>0x275</size>
         <input_file_ref idref="fl-13"/>
      </object_component>
      <object_component id="oc-8f">
         <name>.debug_info</name>
         <load_address>0xcb85</load_address>
         <run_address>0xcb85</run_address>
         <size>0x447</size>
         <input_file_ref idref="fl-14"/>
      </object_component>
      <object_component id="oc-26">
         <name>.debug_info</name>
         <load_address>0xcfcc</load_address>
         <run_address>0xcfcc</run_address>
         <size>0xd8</size>
         <input_file_ref idref="fl-14"/>
      </object_component>
      <object_component id="oc-35">
         <name>.debug_info</name>
         <load_address>0xd0a4</load_address>
         <run_address>0xd0a4</run_address>
         <size>0x488</size>
         <input_file_ref idref="fl-14"/>
      </object_component>
      <object_component id="oc-3a">
         <name>.debug_info</name>
         <load_address>0xd52c</load_address>
         <run_address>0xd52c</run_address>
         <size>0x1f3</size>
         <input_file_ref idref="fl-14"/>
      </object_component>
      <object_component id="oc-156">
         <name>.debug_info</name>
         <load_address>0xd71f</load_address>
         <run_address>0xd71f</run_address>
         <size>0x4f</size>
         <input_file_ref idref="fl-14"/>
      </object_component>
      <object_component id="oc-d2">
         <name>.debug_info</name>
         <load_address>0xd76e</load_address>
         <run_address>0xd76e</run_address>
         <size>0x3da</size>
         <input_file_ref idref="fl-15"/>
      </object_component>
      <object_component id="oc-6e">
         <name>.debug_info</name>
         <load_address>0xdb48</load_address>
         <run_address>0xdb48</run_address>
         <size>0x588</size>
         <input_file_ref idref="fl-15"/>
      </object_component>
      <object_component id="oc-1de">
         <name>.debug_info</name>
         <load_address>0xe0d0</load_address>
         <run_address>0xe0d0</run_address>
         <size>0x268</size>
         <input_file_ref idref="fl-cf"/>
      </object_component>
      <object_component id="oc-1a0">
         <name>.debug_info</name>
         <load_address>0xe338</load_address>
         <run_address>0xe338</run_address>
         <size>0x179</size>
         <input_file_ref idref="fl-cf"/>
      </object_component>
      <object_component id="oc-45">
         <name>.debug_info</name>
         <load_address>0xe4b1</load_address>
         <run_address>0xe4b1</run_address>
         <size>0x84</size>
         <input_file_ref idref="fl-cf"/>
      </object_component>
      <object_component id="oc-20b">
         <name>.debug_info</name>
         <load_address>0xe535</load_address>
         <run_address>0xe535</run_address>
         <size>0x46</size>
         <input_file_ref idref="fl-cf"/>
      </object_component>
      <object_component id="oc-1d9">
         <name>.debug_info</name>
         <load_address>0xe57b</load_address>
         <run_address>0xe57b</run_address>
         <size>0x39</size>
         <input_file_ref idref="fl-cf"/>
      </object_component>
      <object_component id="oc-191">
         <name>.debug_info</name>
         <load_address>0xe5b4</load_address>
         <run_address>0xe5b4</run_address>
         <size>0x52b</size>
         <input_file_ref idref="fl-d0"/>
      </object_component>
      <object_component id="oc-df">
         <name>.debug_info</name>
         <load_address>0xeadf</load_address>
         <run_address>0xeadf</run_address>
         <size>0x17f</size>
         <input_file_ref idref="fl-d0"/>
      </object_component>
      <object_component id="oc-1c7">
         <name>.debug_info</name>
         <load_address>0xec5e</load_address>
         <run_address>0xec5e</run_address>
         <size>0x39</size>
         <input_file_ref idref="fl-d0"/>
      </object_component>
      <object_component id="oc-1ff">
         <name>.debug_info</name>
         <load_address>0xec97</load_address>
         <run_address>0xec97</run_address>
         <size>0x39</size>
         <input_file_ref idref="fl-d0"/>
      </object_component>
      <object_component id="oc-1cc">
         <name>.debug_info</name>
         <load_address>0xecd0</load_address>
         <run_address>0xecd0</run_address>
         <size>0x39</size>
         <input_file_ref idref="fl-d0"/>
      </object_component>
      <object_component id="oc-1d1">
         <name>.debug_info</name>
         <load_address>0xed09</load_address>
         <run_address>0xed09</run_address>
         <size>0xcd</size>
         <input_file_ref idref="fl-d0"/>
      </object_component>
      <object_component id="oc-b7">
         <name>.debug_info</name>
         <load_address>0xedd6</load_address>
         <run_address>0xedd6</run_address>
         <size>0x2f2</size>
         <input_file_ref idref="fl-d2"/>
      </object_component>
      <object_component id="oc-57">
         <name>.debug_info</name>
         <load_address>0xf0c8</load_address>
         <run_address>0xf0c8</run_address>
         <size>0x198</size>
         <input_file_ref idref="fl-d2"/>
      </object_component>
      <object_component id="oc-b2">
         <name>.debug_info</name>
         <load_address>0xf260</load_address>
         <run_address>0xf260</run_address>
         <size>0x46</size>
         <input_file_ref idref="fl-d2"/>
      </object_component>
      <object_component id="oc-163">
         <name>.debug_info</name>
         <load_address>0xf2a6</load_address>
         <run_address>0xf2a6</run_address>
         <size>0x2c</size>
         <input_file_ref idref="fl-d2"/>
      </object_component>
      <object_component id="oc-55">
         <name>.debug_info</name>
         <load_address>0xf2d2</load_address>
         <run_address>0xf2d2</run_address>
         <size>0x27c</size>
         <input_file_ref idref="fl-d3"/>
      </object_component>
      <object_component id="oc-13">
         <name>.debug_info</name>
         <load_address>0xf54e</load_address>
         <run_address>0xf54e</run_address>
         <size>0x1ae</size>
         <input_file_ref idref="fl-d3"/>
      </object_component>
      <object_component id="oc-50">
         <name>.debug_info</name>
         <load_address>0xf6fc</load_address>
         <run_address>0xf6fc</run_address>
         <size>0x46</size>
         <input_file_ref idref="fl-d3"/>
      </object_component>
      <object_component id="oc-aa">
         <name>.debug_info</name>
         <load_address>0xf742</load_address>
         <run_address>0xf742</run_address>
         <size>0x2c</size>
         <input_file_ref idref="fl-d3"/>
      </object_component>
      <object_component id="oc-a8">
         <name>.debug_info</name>
         <load_address>0xf76e</load_address>
         <run_address>0xf76e</run_address>
         <size>0x277</size>
         <input_file_ref idref="fl-d4"/>
      </object_component>
      <object_component id="oc-d">
         <name>.debug_info</name>
         <load_address>0xf9e5</load_address>
         <run_address>0xf9e5</run_address>
         <size>0x229</size>
         <input_file_ref idref="fl-d4"/>
      </object_component>
      <object_component id="oc-40">
         <name>.debug_info</name>
         <load_address>0xfc0e</load_address>
         <run_address>0xfc0e</run_address>
         <size>0x60</size>
         <input_file_ref idref="fl-d4"/>
      </object_component>
      <object_component id="oc-15c">
         <name>.debug_info</name>
         <load_address>0xfc6e</load_address>
         <run_address>0xfc6e</run_address>
         <size>0x46</size>
         <input_file_ref idref="fl-d4"/>
      </object_component>
      <object_component id="oc-a3">
         <name>.debug_info</name>
         <load_address>0xfcb4</load_address>
         <run_address>0xfcb4</run_address>
         <size>0x39</size>
         <input_file_ref idref="fl-d4"/>
      </object_component>
      <object_component id="oc-11c">
         <name>.debug_info</name>
         <load_address>0xfced</load_address>
         <run_address>0xfced</run_address>
         <size>0xfb</size>
         <input_file_ref idref="fl-d5"/>
      </object_component>
      <object_component id="oc-4b">
         <name>.debug_info</name>
         <load_address>0xfde8</load_address>
         <run_address>0xfde8</run_address>
         <size>0x160</size>
         <input_file_ref idref="fl-d7"/>
      </object_component>
      <object_component id="oc-23b">
         <name>.debug_info</name>
         <load_address>0xff48</load_address>
         <run_address>0xff48</run_address>
         <size>0x9a</size>
      </object_component>
      <object_component id="oc-1c3">
         <name>.debug_line</name>
         <load_address>0x0</load_address>
         <run_address>0x0</run_address>
         <size>0x20</size>
         <input_file_ref idref="fl-2"/>
      </object_component>
      <object_component id="oc-d0">
         <name>.debug_line</name>
         <load_address>0x20</load_address>
         <run_address>0x20</run_address>
         <size>0x5b</size>
         <input_file_ref idref="fl-2"/>
      </object_component>
      <object_component id="oc-131">
         <name>.debug_line</name>
         <load_address>0x7b</load_address>
         <run_address>0x7b</run_address>
         <size>0x72</size>
         <input_file_ref idref="fl-2"/>
      </object_component>
      <object_component id="oc-8b">
         <name>.debug_line</name>
         <load_address>0xed</load_address>
         <run_address>0xed</run_address>
         <size>0x61</size>
         <input_file_ref idref="fl-2"/>
      </object_component>
      <object_component id="oc-9b">
         <name>.debug_line</name>
         <load_address>0x14e</load_address>
         <run_address>0x14e</run_address>
         <size>0x20</size>
         <input_file_ref idref="fl-2"/>
      </object_component>
      <object_component id="oc-96">
         <name>.debug_line</name>
         <load_address>0x16e</load_address>
         <run_address>0x16e</run_address>
         <size>0x5c</size>
         <input_file_ref idref="fl-2"/>
      </object_component>
      <object_component id="oc-1c0">
         <name>.debug_line</name>
         <load_address>0x1ca</load_address>
         <run_address>0x1ca</run_address>
         <size>0x76</size>
         <input_file_ref idref="fl-2"/>
      </object_component>
      <object_component id="oc-12a">
         <name>.debug_line</name>
         <load_address>0x240</load_address>
         <run_address>0x240</run_address>
         <size>0x73</size>
         <input_file_ref idref="fl-2"/>
      </object_component>
      <object_component id="oc-a0">
         <name>.debug_line</name>
         <load_address>0x2b3</load_address>
         <run_address>0x2b3</run_address>
         <size>0x5f</size>
         <input_file_ref idref="fl-2"/>
      </object_component>
      <object_component id="oc-136">
         <name>.debug_line</name>
         <load_address>0x312</load_address>
         <run_address>0x312</run_address>
         <size>0x5e</size>
         <input_file_ref idref="fl-2"/>
      </object_component>
      <object_component id="oc-175">
         <name>.debug_line</name>
         <load_address>0x370</load_address>
         <run_address>0x370</run_address>
         <size>0x5c</size>
         <input_file_ref idref="fl-2"/>
      </object_component>
      <object_component id="oc-13b">
         <name>.debug_line</name>
         <load_address>0x3cc</load_address>
         <run_address>0x3cc</run_address>
         <size>0x5c</size>
         <input_file_ref idref="fl-2"/>
      </object_component>
      <object_component id="oc-140">
         <name>.debug_line</name>
         <load_address>0x428</load_address>
         <run_address>0x428</run_address>
         <size>0x5e</size>
         <input_file_ref idref="fl-2"/>
      </object_component>
      <object_component id="oc-145">
         <name>.debug_line</name>
         <load_address>0x486</load_address>
         <run_address>0x486</run_address>
         <size>0x5c</size>
         <input_file_ref idref="fl-2"/>
      </object_component>
      <object_component id="oc-14a">
         <name>.debug_line</name>
         <load_address>0x4e2</load_address>
         <run_address>0x4e2</run_address>
         <size>0x5f</size>
         <input_file_ref idref="fl-2"/>
      </object_component>
      <object_component id="oc-14f">
         <name>.debug_line</name>
         <load_address>0x541</load_address>
         <run_address>0x541</run_address>
         <size>0x5f</size>
         <input_file_ref idref="fl-2"/>
      </object_component>
      <object_component id="oc-154">
         <name>.debug_line</name>
         <load_address>0x5a0</load_address>
         <run_address>0x5a0</run_address>
         <size>0x5c</size>
         <input_file_ref idref="fl-2"/>
      </object_component>
      <object_component id="oc-18f">
         <name>.debug_line</name>
         <load_address>0x5fc</load_address>
         <run_address>0x5fc</run_address>
         <size>0x58</size>
         <input_file_ref idref="fl-4"/>
      </object_component>
      <object_component id="oc-77">
         <name>.debug_line</name>
         <load_address>0x654</load_address>
         <run_address>0x654</run_address>
         <size>0x365</size>
         <input_file_ref idref="fl-4"/>
      </object_component>
      <object_component id="oc-23">
         <name>.debug_line</name>
         <load_address>0x9b9</load_address>
         <run_address>0x9b9</run_address>
         <size>0x7c</size>
         <input_file_ref idref="fl-4"/>
      </object_component>
      <object_component id="oc-d7">
         <name>.debug_line</name>
         <load_address>0xa35</load_address>
         <run_address>0xa35</run_address>
         <size>0x58</size>
         <input_file_ref idref="fl-4"/>
      </object_component>
      <object_component id="oc-1ee">
         <name>.debug_line</name>
         <load_address>0xa8d</load_address>
         <run_address>0xa8d</run_address>
         <size>0x20</size>
         <input_file_ref idref="fl-5"/>
      </object_component>
      <object_component id="oc-115">
         <name>.debug_line</name>
         <load_address>0xaad</load_address>
         <run_address>0xaad</run_address>
         <size>0x7d5</size>
         <input_file_ref idref="fl-5"/>
      </object_component>
      <object_component id="oc-1af">
         <name>.debug_line</name>
         <load_address>0x1282</load_address>
         <run_address>0x1282</run_address>
         <size>0x5a</size>
         <input_file_ref idref="fl-5"/>
      </object_component>
      <object_component id="oc-17a">
         <name>.debug_line</name>
         <load_address>0x12dc</load_address>
         <run_address>0x12dc</run_address>
         <size>0x5e</size>
         <input_file_ref idref="fl-5"/>
      </object_component>
      <object_component id="oc-18c">
         <name>.debug_line</name>
         <load_address>0x133a</load_address>
         <run_address>0x133a</run_address>
         <size>0x5f</size>
         <input_file_ref idref="fl-5"/>
      </object_component>
      <object_component id="oc-16c">
         <name>.debug_line</name>
         <load_address>0x1399</load_address>
         <run_address>0x1399</run_address>
         <size>0x20</size>
         <input_file_ref idref="fl-7"/>
      </object_component>
      <object_component id="oc-6b">
         <name>.debug_line</name>
         <load_address>0x13b9</load_address>
         <run_address>0x13b9</run_address>
         <size>0x103</size>
         <input_file_ref idref="fl-7"/>
      </object_component>
      <object_component id="oc-170">
         <name>.debug_line</name>
         <load_address>0x14bc</load_address>
         <run_address>0x14bc</run_address>
         <size>0x5c</size>
         <input_file_ref idref="fl-7"/>
      </object_component>
      <object_component id="oc-c4">
         <name>.debug_line</name>
         <load_address>0x1518</load_address>
         <run_address>0x1518</run_address>
         <size>0x5c</size>
         <input_file_ref idref="fl-7"/>
      </object_component>
      <object_component id="oc-17f">
         <name>.debug_line</name>
         <load_address>0x1574</load_address>
         <run_address>0x1574</run_address>
         <size>0x5c</size>
         <input_file_ref idref="fl-7"/>
      </object_component>
      <object_component id="oc-1eb">
         <name>.debug_line</name>
         <load_address>0x15d0</load_address>
         <run_address>0x15d0</run_address>
         <size>0x58</size>
         <input_file_ref idref="fl-7"/>
      </object_component>
      <object_component id="oc-ca">
         <name>.debug_line</name>
         <load_address>0x1628</load_address>
         <run_address>0x1628</run_address>
         <size>0xdc</size>
         <input_file_ref idref="fl-8"/>
      </object_component>
      <object_component id="oc-1e2">
         <name>.debug_line</name>
         <load_address>0x1704</load_address>
         <run_address>0x1704</run_address>
         <size>0x6c</size>
         <input_file_ref idref="fl-9"/>
      </object_component>
      <object_component id="oc-1e0">
         <name>.debug_line</name>
         <load_address>0x1770</load_address>
         <run_address>0x1770</run_address>
         <size>0x36</size>
         <input_file_ref idref="fl-9"/>
      </object_component>
      <object_component id="oc-10f">
         <name>.debug_line</name>
         <load_address>0x17a6</load_address>
         <run_address>0x17a6</run_address>
         <size>0x2c0</size>
         <input_file_ref idref="fl-9"/>
      </object_component>
      <object_component id="oc-1e6">
         <name>.debug_line</name>
         <load_address>0x1a66</load_address>
         <run_address>0x1a66</run_address>
         <size>0x36</size>
         <input_file_ref idref="fl-9"/>
      </object_component>
      <object_component id="oc-66">
         <name>.debug_line</name>
         <load_address>0x1a9c</load_address>
         <run_address>0x1a9c</run_address>
         <size>0x2f2</size>
         <input_file_ref idref="fl-a"/>
      </object_component>
      <object_component id="oc-2c">
         <name>.debug_line</name>
         <load_address>0x1d8e</load_address>
         <run_address>0x1d8e</run_address>
         <size>0x52</size>
         <input_file_ref idref="fl-c"/>
      </object_component>
      <object_component id="oc-1b2">
         <name>.debug_line</name>
         <load_address>0x1de0</load_address>
         <run_address>0x1de0</run_address>
         <size>0x3b</size>
         <input_file_ref idref="fl-d"/>
      </object_component>
      <object_component id="oc-83">
         <name>.debug_line</name>
         <load_address>0x1e1b</load_address>
         <run_address>0x1e1b</run_address>
         <size>0xfe</size>
         <input_file_ref idref="fl-d"/>
      </object_component>
      <object_component id="oc-7d">
         <name>.debug_line</name>
         <load_address>0x1f19</load_address>
         <run_address>0x1f19</run_address>
         <size>0x1f3</size>
         <input_file_ref idref="fl-e"/>
      </object_component>
      <object_component id="oc-1fe">
         <name>.debug_line</name>
         <load_address>0x210c</load_address>
         <run_address>0x210c</run_address>
         <size>0x20</size>
         <input_file_ref idref="fl-f"/>
      </object_component>
      <object_component id="oc-187">
         <name>.debug_line</name>
         <load_address>0x212c</load_address>
         <run_address>0x212c</run_address>
         <size>0x5c</size>
         <input_file_ref idref="fl-f"/>
      </object_component>
      <object_component id="oc-31">
         <name>.debug_line</name>
         <load_address>0x2188</load_address>
         <run_address>0x2188</run_address>
         <size>0x4e</size>
         <input_file_ref idref="fl-10"/>
      </object_component>
      <object_component id="oc-1d">
         <name>.debug_line</name>
         <load_address>0x21d6</load_address>
         <run_address>0x21d6</run_address>
         <size>0x7b</size>
         <input_file_ref idref="fl-13"/>
      </object_component>
      <object_component id="oc-12d">
         <name>.debug_line</name>
         <load_address>0x2251</load_address>
         <run_address>0x2251</run_address>
         <size>0x94</size>
         <input_file_ref idref="fl-14"/>
      </object_component>
      <object_component id="oc-8e">
         <name>.debug_line</name>
         <load_address>0x22e5</load_address>
         <run_address>0x22e5</run_address>
         <size>0x3a</size>
         <input_file_ref idref="fl-14"/>
      </object_component>
      <object_component id="oc-38">
         <name>.debug_line</name>
         <load_address>0x231f</load_address>
         <run_address>0x231f</run_address>
         <size>0x1b2</size>
         <input_file_ref idref="fl-14"/>
      </object_component>
      <object_component id="oc-3d">
         <name>.debug_line</name>
         <load_address>0x24d1</load_address>
         <run_address>0x24d1</run_address>
         <size>0xbc</size>
         <input_file_ref idref="fl-14"/>
      </object_component>
      <object_component id="oc-159">
         <name>.debug_line</name>
         <load_address>0x258d</load_address>
         <run_address>0x258d</run_address>
         <size>0x3a</size>
         <input_file_ref idref="fl-14"/>
      </object_component>
      <object_component id="oc-183">
         <name>.debug_line</name>
         <load_address>0x25c7</load_address>
         <run_address>0x25c7</run_address>
         <size>0x98</size>
         <input_file_ref idref="fl-15"/>
      </object_component>
      <object_component id="oc-71">
         <name>.debug_line</name>
         <load_address>0x265f</load_address>
         <run_address>0x265f</run_address>
         <size>0x21e</size>
         <input_file_ref idref="fl-15"/>
      </object_component>
      <object_component id="oc-211">
         <name>.debug_line</name>
         <load_address>0x287d</load_address>
         <run_address>0x287d</run_address>
         <size>0x20</size>
         <input_file_ref idref="fl-cf"/>
      </object_component>
      <object_component id="oc-1a3">
         <name>.debug_line</name>
         <load_address>0x289d</load_address>
         <run_address>0x289d</run_address>
         <size>0xc0</size>
         <input_file_ref idref="fl-cf"/>
      </object_component>
      <object_component id="oc-48">
         <name>.debug_line</name>
         <load_address>0x295d</load_address>
         <run_address>0x295d</run_address>
         <size>0x20</size>
         <input_file_ref idref="fl-cf"/>
      </object_component>
      <object_component id="oc-20e">
         <name>.debug_line</name>
         <load_address>0x297d</load_address>
         <run_address>0x297d</run_address>
         <size>0x76</size>
         <input_file_ref idref="fl-cf"/>
      </object_component>
      <object_component id="oc-1dc">
         <name>.debug_line</name>
         <load_address>0x29f3</load_address>
         <run_address>0x29f3</run_address>
         <size>0x73</size>
         <input_file_ref idref="fl-cf"/>
      </object_component>
      <object_component id="oc-1c6">
         <name>.debug_line</name>
         <load_address>0x2a66</load_address>
         <run_address>0x2a66</run_address>
         <size>0x9b</size>
         <input_file_ref idref="fl-d0"/>
      </object_component>
      <object_component id="oc-de">
         <name>.debug_line</name>
         <load_address>0x2b01</load_address>
         <run_address>0x2b01</run_address>
         <size>0x7c</size>
         <input_file_ref idref="fl-d0"/>
      </object_component>
      <object_component id="oc-1ca">
         <name>.debug_line</name>
         <load_address>0x2b7d</load_address>
         <run_address>0x2b7d</run_address>
         <size>0x2e</size>
         <input_file_ref idref="fl-d0"/>
      </object_component>
      <object_component id="oc-202">
         <name>.debug_line</name>
         <load_address>0x2bab</load_address>
         <run_address>0x2bab</run_address>
         <size>0x76</size>
         <input_file_ref idref="fl-d0"/>
      </object_component>
      <object_component id="oc-1cf">
         <name>.debug_line</name>
         <load_address>0x2c21</load_address>
         <run_address>0x2c21</run_address>
         <size>0x73</size>
         <input_file_ref idref="fl-d0"/>
      </object_component>
      <object_component id="oc-1d4">
         <name>.debug_line</name>
         <load_address>0x2c94</load_address>
         <run_address>0x2c94</run_address>
         <size>0x6f</size>
         <input_file_ref idref="fl-d0"/>
      </object_component>
      <object_component id="oc-169">
         <name>.debug_line</name>
         <load_address>0x2d03</load_address>
         <run_address>0x2d03</run_address>
         <size>0x82</size>
         <input_file_ref idref="fl-d2"/>
      </object_component>
      <object_component id="oc-5a">
         <name>.debug_line</name>
         <load_address>0x2d85</load_address>
         <run_address>0x2d85</run_address>
         <size>0x4f</size>
         <input_file_ref idref="fl-d2"/>
      </object_component>
      <object_component id="oc-b5">
         <name>.debug_line</name>
         <load_address>0x2dd4</load_address>
         <run_address>0x2dd4</run_address>
         <size>0x34</size>
         <input_file_ref idref="fl-d2"/>
      </object_component>
      <object_component id="oc-166">
         <name>.debug_line</name>
         <load_address>0x2e08</load_address>
         <run_address>0x2e08</run_address>
         <size>0x6e</size>
         <input_file_ref idref="fl-d2"/>
      </object_component>
      <object_component id="oc-b0">
         <name>.debug_line</name>
         <load_address>0x2e76</load_address>
         <run_address>0x2e76</run_address>
         <size>0x20</size>
         <input_file_ref idref="fl-d3"/>
      </object_component>
      <object_component id="oc-16">
         <name>.debug_line</name>
         <load_address>0x2e96</load_address>
         <run_address>0x2e96</run_address>
         <size>0x55</size>
         <input_file_ref idref="fl-d3"/>
      </object_component>
      <object_component id="oc-53">
         <name>.debug_line</name>
         <load_address>0x2eeb</load_address>
         <run_address>0x2eeb</run_address>
         <size>0x3a</size>
         <input_file_ref idref="fl-d3"/>
      </object_component>
      <object_component id="oc-ad">
         <name>.debug_line</name>
         <load_address>0x2f25</load_address>
         <run_address>0x2f25</run_address>
         <size>0x6e</size>
         <input_file_ref idref="fl-d3"/>
      </object_component>
      <object_component id="oc-162">
         <name>.debug_line</name>
         <load_address>0x2f93</load_address>
         <run_address>0x2f93</run_address>
         <size>0x20</size>
         <input_file_ref idref="fl-d4"/>
      </object_component>
      <object_component id="oc-10">
         <name>.debug_line</name>
         <load_address>0x2fb3</load_address>
         <run_address>0x2fb3</run_address>
         <size>0xb2</size>
         <input_file_ref idref="fl-d4"/>
      </object_component>
      <object_component id="oc-43">
         <name>.debug_line</name>
         <load_address>0x3065</load_address>
         <run_address>0x3065</run_address>
         <size>0x3a</size>
         <input_file_ref idref="fl-d4"/>
      </object_component>
      <object_component id="oc-15f">
         <name>.debug_line</name>
         <load_address>0x309f</load_address>
         <run_address>0x309f</run_address>
         <size>0x76</size>
         <input_file_ref idref="fl-d4"/>
      </object_component>
      <object_component id="oc-a6">
         <name>.debug_line</name>
         <load_address>0x3115</load_address>
         <run_address>0x3115</run_address>
         <size>0x72</size>
         <input_file_ref idref="fl-d4"/>
      </object_component>
      <object_component id="oc-11f">
         <name>.debug_line</name>
         <load_address>0x3187</load_address>
         <run_address>0x3187</run_address>
         <size>0x3c</size>
         <input_file_ref idref="fl-d5"/>
      </object_component>
      <object_component id="oc-4e">
         <name>.debug_line</name>
         <load_address>0x31c3</load_address>
         <run_address>0x31c3</run_address>
         <size>0x9a</size>
         <input_file_ref idref="fl-d7"/>
      </object_component>
      <object_component id="oc-1c2">
         <name>.debug_abbrev</name>
         <load_address>0x0</load_address>
         <run_address>0x0</run_address>
         <size>0x5f</size>
         <input_file_ref idref="fl-2"/>
      </object_component>
      <object_component id="oc-cf">
         <name>.debug_abbrev</name>
         <load_address>0x5f</load_address>
         <run_address>0x5f</run_address>
         <size>0xba</size>
         <input_file_ref idref="fl-2"/>
      </object_component>
      <object_component id="oc-130">
         <name>.debug_abbrev</name>
         <load_address>0x119</load_address>
         <run_address>0x119</run_address>
         <size>0x69</size>
         <input_file_ref idref="fl-2"/>
      </object_component>
      <object_component id="oc-8a">
         <name>.debug_abbrev</name>
         <load_address>0x182</load_address>
         <run_address>0x182</run_address>
         <size>0x5a</size>
         <input_file_ref idref="fl-2"/>
      </object_component>
      <object_component id="oc-9a">
         <name>.debug_abbrev</name>
         <load_address>0x1dc</load_address>
         <run_address>0x1dc</run_address>
         <size>0x1f</size>
         <input_file_ref idref="fl-2"/>
      </object_component>
      <object_component id="oc-95">
         <name>.debug_abbrev</name>
         <load_address>0x1fb</load_address>
         <run_address>0x1fb</run_address>
         <size>0x7c</size>
         <input_file_ref idref="fl-2"/>
      </object_component>
      <object_component id="oc-1bf">
         <name>.debug_abbrev</name>
         <load_address>0x277</load_address>
         <run_address>0x277</run_address>
         <size>0x5c</size>
         <input_file_ref idref="fl-2"/>
      </object_component>
      <object_component id="oc-129">
         <name>.debug_abbrev</name>
         <load_address>0x2d3</load_address>
         <run_address>0x2d3</run_address>
         <size>0x24</size>
         <input_file_ref idref="fl-2"/>
      </object_component>
      <object_component id="oc-9f">
         <name>.debug_abbrev</name>
         <load_address>0x2f7</load_address>
         <run_address>0x2f7</run_address>
         <size>0x55</size>
         <input_file_ref idref="fl-2"/>
      </object_component>
      <object_component id="oc-135">
         <name>.debug_abbrev</name>
         <load_address>0x34c</load_address>
         <run_address>0x34c</run_address>
         <size>0x4b</size>
         <input_file_ref idref="fl-2"/>
      </object_component>
      <object_component id="oc-174">
         <name>.debug_abbrev</name>
         <load_address>0x397</load_address>
         <run_address>0x397</run_address>
         <size>0x4b</size>
         <input_file_ref idref="fl-2"/>
      </object_component>
      <object_component id="oc-13a">
         <name>.debug_abbrev</name>
         <load_address>0x3e2</load_address>
         <run_address>0x3e2</run_address>
         <size>0x4b</size>
         <input_file_ref idref="fl-2"/>
      </object_component>
      <object_component id="oc-13f">
         <name>.debug_abbrev</name>
         <load_address>0x42d</load_address>
         <run_address>0x42d</run_address>
         <size>0x4b</size>
         <input_file_ref idref="fl-2"/>
      </object_component>
      <object_component id="oc-144">
         <name>.debug_abbrev</name>
         <load_address>0x478</load_address>
         <run_address>0x478</run_address>
         <size>0x4b</size>
         <input_file_ref idref="fl-2"/>
      </object_component>
      <object_component id="oc-149">
         <name>.debug_abbrev</name>
         <load_address>0x4c3</load_address>
         <run_address>0x4c3</run_address>
         <size>0x4b</size>
         <input_file_ref idref="fl-2"/>
      </object_component>
      <object_component id="oc-14e">
         <name>.debug_abbrev</name>
         <load_address>0x50e</load_address>
         <run_address>0x50e</run_address>
         <size>0x5c</size>
         <input_file_ref idref="fl-2"/>
      </object_component>
      <object_component id="oc-153">
         <name>.debug_abbrev</name>
         <load_address>0x56a</load_address>
         <run_address>0x56a</run_address>
         <size>0x4b</size>
         <input_file_ref idref="fl-2"/>
      </object_component>
      <object_component id="oc-18e">
         <name>.debug_abbrev</name>
         <load_address>0x5b5</load_address>
         <run_address>0x5b5</run_address>
         <size>0x76</size>
         <input_file_ref idref="fl-4"/>
      </object_component>
      <object_component id="oc-d3">
         <name>.debug_abbrev</name>
         <load_address>0x62b</load_address>
         <run_address>0x62b</run_address>
         <size>0xc8</size>
         <input_file_ref idref="fl-4"/>
      </object_component>
      <object_component id="oc-87">
         <name>.debug_abbrev</name>
         <load_address>0x6f3</load_address>
         <run_address>0x6f3</run_address>
         <size>0x6f</size>
         <input_file_ref idref="fl-4"/>
      </object_component>
      <object_component id="oc-d6">
         <name>.debug_abbrev</name>
         <load_address>0x762</load_address>
         <run_address>0x762</run_address>
         <size>0x6b</size>
         <input_file_ref idref="fl-4"/>
      </object_component>
      <object_component id="oc-1ed">
         <name>.debug_abbrev</name>
         <load_address>0x7cd</load_address>
         <run_address>0x7cd</run_address>
         <size>0x5f</size>
         <input_file_ref idref="fl-5"/>
      </object_component>
      <object_component id="oc-1aa">
         <name>.debug_abbrev</name>
         <load_address>0x82c</load_address>
         <run_address>0x82c</run_address>
         <size>0xd6</size>
         <input_file_ref idref="fl-5"/>
      </object_component>
      <object_component id="oc-1ae">
         <name>.debug_abbrev</name>
         <load_address>0x902</load_address>
         <run_address>0x902</run_address>
         <size>0xdb</size>
         <input_file_ref idref="fl-5"/>
      </object_component>
      <object_component id="oc-179">
         <name>.debug_abbrev</name>
         <load_address>0x9dd</load_address>
         <run_address>0x9dd</run_address>
         <size>0x4b</size>
         <input_file_ref idref="fl-5"/>
      </object_component>
      <object_component id="oc-18b">
         <name>.debug_abbrev</name>
         <load_address>0xa28</load_address>
         <run_address>0xa28</run_address>
         <size>0x4b</size>
         <input_file_ref idref="fl-5"/>
      </object_component>
      <object_component id="oc-16b">
         <name>.debug_abbrev</name>
         <load_address>0xa73</load_address>
         <run_address>0xa73</run_address>
         <size>0x4f</size>
         <input_file_ref idref="fl-7"/>
      </object_component>
      <object_component id="oc-bf">
         <name>.debug_abbrev</name>
         <load_address>0xac2</load_address>
         <run_address>0xac2</run_address>
         <size>0x6c</size>
         <input_file_ref idref="fl-7"/>
      </object_component>
      <object_component id="oc-16f">
         <name>.debug_abbrev</name>
         <load_address>0xb2e</load_address>
         <run_address>0xb2e</run_address>
         <size>0x7f</size>
         <input_file_ref idref="fl-7"/>
      </object_component>
      <object_component id="oc-c3">
         <name>.debug_abbrev</name>
         <load_address>0xbad</load_address>
         <run_address>0xbad</run_address>
         <size>0x6b</size>
         <input_file_ref idref="fl-7"/>
      </object_component>
      <object_component id="oc-17e">
         <name>.debug_abbrev</name>
         <load_address>0xc18</load_address>
         <run_address>0xc18</run_address>
         <size>0x4b</size>
         <input_file_ref idref="fl-7"/>
      </object_component>
      <object_component id="oc-1ea">
         <name>.debug_abbrev</name>
         <load_address>0xc63</load_address>
         <run_address>0xc63</run_address>
         <size>0x89</size>
         <input_file_ref idref="fl-7"/>
      </object_component>
      <object_component id="oc-181">
         <name>.debug_abbrev</name>
         <load_address>0xcec</load_address>
         <run_address>0xcec</run_address>
         <size>0x50</size>
         <input_file_ref idref="fl-8"/>
      </object_component>
      <object_component id="oc-1e1">
         <name>.debug_abbrev</name>
         <load_address>0xd3c</load_address>
         <run_address>0xd3c</run_address>
         <size>0x7e</size>
         <input_file_ref idref="fl-9"/>
      </object_component>
      <object_component id="oc-1df">
         <name>.debug_abbrev</name>
         <load_address>0xdba</load_address>
         <run_address>0xdba</run_address>
         <size>0x27</size>
         <input_file_ref idref="fl-9"/>
      </object_component>
      <object_component id="oc-1a8">
         <name>.debug_abbrev</name>
         <load_address>0xde1</load_address>
         <run_address>0xde1</run_address>
         <size>0x13d</size>
         <input_file_ref idref="fl-9"/>
      </object_component>
      <object_component id="oc-1e5">
         <name>.debug_abbrev</name>
         <load_address>0xf1e</load_address>
         <run_address>0xf1e</run_address>
         <size>0x3a</size>
         <input_file_ref idref="fl-9"/>
      </object_component>
      <object_component id="oc-be">
         <name>.debug_abbrev</name>
         <load_address>0xf58</load_address>
         <run_address>0xf58</run_address>
         <size>0x44</size>
         <input_file_ref idref="fl-a"/>
      </object_component>
      <object_component id="oc-90">
         <name>.debug_abbrev</name>
         <load_address>0xf9c</load_address>
         <run_address>0xf9c</run_address>
         <size>0x38</size>
         <input_file_ref idref="fl-c"/>
      </object_component>
      <object_component id="oc-1b1">
         <name>.debug_abbrev</name>
         <load_address>0xfd4</load_address>
         <run_address>0xfd4</run_address>
         <size>0x29</size>
         <input_file_ref idref="fl-d"/>
      </object_component>
      <object_component id="oc-11a">
         <name>.debug_abbrev</name>
         <load_address>0xffd</load_address>
         <run_address>0xffd</run_address>
         <size>0xa9</size>
         <input_file_ref idref="fl-d"/>
      </object_component>
      <object_component id="oc-da">
         <name>.debug_abbrev</name>
         <load_address>0x10a6</load_address>
         <run_address>0x10a6</run_address>
         <size>0x36</size>
         <input_file_ref idref="fl-e"/>
      </object_component>
      <object_component id="oc-1fd">
         <name>.debug_abbrev</name>
         <load_address>0x10dc</load_address>
         <run_address>0x10dc</run_address>
         <size>0x4f</size>
         <input_file_ref idref="fl-f"/>
      </object_component>
      <object_component id="oc-186">
         <name>.debug_abbrev</name>
         <load_address>0x112b</load_address>
         <run_address>0x112b</run_address>
         <size>0x5a</size>
         <input_file_ref idref="fl-f"/>
      </object_component>
      <object_component id="oc-91">
         <name>.debug_abbrev</name>
         <load_address>0x1185</load_address>
         <run_address>0x1185</run_address>
         <size>0x53</size>
         <input_file_ref idref="fl-10"/>
      </object_component>
      <object_component id="oc-86">
         <name>.debug_abbrev</name>
         <load_address>0x11d8</load_address>
         <run_address>0x11d8</run_address>
         <size>0x55</size>
         <input_file_ref idref="fl-13"/>
      </object_component>
      <object_component id="oc-12c">
         <name>.debug_abbrev</name>
         <load_address>0x122d</load_address>
         <run_address>0x122d</run_address>
         <size>0xab</size>
         <input_file_ref idref="fl-14"/>
      </object_component>
      <object_component id="oc-8d">
         <name>.debug_abbrev</name>
         <load_address>0x12d8</load_address>
         <run_address>0x12d8</run_address>
         <size>0x27</size>
         <input_file_ref idref="fl-14"/>
      </object_component>
      <object_component id="oc-92">
         <name>.debug_abbrev</name>
         <load_address>0x12ff</load_address>
         <run_address>0x12ff</run_address>
         <size>0xa4</size>
         <input_file_ref idref="fl-14"/>
      </object_component>
      <object_component id="oc-a2">
         <name>.debug_abbrev</name>
         <load_address>0x13a3</load_address>
         <run_address>0x13a3</run_address>
         <size>0x6f</size>
         <input_file_ref idref="fl-14"/>
      </object_component>
      <object_component id="oc-158">
         <name>.debug_abbrev</name>
         <load_address>0x1412</load_address>
         <run_address>0x1412</run_address>
         <size>0x4b</size>
         <input_file_ref idref="fl-14"/>
      </object_component>
      <object_component id="oc-182">
         <name>.debug_abbrev</name>
         <load_address>0x145d</load_address>
         <run_address>0x145d</run_address>
         <size>0x77</size>
         <input_file_ref idref="fl-15"/>
      </object_component>
      <object_component id="oc-cc">
         <name>.debug_abbrev</name>
         <load_address>0x14d4</load_address>
         <run_address>0x14d4</run_address>
         <size>0x103</size>
         <input_file_ref idref="fl-15"/>
      </object_component>
      <object_component id="oc-210">
         <name>.debug_abbrev</name>
         <load_address>0x15d7</load_address>
         <run_address>0x15d7</run_address>
         <size>0x25</size>
         <input_file_ref idref="fl-cf"/>
      </object_component>
      <object_component id="oc-1d8">
         <name>.debug_abbrev</name>
         <load_address>0x15fc</load_address>
         <run_address>0x15fc</run_address>
         <size>0x71</size>
         <input_file_ref idref="fl-cf"/>
      </object_component>
      <object_component id="oc-47">
         <name>.debug_abbrev</name>
         <load_address>0x166d</load_address>
         <run_address>0x166d</run_address>
         <size>0x1f</size>
         <input_file_ref idref="fl-cf"/>
      </object_component>
      <object_component id="oc-20d">
         <name>.debug_abbrev</name>
         <load_address>0x168c</load_address>
         <run_address>0x168c</run_address>
         <size>0x24</size>
         <input_file_ref idref="fl-cf"/>
      </object_component>
      <object_component id="oc-1db">
         <name>.debug_abbrev</name>
         <load_address>0x16b0</load_address>
         <run_address>0x16b0</run_address>
         <size>0x24</size>
         <input_file_ref idref="fl-cf"/>
      </object_component>
      <object_component id="oc-1c5">
         <name>.debug_abbrev</name>
         <load_address>0x16d4</load_address>
         <run_address>0x16d4</run_address>
         <size>0xdb</size>
         <input_file_ref idref="fl-d0"/>
      </object_component>
      <object_component id="oc-190">
         <name>.debug_abbrev</name>
         <load_address>0x17af</load_address>
         <run_address>0x17af</run_address>
         <size>0x7e</size>
         <input_file_ref idref="fl-d0"/>
      </object_component>
      <object_component id="oc-1c9">
         <name>.debug_abbrev</name>
         <load_address>0x182d</load_address>
         <run_address>0x182d</run_address>
         <size>0x24</size>
         <input_file_ref idref="fl-d0"/>
      </object_component>
      <object_component id="oc-201">
         <name>.debug_abbrev</name>
         <load_address>0x1851</load_address>
         <run_address>0x1851</run_address>
         <size>0x24</size>
         <input_file_ref idref="fl-d0"/>
      </object_component>
      <object_component id="oc-1ce">
         <name>.debug_abbrev</name>
         <load_address>0x1875</load_address>
         <run_address>0x1875</run_address>
         <size>0x24</size>
         <input_file_ref idref="fl-d0"/>
      </object_component>
      <object_component id="oc-1d3">
         <name>.debug_abbrev</name>
         <load_address>0x1899</load_address>
         <run_address>0x1899</run_address>
         <size>0x4b</size>
         <input_file_ref idref="fl-d0"/>
      </object_component>
      <object_component id="oc-168">
         <name>.debug_abbrev</name>
         <load_address>0x18e4</load_address>
         <run_address>0x18e4</run_address>
         <size>0x73</size>
         <input_file_ref idref="fl-d2"/>
      </object_component>
      <object_component id="oc-b1">
         <name>.debug_abbrev</name>
         <load_address>0x1957</load_address>
         <run_address>0x1957</run_address>
         <size>0x6f</size>
         <input_file_ref idref="fl-d2"/>
      </object_component>
      <object_component id="oc-b4">
         <name>.debug_abbrev</name>
         <load_address>0x19c6</load_address>
         <run_address>0x19c6</run_address>
         <size>0x24</size>
         <input_file_ref idref="fl-d2"/>
      </object_component>
      <object_component id="oc-165">
         <name>.debug_abbrev</name>
         <load_address>0x19ea</load_address>
         <run_address>0x19ea</run_address>
         <size>0x24</size>
         <input_file_ref idref="fl-d2"/>
      </object_component>
      <object_component id="oc-af">
         <name>.debug_abbrev</name>
         <load_address>0x1a0e</load_address>
         <run_address>0x1a0e</run_address>
         <size>0x37</size>
         <input_file_ref idref="fl-d3"/>
      </object_component>
      <object_component id="oc-4f">
         <name>.debug_abbrev</name>
         <load_address>0x1a45</load_address>
         <run_address>0x1a45</run_address>
         <size>0x74</size>
         <input_file_ref idref="fl-d3"/>
      </object_component>
      <object_component id="oc-52">
         <name>.debug_abbrev</name>
         <load_address>0x1ab9</load_address>
         <run_address>0x1ab9</run_address>
         <size>0x24</size>
         <input_file_ref idref="fl-d3"/>
      </object_component>
      <object_component id="oc-ac">
         <name>.debug_abbrev</name>
         <load_address>0x1add</load_address>
         <run_address>0x1add</run_address>
         <size>0x24</size>
         <input_file_ref idref="fl-d3"/>
      </object_component>
      <object_component id="oc-161">
         <name>.debug_abbrev</name>
         <load_address>0x1b01</load_address>
         <run_address>0x1b01</run_address>
         <size>0x37</size>
         <input_file_ref idref="fl-d4"/>
      </object_component>
      <object_component id="oc-3f">
         <name>.debug_abbrev</name>
         <load_address>0x1b38</load_address>
         <run_address>0x1b38</run_address>
         <size>0x6f</size>
         <input_file_ref idref="fl-d4"/>
      </object_component>
      <object_component id="oc-42">
         <name>.debug_abbrev</name>
         <load_address>0x1ba7</load_address>
         <run_address>0x1ba7</run_address>
         <size>0x24</size>
         <input_file_ref idref="fl-d4"/>
      </object_component>
      <object_component id="oc-15e">
         <name>.debug_abbrev</name>
         <load_address>0x1bcb</load_address>
         <run_address>0x1bcb</run_address>
         <size>0x35</size>
         <input_file_ref idref="fl-d4"/>
      </object_component>
      <object_component id="oc-a5">
         <name>.debug_abbrev</name>
         <load_address>0x1c00</load_address>
         <run_address>0x1c00</run_address>
         <size>0x24</size>
         <input_file_ref idref="fl-d4"/>
      </object_component>
      <object_component id="oc-1b3">
         <name>.debug_abbrev</name>
         <load_address>0x1c24</load_address>
         <run_address>0x1c24</run_address>
         <size>0x45</size>
         <input_file_ref idref="fl-d5"/>
      </object_component>
      <object_component id="oc-a9">
         <name>.debug_abbrev</name>
         <load_address>0x1c69</load_address>
         <run_address>0x1c69</run_address>
         <size>0x4c</size>
         <input_file_ref idref="fl-d7"/>
      </object_component>
      <object_component id="oc-23c">
         <name>.debug_abbrev</name>
         <load_address>0x1cb5</load_address>
         <run_address>0x1cb5</run_address>
         <size>0xf</size>
      </object_component>
      <object_component id="oc-d1">
         <name>.debug_str</name>
         <load_address>0x0</load_address>
         <run_address>0x0</run_address>
         <size>0x44e</size>
         <input_file_ref idref="fl-2"/>
      </object_component>
      <object_component id="oc-132">
         <name>.debug_str</name>
         <load_address>0x44e</load_address>
         <run_address>0x44e</run_address>
         <size>0x2ab</size>
         <input_file_ref idref="fl-2"/>
      </object_component>
      <object_component id="oc-8c">
         <name>.debug_str</name>
         <load_address>0x6f9</load_address>
         <run_address>0x6f9</run_address>
         <size>0x195</size>
         <input_file_ref idref="fl-2"/>
      </object_component>
      <object_component id="oc-9c">
         <name>.debug_str</name>
         <load_address>0x88e</load_address>
         <run_address>0x88e</run_address>
         <size>0xfc</size>
         <input_file_ref idref="fl-2"/>
      </object_component>
      <object_component id="oc-97">
         <name>.debug_str</name>
         <load_address>0x98a</load_address>
         <run_address>0x98a</run_address>
         <size>0x219</size>
         <input_file_ref idref="fl-2"/>
      </object_component>
      <object_component id="oc-1c1">
         <name>.debug_str</name>
         <load_address>0xba3</load_address>
         <run_address>0xba3</run_address>
         <size>0x33a</size>
         <input_file_ref idref="fl-2"/>
      </object_component>
      <object_component id="oc-12b">
         <name>.debug_str</name>
         <load_address>0xedd</load_address>
         <run_address>0xedd</run_address>
         <size>0x143</size>
         <input_file_ref idref="fl-2"/>
      </object_component>
      <object_component id="oc-a1">
         <name>.debug_str</name>
         <load_address>0x1020</load_address>
         <run_address>0x1020</run_address>
         <size>0x143</size>
         <input_file_ref idref="fl-2"/>
      </object_component>
      <object_component id="oc-137">
         <name>.debug_str</name>
         <load_address>0x1163</load_address>
         <run_address>0x1163</run_address>
         <size>0x133</size>
         <input_file_ref idref="fl-2"/>
      </object_component>
      <object_component id="oc-176">
         <name>.debug_str</name>
         <load_address>0x1296</load_address>
         <run_address>0x1296</run_address>
         <size>0x152</size>
         <input_file_ref idref="fl-2"/>
      </object_component>
      <object_component id="oc-13c">
         <name>.debug_str</name>
         <load_address>0x13e8</load_address>
         <run_address>0x13e8</run_address>
         <size>0x183</size>
         <input_file_ref idref="fl-2"/>
      </object_component>
      <object_component id="oc-141">
         <name>.debug_str</name>
         <load_address>0x156b</load_address>
         <run_address>0x156b</run_address>
         <size>0x2a4</size>
         <input_file_ref idref="fl-2"/>
      </object_component>
      <object_component id="oc-146">
         <name>.debug_str</name>
         <load_address>0x180f</load_address>
         <run_address>0x180f</run_address>
         <size>0x157</size>
         <input_file_ref idref="fl-2"/>
      </object_component>
      <object_component id="oc-14b">
         <name>.debug_str</name>
         <load_address>0x1966</load_address>
         <run_address>0x1966</run_address>
         <size>0x17a</size>
         <input_file_ref idref="fl-2"/>
      </object_component>
      <object_component id="oc-150">
         <name>.debug_str</name>
         <load_address>0x1ae0</load_address>
         <run_address>0x1ae0</run_address>
         <size>0x354</size>
         <input_file_ref idref="fl-2"/>
      </object_component>
      <object_component id="oc-155">
         <name>.debug_str</name>
         <load_address>0x1e34</load_address>
         <run_address>0x1e34</run_address>
         <size>0x258</size>
         <input_file_ref idref="fl-2"/>
      </object_component>
      <object_component id="oc-d8">
         <name>.debug_str</name>
         <load_address>0x208c</load_address>
         <run_address>0x208c</run_address>
         <size>0x1e3</size>
         <input_file_ref idref="fl-4"/>
      </object_component>
      <object_component id="oc-1b0">
         <name>.debug_str</name>
         <load_address>0x226f</load_address>
         <run_address>0x226f</run_address>
         <size>0x105a</size>
         <input_file_ref idref="fl-5"/>
      </object_component>
      <object_component id="oc-17b">
         <name>.debug_str</name>
         <load_address>0x32c9</load_address>
         <run_address>0x32c9</run_address>
         <size>0x204</size>
         <input_file_ref idref="fl-5"/>
      </object_component>
      <object_component id="oc-18d">
         <name>.debug_str</name>
         <load_address>0x34cd</load_address>
         <run_address>0x34cd</run_address>
         <size>0x1a9</size>
         <input_file_ref idref="fl-5"/>
      </object_component>
      <object_component id="oc-171">
         <name>.debug_str</name>
         <load_address>0x3676</load_address>
         <run_address>0x3676</run_address>
         <size>0x4be</size>
         <input_file_ref idref="fl-7"/>
      </object_component>
      <object_component id="oc-c5">
         <name>.debug_str</name>
         <load_address>0x3b34</load_address>
         <run_address>0x3b34</run_address>
         <size>0x779</size>
         <input_file_ref idref="fl-7"/>
      </object_component>
      <object_component id="oc-180">
         <name>.debug_str</name>
[...]
         <value>0x63c</value>
         <object_component_ref idref="oc-111"/>
      </symbol>
      <symbol id="sm-236">
         <name>etpwmClearTripCondition</name>
         <value>0x98c</value>
         <object_component_ref idref="oc-111"/>
      </symbol>
      <symbol id="sm-237">
         <name>etpwmDisableCmpBShadowMode</name>
         <value>0x67c</value>
         <object_component_ref idref="oc-111"/>
      </symbol>
      <symbol id="sm-238">
         <name>etpwmTriggerEvent</name>
         <value>0xbdc</value>
         <object_component_ref idref="oc-111"/>
      </symbol>
      <symbol id="sm-239">
         <name>etpwmTriggerSWSync</name>
         <value>0x548</value>
         <object_component_ref idref="oc-111"/>
      </symbol>
      <symbol id="sm-23a">
         <name>etpwmEnableSOCA</name>
         <value>0x9e8</value>
         <object_component_ref idref="oc-111"/>
      </symbol>
      <symbol id="sm-23b">
         <name>etpwmEnableSOCB</name>
         <value>0xa80</value>
         <object_component_ref idref="oc-111"/>
      </symbol>
      <symbol id="sm-23c">
         <name>etpwmDisableCmpAShadowMode</name>
         <value>0x61c</value>
         <object_component_ref idref="oc-111"/>
      </symbol>
      <symbol id="sm-23d">
         <name>etpwmEnableChopping</name>
         <value>0x81c</value>
         <object_component_ref idref="oc-111"/>
      </symbol>
      <symbol id="sm-268">
         <name>sciNotification</name>
         <value>0x62d0</value>
         <object_component_ref idref="oc-67"/>
      </symbol>
      <symbol id="sm-269">
         <name>etpwmTripNotification</name>
         <value>0x62f4</value>
         <object_component_ref idref="oc-67"/>
      </symbol>
      <symbol id="sm-26a">
         <name>epcFIFOFullNotification</name>
         <value>0x630c</value>
         <object_component_ref idref="oc-67"/>
      </symbol>
      <symbol id="sm-26b">
         <name>esmGroup2Notification</name>
         <value>0x6298</value>
         <object_component_ref idref="oc-67"/>
      </symbol>
      <symbol id="sm-26c">
         <name>epcCAMFullNotification</name>
         <value>0x6308</value>
         <object_component_ref idref="oc-67"/>
      </symbol>
      <symbol id="sm-26d">
         <name>esmGroup1Notification</name>
         <value>0x6284</value>
         <object_component_ref idref="oc-67"/>
      </symbol>
      <symbol id="sm-26e">
         <name>etpwmNotification</name>
         <value>0x62e4</value>
         <object_component_ref idref="oc-67"/>
      </symbol>
      <symbol id="sm-26f">
         <name>esmGroup3Notification</name>
         <value>0x62ac</value>
         <object_component_ref idref="oc-67"/>
      </symbol>
      <symbol id="sm-270">
         <name>dmaGroupANotification</name>
         <value>0x62bc</value>
         <object_component_ref idref="oc-67"/>
      </symbol>
      <symbol id="sm-2d7">
         <name>muxInit</name>
         <value>0x2378</value>
         <object_component_ref idref="oc-c6"/>
      </symbol>
      <symbol id="sm-336">
         <name>sciIsTxReady</name>
         <value>0x4178</value>
         <object_component_ref idref="oc-10b"/>
      </symbol>
      <symbol id="sm-337">
         <name>sci1GetConfigValue</name>
         <value>0x468c</value>
         <object_component_ref idref="oc-10b"/>
      </symbol>
      <symbol id="sm-338">
         <name>sciDisableLoopback</name>
         <value>0x4500</value>
         <object_component_ref idref="oc-10b"/>
      </symbol>
      <symbol id="sm-339">
         <name>sciIsRxReady</name>
         <value>0x4328</value>
         <object_component_ref idref="oc-10b"/>
      </symbol>
      <symbol id="sm-33a">
         <name>sciSetBaudrate</name>
         <value>0x40dc</value>
         <object_component_ref idref="oc-10b"/>
      </symbol>
      <symbol id="sm-33b">
         <name>sciInit</name>
         <value>0x3fd0</value>
         <object_component_ref idref="oc-10b"/>
      </symbol>
      <symbol id="sm-33c">
         <name>sciEnableNotification</name>
         <value>0x451c</value>
         <object_component_ref idref="oc-10b"/>
      </symbol>
      <symbol id="sm-33d">
         <name>sciReceive</name>
         <value>0x43bc</value>
         <object_component_ref idref="oc-10b"/>
      </symbol>
      <symbol id="sm-33e">
         <name>sciExitResetState</name>
         <value>0x466c</value>
         <object_component_ref idref="oc-10b"/>
      </symbol>
      <symbol id="sm-33f">
         <name>sciSetFunctional</name>
         <value>0x40bc</value>
         <object_component_ref idref="oc-10b"/>
      </symbol>
      <symbol id="sm-340">
         <name>sciDisableNotification</name>
         <value>0x45b4</value>
         <object_component_ref idref="oc-10b"/>
      </symbol>
      <symbol id="sm-341">
         <name>sciSend</name>
         <value>0x41c4</value>
         <object_component_ref idref="oc-10b"/>
      </symbol>
      <symbol id="sm-342">
         <name>sciRxError</name>
         <value>0x4360</value>
         <object_component_ref idref="oc-10b"/>
      </symbol>
      <symbol id="sm-343">
         <name>sciReceiveByte</name>
         <value>0x4390</value>
         <object_component_ref idref="oc-10b"/>
      </symbol>
      <symbol id="sm-344">
         <name>sciSendByte</name>
         <value>0x4194</value>
         <object_component_ref idref="oc-10b"/>
      </symbol>
      <symbol id="sm-345">
         <name>sciEnableLoopback</name>
         <value>0x44cc</value>
         <object_component_ref idref="oc-10b"/>
      </symbol>
      <symbol id="sm-346">
         <name>sciIsIdleDetected</name>
         <value>0x4344</value>
         <object_component_ref idref="oc-10b"/>
      </symbol>
      <symbol id="sm-347">
         <name>sciEnterResetState</name>
         <value>0x464c</value>
         <object_component_ref idref="oc-10b"/>
      </symbol>
      <symbol id="sm-373">
         <name>_iCacheInvalidate_</name>
         <value>0x5374</value>
         <object_component_ref idref="oc-62"/>
      </symbol>
      <symbol id="sm-374">
         <name>_disable_IRQ_interrupt_</name>
         <value>0x5204</value>
         <object_component_ref idref="oc-62"/>
      </symbol>
      <symbol id="sm-375">
         <name>_coreGetInstructionFaultAddress_</name>
         <value>0x51c8</value>
         <object_component_ref idref="oc-62"/>
      </symbol>
      <symbol id="sm-376">
         <name>_coreGetDataFault_</name>
         <value>0x518c</value>
         <object_component_ref idref="oc-62"/>
      </symbol>
      <symbol id="sm-377">
         <name>_coreDisableEventBusExport_</name>
         <value>0x516c</value>
         <object_component_ref idref="oc-62"/>
      </symbol>
      <symbol id="sm-378">
         <name>_coreClearDataFaultAddress_</name>
         <value>0x51bc</value>
         <object_component_ref idref="oc-62"/>
      </symbol>
      <symbol id="sm-379">
         <name>__TI_PINIT_Base</name>
         <value>0x5388</value>
         <object_component_ref idref="oc-62"/>
      </symbol>
      <symbol id="sm-37a">
         <name>_coreInitRegisters_</name>
         <value>0x4fcc</value>
         <object_component_ref idref="oc-62"/>
      </symbol>
      <symbol id="sm-37b">
         <name>_coreClearInstructionFaultAddress_</name>
         <value>0x51d0</value>
         <object_component_ref idref="oc-62"/>
      </symbol>
      <symbol id="sm-37c">
         <name>_coreClearDataFault_</name>
         <value>0x5194</value>
         <object_component_ref idref="oc-62"/>
      </symbol>
      <symbol id="sm-37d">
         <name>_coreGetAuxiliaryDataFault_</name>
         <value>0x51dc</value>
         <object_component_ref idref="oc-62"/>
      </symbol>
      <symbol id="sm-37e">
         <name>_enable_interrupt_</name>
         <value>0x5214</value>
         <object_component_ref idref="oc-62"/>
      </symbol>
      <symbol id="sm-37f">
         <name>_coreClearAuxiliaryInstructionFault_</name>
         <value>0x51f8</value>
         <object_component_ref idref="oc-62"/>
      </symbol>
      <symbol id="sm-380">
         <name>_memInit_</name>
         <value>0x52a4</value>
         <object_component_ref idref="oc-62"/>
      </symbol>
      <symbol id="sm-381">
         <name>_dCacheInvalidate_</name>
         <value>0x5360</value>
         <object_component_ref idref="oc-62"/>
      </symbol>
      <symbol id="sm-382">
         <name>_coreGetDataFaultAddress_</name>
         <value>0x51b4</value>
         <object_component_ref idref="oc-62"/>
      </symbol>
      <symbol id="sm-383">
         <name>_coreClearInstructionFault_</name>
         <value>0x51a8</value>
         <object_component_ref idref="oc-62"/>
      </symbol>
      <symbol id="sm-384">
         <name>_getCPSRValue_</name>
         <value>0x5124</value>
         <object_component_ref idref="oc-62"/>
      </symbol>
      <symbol id="sm-385">
         <name>_cacheDisable_</name>
         <value>0x533c</value>
         <object_component_ref idref="oc-62"/>
      </symbol>
      <symbol id="sm-386">
         <name>_enable_IRQ_interrupt_</name>
         <value>0x520c</value>
         <object_component_ref idref="oc-62"/>
      </symbol>
      <symbol id="sm-387">
         <name>__TI_PINIT_Limit</name>
         <value>0x538c</value>
         <object_component_ref idref="oc-62"/>
      </symbol>
      <symbol id="sm-388">
         <name>_coreGetAuxiliaryInstructionFault_</name>
         <value>0x51f0</value>
         <object_component_ref idref="oc-62"/>
      </symbol>
      <symbol id="sm-389">
         <name>_coreInitStackPointer_</name>
         <value>0x50d8</value>
         <object_component_ref idref="oc-62"/>
      </symbol>
      <symbol id="sm-38a">
         <name>_esmCcmErrorsClear_</name>
         <value>0x521c</value>
         <object_component_ref idref="oc-62"/>
      </symbol>
      <symbol id="sm-38b">
         <name>_gotoCPUIdle_</name>
         <value>0x512c</value>
         <object_component_ref idref="oc-62"/>
      </symbol>
      <symbol id="sm-38c">
         <name>_coreEnableIrqVicOffset_</name>
         <value>0x517c</value>
         <object_component_ref idref="oc-62"/>
      </symbol>
      <symbol id="sm-38d">
         <name>_coreGetInstructionFault_</name>
         <value>0x51a0</value>
         <object_component_ref idref="oc-62"/>
      </symbol>
      <symbol id="sm-38e">
         <name>_cacheEnable_</name>
         <value>0x52f8</value>
         <object_component_ref idref="oc-62"/>
      </symbol>
      <symbol id="sm-38f">
         <name>_coreEnableVfp_</name>
         <value>0x5144</value>
         <object_component_ref idref="oc-62"/>
      </symbol>
      <symbol id="sm-390">
         <name>_coreClearAuxiliaryDataFault_</name>
         <value>0x51e4</value>
         <object_component_ref idref="oc-62"/>
      </symbol>
      <symbol id="sm-391">
         <name>_coreEnableEventBusExport_</name>
         <value>0x515c</value>
         <object_component_ref idref="oc-62"/>
      </symbol>
      <symbol id="sm-392">
         <name>_checkMemInitOn_</name>
         <value>0x52d8</value>
         <object_component_ref idref="oc-62"/>
      </symbol>
      <symbol id="sm-3a0">
         <name>resetEntry</name>
         <value>0x0</value>
         <object_component_ref idref="oc-28"/>
      </symbol>
      <symbol id="sm-3d7">
         <name>etpwm6B</name>
         <value>0x8001558</value>
         <object_component_ref idref="oc-117"/>
      </symbol>
      <symbol id="sm-3d8">
         <name>receive_data</name>
         <value>0x800155c</value>
         <object_component_ref idref="oc-117"/>
      </symbol>
      <symbol id="sm-3d9">
         <name>catch_command</name>
         <value>0x56fc</value>
         <object_component_ref idref="oc-7f"/>
      </symbol>
      <symbol id="sm-3da">
         <name>main</name>
         <value>0x5768</value>
         <object_component_ref idref="oc-7f"/>
      </symbol>
      <symbol id="sm-3db">
         <name>wait</name>
         <value>0x5724</value>
         <object_component_ref idref="oc-7f"/>
      </symbol>
      <symbol id="sm-3dc">
         <name>etpwm1B</name>
         <value>0x8001554</value>
         <object_component_ref idref="oc-117"/>
      </symbol>
      <symbol id="sm-3dd">
         <name>etpwm4A</name>
         <value>0x8001550</value>
         <object_component_ref idref="oc-117"/>
      </symbol>
      <symbol id="sm-3f8">
         <name>_mpuSetRegionBaseAddress_</name>
         <value>0x56c0</value>
         <object_component_ref idref="oc-79"/>
      </symbol>
      <symbol id="sm-3f9">
         <name>_mpuInit_</name>
         <value>0x5390</value>
         <object_component_ref idref="oc-79"/>
      </symbol>
      <symbol id="sm-3fa">
         <name>_mpuSetRegionSizeRegister_</name>
         <value>0x56f4</value>
         <object_component_ref idref="oc-79"/>
      </symbol>
      <symbol id="sm-3fb">
         <name>_mpuDisableBackgroundRegion_</name>
         <value>0x5688</value>
         <object_component_ref idref="oc-79"/>
      </symbol>
      <symbol id="sm-3fc">
         <name>_mpuSetRegionTypeAndPermission_</name>
         <value>0x56d0</value>
         <object_component_ref idref="oc-79"/>
      </symbol>
      <symbol id="sm-3fd">
         <name>_mpuGetRegionPermission_</name>
         <value>0x56e8</value>
         <object_component_ref idref="oc-79"/>
      </symbol>
      <symbol id="sm-3fe">
         <name>_mpuEnable_</name>
         <value>0x5648</value>
         <object_component_ref idref="oc-79"/>
      </symbol>
      <symbol id="sm-3ff">
         <name>_mpuGetNumberOfRegions_</name>
         <value>0x5698</value>
         <object_component_ref idref="oc-79"/>
      </symbol>
      <symbol id="sm-400">
         <name>_mpuAreRegionsSeparate_</name>
         <value>0x56a4</value>
         <object_component_ref idref="oc-79"/>
      </symbol>
      <symbol id="sm-401">
         <name>_mpuEnableBackgroundRegion_</name>
         <value>0x5678</value>
         <object_component_ref idref="oc-79"/>
      </symbol>
      <symbol id="sm-402">
         <name>_mpuGetRegionType_</name>
         <value>0x56dc</value>
         <object_component_ref idref="oc-79"/>
      </symbol>
      <symbol id="sm-403">
         <name>_mpuDisable_</name>
         <value>0x5660</value>
         <object_component_ref idref="oc-79"/>
      </symbol>
      <symbol id="sm-404">
         <name>_mpuGetRegionBaseAddress_</name>
         <value>0x56c8</value>
         <object_component_ref idref="oc-79"/>
      </symbol>
      <symbol id="sm-405">
         <name>_mpuSetRegion_</name>
         <value>0x56b0</value>
         <object_component_ref idref="oc-79"/>
      </symbol>
      <symbol id="sm-406">
         <name>_mpuGetRegion_</name>
         <value>0x56b8</value>
         <object_component_ref idref="oc-79"/>
      </symbol>
      <symbol id="sm-419">
         <name>phantomInterrupt</name>
         <value>0x6450</value>
         <object_component_ref idref="oc-2d"/>
      </symbol>
      <symbol id="sm-42d">
         <name>_c_int00</name>
         <value>0x61d0</value>
         <object_component_ref idref="oc-19"/>
      </symbol>
      <symbol id="sm-4d0">
         <name>vimChannelMap</name>
         <value>0x376c</value>
         <object_component_ref idref="oc-34"/>
      </symbol>
      <symbol id="sm-4d1">
         <name>vimInit</name>
         <value>0x3698</value>
         <object_component_ref idref="oc-34"/>
      </symbol>
      <symbol id="sm-4d2">
         <name>vimEnableInterrupt</name>
         <value>0x3810</value>
         <object_component_ref idref="oc-34"/>
      </symbol>
      <symbol id="sm-4d3">
         <name>vimDisableInterrupt</name>
         <value>0x39d8</value>
         <object_component_ref idref="oc-34"/>
      </symbol>
      <symbol id="sm-4d4">
         <name>vimGetConfigValue</name>
         <value>0x3a84</value>
         <object_component_ref idref="oc-34"/>
      </symbol>
      <symbol id="sm-4d5">
         <name>vimECCErrorHandler</name>
         <value>0x5a60</value>
         <object_component_ref idref="oc-33"/>
      </symbol>
      <symbol id="sm-523">
         <name>systemGetConfigValue</name>
         <value>0x31d0</value>
         <object_component_ref idref="oc-6d"/>
      </symbol>
      <symbol id="sm-524">
         <name>trimLPO</name>
         <value>0x2d9c</value>
         <object_component_ref idref="oc-6d"/>
      </symbol>
      <symbol id="sm-525">
         <name>systemInit</name>
         <value>0x3004</value>
         <object_component_ref idref="oc-6d"/>
      </symbol>
      <symbol id="sm-526">
         <name>periphInit</name>
         <value>0x2e24</value>
         <object_component_ref idref="oc-6d"/>
      </symbol>
      <symbol id="sm-527">
         <name>setupFlash</name>
         <value>0x2de4</value>
         <object_component_ref idref="oc-6d"/>
      </symbol>
      <symbol id="sm-528">
         <name>setupPLL</name>
         <value>0x2d3c</value>
         <object_component_ref idref="oc-6d"/>
      </symbol>
      <symbol id="sm-529">
         <name>getResetSource</name>
         <value>0x30a8</value>
         <object_component_ref idref="oc-6d"/>
      </symbol>
      <symbol id="sm-52a">
         <name>mapClocks</name>
         <value>0x2ed8</value>
         <object_component_ref idref="oc-6d"/>
      </symbol>
      <symbol id="sm-52b">
         <name>systemPowerDown</name>
         <value>0x3078</value>
         <object_component_ref idref="oc-6d"/>
      </symbol>
      <symbol id="sm-554">
         <name>floorl</name>
         <value>0x6094</value>
         <object_component_ref idref="oc-19f"/>
      </symbol>
      <symbol id="sm-555">
         <name>floor</name>
         <value>0x6094</value>
         <object_component_ref idref="oc-19f"/>
      </symbol>
      <symbol id="sm-57d">
         <name>__TI_auto_init_nobinit_nopinit</name>
         <value>0x63ac</value>
         <object_component_ref idref="oc-db"/>
      </symbol>
      <symbol id="sm-596">
         <name>__TI_zero_init_nomemset</name>
         <value>0x6414</value>
         <object_component_ref idref="oc-56"/>
      </symbol>
      <symbol id="sm-5ad">
         <name>__TI_decompress_none</name>
         <value>0x6434</value>
         <object_component_ref idref="oc-12"/>
      </symbol>
      <symbol id="sm-5d0">
         <name>__TI_decompress_lzss</name>
         <value>0x631c</value>
         <object_component_ref idref="oc-c"/>
      </symbol>
      <symbol id="sm-5db">
         <name>C$$EXIT</name>
         <value>0x6448</value>
         <object_component_ref idref="oc-11b"/>
      </symbol>
      <symbol id="sm-5dc">
         <name>abort</name>
         <value>0x6448</value>
         <object_component_ref idref="oc-11b"/>
      </symbol>
      <symbol id="sm-5f6">
         <name>memcpy</name>
         <value>0x5d9c</value>
         <object_component_ref idref="oc-4a"/>
      </symbol>
      <symbol id="sm-5f7">
         <name>__aeabi_memcpy</name>
         <value>0x5d9c</value>
         <object_component_ref idref="oc-4a"/>
      </symbol>
      <symbol id="sm-5f8">
         <name>__aeabi_memcpy8</name>
         <value>0x5d9c</value>
         <object_component_ref idref="oc-4a"/>
      </symbol>
      <symbol id="sm-5f9">
         <name>__aeabi_memcpy4</name>
         <value>0x5d9c</value>
         <object_component_ref idref="oc-4a"/>
      </symbol>
      <symbol id="sm-5fb">
         <name>__TI_static_base__</name>
         <value>0x0</value>
      </symbol>
      <symbol id="sm-5fe">
         <name>SHT$$INIT_ARRAY$$Base</name>
         <value>0x0</value>
      </symbol>
      <symbol id="sm-5ff">
         <name>SHT$$INIT_ARRAY$$Limit</name>
         <value>0x0</value>
      </symbol>
      <symbol id="sm-600">
         <name>_system_post_cinit</name>
         <value>0x0</value>
      </symbol>
   </symbol_table>
   <title>Link successful</title>
</link_info>
